Archive member included to satisfy reference by file (symbol)

build/cooja/contiki-ng-cooja.a(simEnvChange.o)
                              build/cooja/mtype424400991.o (simDontFallAsleep)
build/cooja/contiki-ng-cooja.a(cooja_mt.o)
                              build/cooja/mtype424400991.o (cooja_mt_start)
build/cooja/contiki-ng-cooja.a(cooja_mtarch.o)
                              build/cooja/contiki-ng-cooja.a(cooja_mt.o) (cooja_mtarch_start)
build/cooja/contiki-ng-cooja.a(rtimer-arch.o)
                              build/cooja/mtype424400991.o (rtimer_arch_check)
build/cooja/contiki-ng-cooja.a(beep.o)
                              build/cooja/mtype424400991.o (beep_interface)
build/cooja/contiki-ng-cooja.a(leds-arch.o)
                              build/cooja/mtype424400991.o (leds_interface)
build/cooja/contiki-ng-cooja.a(moteid.o)
                              build/cooja/mtype424400991.o (moteid_interface)
build/cooja/contiki-ng-cooja.a(pir-sensor.o)
                              build/cooja/mtype424400991.o (pir_interface)
build/cooja/contiki-ng-cooja.a(rs232.o)
                              build/cooja/mtype424400991.o (rs232_interface)
build/cooja/contiki-ng-cooja.a(vib-sensor.o)
                              build/cooja/mtype424400991.o (vib_interface)
build/cooja/contiki-ng-cooja.a(clock.o)
                              build/cooja/mtype424400991.o (clock_interface)
build/cooja/contiki-ng-cooja.a(cooja-log.o)
                              build/cooja/mtype424400991.o (simlog_interface)
build/cooja/contiki-ng-cooja.a(cfs-cooja.o)
                              build/cooja/mtype424400991.o (cfs_interface)
build/cooja/contiki-ng-cooja.a(cooja-radio.o)
                              build/cooja/mtype424400991.o (radio_interface)
build/cooja/contiki-ng-cooja.a(eeprom.o)
                              build/cooja/mtype424400991.o (eeprom_interface)
build/cooja/contiki-ng-cooja.a(random.o)
                              build/cooja/contiki-ng-cooja.a(moteid.o) (random_init)
build/cooja/contiki-ng-cooja.a(sensors.o)
                              build/cooja/contiki-ng-cooja.a(pir-sensor.o) (sensors_changed)
build/cooja/contiki-ng-cooja.a(leds.o)
                              mqtt-sensor.o (leds_off)
build/cooja/contiki-ng-cooja.a(gpio-hal-arch.o)
                              build/cooja/contiki-ng-cooja.a(leds-arch.o) (gpio_hal_arch_register_pin_callback)
build/cooja/contiki-ng-cooja.a(buttons.o)
                              build/cooja/mtype424400991.o (button_interface)
build/cooja/contiki-ng-cooja.a(temperature.o)
                              mqtt-sensor.o (TEMP_SAMPLE_EVENT)
build/cooja/contiki-ng-cooja.a(dust.o)
                              mqtt-sensor.o (DUST_SAMPLE_EVENT)
build/cooja/contiki-ng-cooja.a(regolith.o)
                              mqtt-sensor.o (REGOLITH_SAMPLE_EVENT)
build/cooja/contiki-ng-cooja.a(utils.o)
                              build/cooja/contiki-ng-cooja.a(temperature.o) (rand_sample_range)
build/cooja/contiki-ng-cooja.a(mqtt.o)
                              mqtt-sensor.o (mqtt_register)
build/cooja/contiki-ng-cooja.a(contiki-main.o)
                              build/cooja/mtype424400991.o (main)
build/cooja/contiki-ng-cooja.a(autostart.o)
                              build/cooja/contiki-ng-cooja.a(contiki-main.o) (autostart_start)
build/cooja/contiki-ng-cooja.a(ctimer.o)
                              build/cooja/contiki-ng-cooja.a(contiki-main.o) (ctimer_init)
build/cooja/contiki-ng-cooja.a(energest.o)
                              build/cooja/contiki-ng-cooja.a(contiki-main.o) (energest_init)
build/cooja/contiki-ng-cooja.a(etimer.o)
                              build/cooja/contiki-ng-cooja.a(contiki-main.o) (etimer_process)
build/cooja/contiki-ng-cooja.a(log.o)
                              build/cooja/contiki-ng-cooja.a(contiki-main.o) (curr_log_level_main)
build/cooja/contiki-ng-cooja.a(node-id.o)
                              build/cooja/contiki-ng-cooja.a(contiki-main.o) (node_id)
build/cooja/contiki-ng-cooja.a(process.o)
                              build/cooja/contiki-ng-cooja.a(mqtt.o) (process_current)
build/cooja/contiki-ng-cooja.a(rtimer.o)
                              build/cooja/contiki-ng-cooja.a(contiki-main.o) (rtimer_init)
build/cooja/contiki-ng-cooja.a(timer.o)
                              build/cooja/contiki-ng-cooja.a(mqtt.o) (timer_set)
build/cooja/contiki-ng-cooja.a(list.o)
                              build/cooja/contiki-ng-cooja.a(mqtt.o) (list_init)
build/cooja/contiki-ng-cooja.a(button-hal.o)
                              mqtt-sensor.o (button_hal_press_event)
build/cooja/contiki-ng-cooja.a(gpio-hal.o)
                              build/cooja/contiki-ng-cooja.a(button-hal.o) (gpio_hal_register_handler)
build/cooja/contiki-ng-cooja.a(serial-line.o)
                              build/cooja/contiki-ng-cooja.a(rs232.o) (serial_line_input_byte)
build/cooja/contiki-ng-cooja.a(linkaddr.o)
[...]
Memory Configuration

Name             Origin             Length             Attributes
*default*        0x0000000000000000 0xffffffffffffffff

Linker script and memory map

LOAD /usr/lib/gcc/x86_64-linux-gnu/11/../../../x86_64-linux-gnu/crti.o
LOAD /usr/lib/gcc/x86_64-linux-gnu/11/crtbeginS.o
LOAD mqtt-sensor.o
LOAD build/cooja/mtype424400991.o
LOAD build/cooja/contiki-ng-cooja.a
LOAD /usr/lib/gcc/x86_64-linux-gnu/11/libgcc.a
LOAD /usr/lib/gcc/x86_64-linux-gnu/11/libgcc_s.so
START GROUP
LOAD /usr/lib/gcc/x86_64-linux-gnu/11/../../../x86_64-linux-gnu/libgcc_s.so.1
LOAD /usr/lib/gcc/x86_64-linux-gnu/11/libgcc.a
END GROUP
LOAD /usr/lib/gcc/x86_64-linux-gnu/11/../../../x86_64-linux-gnu/libc.so
START GROUP
LOAD /lib/x86_64-linux-gnu/libc.so.6
LOAD /usr/lib/x86_64-linux-gnu/libc_nonshared.a
LOAD /lib64/ld-linux-x86-64.so.2
END GROUP
LOAD /usr/lib/gcc/x86_64-linux-gnu/11/libgcc.a
LOAD /usr/lib/gcc/x86_64-linux-gnu/11/libgcc_s.so
START GROUP
LOAD /usr/lib/gcc/x86_64-linux-gnu/11/../../../x86_64-linux-gnu/libgcc_s.so.1
LOAD /usr/lib/gcc/x86_64-linux-gnu/11/libgcc.a
END GROUP
LOAD /usr/lib/gcc/x86_64-linux-gnu/11/crtendS.o
LOAD /usr/lib/gcc/x86_64-linux-gnu/11/../../../x86_64-linux-gnu/crtn.o
                0x00000000000002a8                . = (SEGMENT_START ("text-segment", 0x0) + SIZEOF_HEADERS)

.note.gnu.property
                0x00000000000002a8       0x20
 .note.gnu.property
                0x00000000000002a8       0x20 /usr/lib/gcc/x86_64-linux-gnu/11/../../../x86_64-linux-gnu/crti.o

.note.gnu.build-id
                0x00000000000002c8       0x24
 *(.note.gnu.build-id)
 .note.gnu.build-id
                0x00000000000002c8       0x24 /usr/lib/gcc/x86_64-linux-gnu/11/../../../x86_64-linux-gnu/crti.o

.hash
 *(.hash)

.gnu.hash       0x00000000000002f0     0x14f8
 *(.gnu.hash)
 .gnu.hash      0x00000000000002f0     0x14f8 /usr/lib/gcc/x86_64-linux-gnu/11/../../../x86_64-linux-gnu/crti.o

.dynsym         0x00000000000017e8     0x4218
 *(.dynsym)
 .dynsym        0x00000000000017e8     0x4218 /usr/lib/gcc/x86_64-linux-gnu/11/../../../x86_64-linux-gnu/crti.o

.dynstr         0x0000000000005a00     0x31fb
 *(.dynstr)
 .dynstr        0x0000000000005a00     0x31fb /usr/lib/gcc/x86_64-linux-gnu/11/../../../x86_64-linux-gnu/crti.o

.gnu.version    0x0000000000008bfc      0x582
 *(.gnu.version)
 .gnu.version   0x0000000000008bfc      0x582 /usr/lib/gcc/x86_64-linux-gnu/11/../../../x86_64-linux-gnu/crti.o

.gnu.version_d  0x0000000000009180        0x0
 *(.gnu.version_d)
 .gnu.version_d
                0x0000000000009180        0x0 /usr/lib/gcc/x86_64-linux-gnu/11/../../../x86_64-linux-gnu/crti.o

.gnu.version_r  0x0000000000009180       0x40
 *(.gnu.version_r)
 .gnu.version_r
                0x0000000000009180       0x40 /usr/lib/gcc/x86_64-linux-gnu/11/../../../x86_64-linux-gnu/crti.o

.rela.dyn       0x00000000000091c0     0x20a0
 *(.rela.init)
 *(.rela.text .rela.text.* .rela.gnu.linkonce.t.*)
 .rela.text     0x00000000000091c0        0x0 /usr/lib/gcc/x86_64-linux-gnu/11/../../../x86_64-linux-gnu/crti.o
 *(.rela.fini)
 *(.rela.rodata .rela.rodata.* .rela.gnu.linkonce.r.*)
 *(.rela.data .rela.data.* .rela.gnu.linkonce.d.*)
 .rela.data.rel.local
                0x00000000000091c0      0x7b0 /usr/lib/gcc/x86_64-linux-gnu/11/../../../x86_64-linux-gnu/crti.o
 .rela.data.rel.ro
                0x0000000000009970      0x288 /usr/lib/gcc/x86_64-linux-gnu/11/../../../x86_64-linux-gnu/crti.o
 .rela.data.rel
                0x0000000000009bf8      0x3a8 /usr/lib/gcc/x86_64-linux-gnu/11/../../../x86_64-linux-gnu/crti.o
 .rela.data.rel.ro.local
                0x0000000000009fa0      0x5a0 /usr/lib/gcc/x86_64-linux-gnu/11/../../../x86_64-linux-gnu/crti.o
 *(.rela.tdata .rela.tdata.* .rela.gnu.linkonce.td.*)
 *(.rela.tbss .rela.tbss.* .rela.gnu.linkonce.tb.*)
 *(.rela.ctors)
 *(.rela.dtors)
 *(.rela.got)
 .rela.got      0x000000000000a540      0xcf0 /usr/lib/gcc/x86_64-linux-gnu/11/../../../x86_64-linux-gnu/crti.o
 *(.rela.bss .rela.bss.* .rela.gnu.linkonce.b.*)
 *(.rela.ldata .rela.ldata.* .rela.gnu.linkonce.l.*)
 *(.rela.lbss .rela.lbss.* .rela.gnu.linkonce.lb.*)
 *(.rela.lrodata .rela.lrodata.* .rela.gnu.linkonce.lr.*)
 *(.rela.ifunc)
 .rela.ifunc    0x000000000000b230        0x0 /usr/lib/gcc/x86_64-linux-gnu/11/../../../x86_64-linux-gnu/crti.o
 .rela.fini_array
                0x000000000000b230       0x18 /usr/lib/gcc/x86_64-linux-gnu/11/../../../x86_64-linux-gnu/crti.o
 .rela.init_array
                0x000000000000b248       0x18 /usr/lib/gcc/x86_64-linux-gnu/11/../../../x86_64-linux-gnu/crti.o

.rela.plt       0x000000000000b260     0x2340
 *(.rela.plt)
 .rela.plt      0x000000000000b260     0x2340 /usr/lib/gcc/x86_64-linux-gnu/11/../../../x86_64-linux-gnu/crti.o
 *(.rela.iplt)

.relr.dyn
 *(.relr.dyn)
                0x000000000000e000                . = ALIGN (CONSTANT (MAXPAGESIZE))

.init           0x000000000000e000       0x1b
 *(SORT_NONE(.init))
 .init          0x000000000000e000       0x16 /usr/lib/gcc/x86_64-linux-gnu/11/../../../x86_64-linux-gnu/crti.o
                0x000000000000e000                _init
 .init          0x000000000000e016        0x5 /usr/lib/gcc/x86_64-linux-gnu/11/../../../x86_64-linux-gnu/crtn.o

.plt            0x000000000000e020     0x1790
 *(.plt)
 .plt           0x000000000000e020     0x1790 /usr/lib/gcc/x86_64-linux-gnu/11/../../../x86_64-linux-gnu/crti.o
 *(.iplt)

.plt.got        0x000000000000f7b0       0x30
 *(.plt.got)
 .plt.got       0x000000000000f7b0       0x30 /usr/lib/gcc/x86_64-linux-gnu/11/../../../x86_64-linux-gnu/crti.o

.plt.sec        0x000000000000f7e0     0x1780
 *(.plt.sec)
 .plt.sec       0x000000000000f7e0     0x1780 /usr/lib/gcc/x86_64-linux-gnu/11/../../../x86_64-linux-gnu/crti.o

.text           0x0000000000010f60    0x2244c
 *(.text.unlikely .text.*_unlikely .text.unlikely.*)
 *(.text.exit .text.exit.*)
 *(.text.startup .text.startup.*)
 *(.text.hot .text.hot.*)
 *(SORT_BY_NAME(.text.sorted.*))
 *(.text .stub .text.* .gnu.linkonce.t.*)
 .text          0x0000000000010f60        0x0 /usr/lib/gcc/x86_64-linux-gnu/11/../../../x86_64-linux-gnu/crti.o
 .text          0x0000000000010f60       0xb9 /usr/lib/gcc/x86_64-linux-gnu/11/crtbeginS.o
 .text          0x0000000000011019      0xe03 mqtt-sensor.o
 .text          0x0000000000011e1c      0x374 build/cooja/mtype424400991.o
                0x0000000000011ed2                platform_init_stage_one
                0x0000000000011ee7                platform_init_stage_two
                0x0000000000011efc                platform_init_stage_three
                0x0000000000011f11                platform_main_loop
                0x0000000000011fab                JNI_OnLoad
                0x0000000000011fc2                Java_org_contikios_cooja_corecomm_Lib3_init
                0x0000000000012015                Java_org_contikios_cooja_corecomm_Lib3_getMemory
                0x0000000000012074                Java_org_contikios_cooja_corecomm_Lib3_setMemory
                0x00000000000120d3                Java_org_contikios_cooja_corecomm_Lib3_tick
                0x0000000000012161                Java_org_contikios_cooja_corecomm_Lib3_setReferenceAddress
 .text          0x0000000000012190       0x93 build/cooja/contiki-ng-cooja.a(simEnvChange.o)
                0x0000000000012190                doActionsBeforeTick
                0x00000000000121d9                doActionsAfterTick
 .text          0x0000000000012223       0xab build/cooja/contiki-ng-cooja.a(cooja_mt.o)
                0x0000000000012223                cooja_mt_start
                0x0000000000012263                cooja_mt_exec
                0x00000000000122a6                cooja_mt_yield
 .text          0x00000000000122ce      0x10e build/cooja/contiki-ng-cooja.a(cooja_mtarch.o)
                0x00000000000122ce                cooja_mtarch_start
                0x0000000000012371                cooja_sw
                0x000000000001239e                cooja_mtarch_exec
                0x00000000000123cc                cooja_mtarch_yield
 .text          0x00000000000123dc       0xcc build/cooja/contiki-ng-cooja.a(rtimer-arch.o)
                0x00000000000123dc                rtimer_arch_init
                0x0000000000012402                rtimer_arch_schedule
                0x000000000001242c                rtimer_arch_next
                0x0000000000012440                rtimer_arch_pending
                0x0000000000012453                rtimer_arch_check
                0x0000000000012494                rtimer_arch_now
 .text          0x00000000000124a8       0xe6 build/cooja/contiki-ng-cooja.a(beep.o)
                0x00000000000124a8                beep_alarm
                0x00000000000124c3                beep_beep
                0x00000000000124db                beep
                0x00000000000124f0                beep_down
                0x0000000000012508                beep_on
                0x000000000001251d                beep_off
                0x0000000000012532                beep_spinup
                0x0000000000012547                beep_quick
                0x000000000001255f                beep_long
 .text          0x000000000001258e       0x80 build/cooja/contiki-ng-cooja.a(leds-arch.o)
                0x00000000000125a7                leds_arch_init
 .text          0x000000000001260e       0x41 build/cooja/contiki-ng-cooja.a(moteid.o)
 .text          0x000000000001264f       0xfa build/cooja/contiki-ng-cooja.a(pir-sensor.o)
 .text          0x0000000000012749      0x18b build/cooja/contiki-ng-cooja.a(rs232.o)
                0x0000000000012749                rs232_init
                0x0000000000012754                rs232_set_speed
                0x0000000000012764                rs232_set_input
                0x000000000001277e                rs232_send
                0x000000000001279d                rs232_print
                0x00000000000127cb                slip_arch_writeb
 .text          0x00000000000128d4       0xfa build/cooja/contiki-ng-cooja.a(vib-sensor.o)
 .text          0x00000000000129ce       0x6f build/cooja/contiki-ng-cooja.a(clock.o)
                0x00000000000129ce                clock_init
                0x00000000000129d9                clock_time
                0x00000000000129ed                clock_seconds
                0x0000000000012a19                clock_delay
 .text          0x0000000000012a3d      0x214 build/cooja/contiki-ng-cooja.a(cooja-log.o)
                0x0000000000012a3d                simlog_char
                0x0000000000012a97                simlog
                0x0000000000012b1c                log_message
                0x0000000000012b61                log_set_putchar_with_slip
                0x0000000000012b78                dbg_putchar
                0x0000000000012bf9                dbg_send_bytes
 .text          0x0000000000012c51      0x39b build/cooja/contiki-ng-cooja.a(cfs-cooja.o)
                0x0000000000012c51                cfs_open
                0x0000000000012cce                cfs_close
                0x0000000000012ce3                cfs_read
                0x0000000000012daa                cfs_write
                0x0000000000012eba                cfs_seek
                0x0000000000012f69                cfs_remove
                0x0000000000012f99                cfs_opendir
                0x0000000000012fb0                cfs_readdir
                0x0000000000012fc7                cfs_closedir
 .text          0x0000000000012fec      0x79f build/cooja/contiki-ng-cooja.a(cooja-radio.o)
                0x000000000001304b                radio_set_channel
                0x0000000000013065                radio_set_txpower
                0x0000000000013082                radio_signal_strength_last
                0x0000000000013095                radio_signal_strength_current
                0x00000000000130a8                radio_LQI
 .text          0x000000000001378b      0x163 build/cooja/contiki-ng-cooja.a(eeprom.o)
                0x000000000001378b                eeprom_init
                0x000000000001379a                eeprom_read
                0x0000000000013839                eeprom_write
 .text          0x00000000000138ee       0x2f build/cooja/contiki-ng-cooja.a(random.o)
                0x00000000000138ee                random_init
                0x000000000001390e                random_rand
 .text          0x000000000001391d      0x35f build/cooja/contiki-ng-cooja.a(sensors.o)
                0x0000000000013966                sensors_first
                0x000000000001397a                sensors_next
                0x00000000000139a9                sensors_changed
                0x00000000000139f6                sensors_find
 .text          0x0000000000013c7c      0x3ad build/cooja/contiki-ng-cooja.a(leds.o)
                0x0000000000013c7c                leds_init
                0x0000000000013cc7                leds_single_on
                0x0000000000013d34                leds_single_off
                0x0000000000013da1                leds_single_toggle
                0x0000000000013dd9                leds_on
                0x0000000000013e6a                leds_off
                0x0000000000013efb                leds_toggle
                0x0000000000013f57                leds_set
                0x0000000000013f80                leds_get
 .text          0x0000000000014029      0x41b build/cooja/contiki-ng-cooja.a(gpio-hal-arch.o)
                0x0000000000014029                gpio_hal_arch_register_pin_callback
                0x00000000000140d0                gpio_hal_arch_init
                0x0000000000014126                gpio_hal_arch_no_port_interrupt_enable
                0x0000000000014173                gpio_hal_arch_no_port_interrupt_disable
                0x00000000000141c0                gpio_hal_arch_no_port_pin_cfg_set
                0x00000000000141f6                gpio_hal_arch_no_port_pin_cfg_get
                0x000000000001422a                gpio_hal_arch_no_port_pin_set_input
                0x000000000001423d                gpio_hal_arch_no_port_pin_set_output
                0x0000000000014250                gpio_hal_arch_no_port_set_pin
                0x0000000000014274                gpio_hal_arch_no_port_clear_pin
                0x0000000000014298                gpio_hal_arch_no_port_read_pin
                0x00000000000142c5                gpio_hal_arch_no_port_write_pin
                0x00000000000142ef                gpio_hal_arch_no_port_set_pins
                0x000000000001433e                gpio_hal_arch_no_port_clear_pins
                0x000000000001438d                gpio_hal_arch_no_port_read_pins
                0x00000000000143db                gpio_hal_arch_no_port_write_pins
 .text          0x0000000000014444       0xa8 build/cooja/contiki-ng-cooja.a(buttons.o)
 .text          0x00000000000144ec      0x1b2 build/cooja/contiki-ng-cooja.a(temperature.o)
 .text          0x000000000001469e      0x20c build/cooja/contiki-ng-cooja.a(dust.o)
 .text          0x00000000000148aa      0x2cc build/cooja/contiki-ng-cooja.a(regolith.o)
 .text          0x0000000000014b76      0x13c build/cooja/contiki-ng-cooja.a(utils.o)
                0x0000000000014b76                rand_sample_range
                0x0000000000014bbd                rand_sample_variation_range
                0x0000000000014c4b                buffer_json_message
 .text          0x0000000000014cb2     0x3e29 build/cooja/contiki-ng-cooja.a(mqtt.o)
                0x0000000000015153                mqtt_decode_var_byte_int
                0x0000000000015258                mqtt_encode_var_byte_int
                0x0000000000018343                mqtt_init
                0x000000000001841d                mqtt_register
                0x00000000000184e5                mqtt_connect
                0x0000000000018625                mqtt_disconnect
                0x0000000000018676                mqtt_subscribe
                0x000000000001877f                mqtt_unsubscribe
                0x0000000000018878                mqtt_publish
                0x00000000000189b3                mqtt_set_username_password
                0x0000000000018a64                mqtt_set_last_will
 .text          0x0000000000018adb      0x400 build/cooja/contiki-ng-cooja.a(contiki-main.o)
                0x0000000000018adb                main
 .text          0x0000000000018edb       0xbd build/cooja/contiki-ng-cooja.a(autostart.o)
                0x0000000000018edb                autostart_start
                0x0000000000018f3c                autostart_exit
 .text          0x0000000000018f98      0x441 build/cooja/contiki-ng-cooja.a(ctimer.o)
                0x00000000000190fa                ctimer_init
                0x000000000001912f                ctimer_set
                0x0000000000019173                ctimer_set_with_process
                0x000000000001922d                ctimer_reset
                0x000000000001929e                ctimer_restart
                0x000000000001930f                ctimer_stop
                0x000000000001936d                ctimer_expired
 .text          0x00000000000193d9       0x25 build/cooja/contiki-ng-cooja.a(energest.o)
                0x00000000000193d9                energest_init
                0x00000000000193e4                energest_flush
                0x00000000000193ef                energest_get_total_time
 .text          0x00000000000193fe      0x57c build/cooja/contiki-ng-cooja.a(etimer.o)
                0x00000000000196a6                etimer_request_poll
                0x0000000000019758                etimer_set
                0x000000000001978e                etimer_reset_with_new_interval
                0x00000000000197c9                etimer_reset
                0x00000000000197f4                etimer_restart
                0x000000000001981f                etimer_adjust
                0x0000000000019850                etimer_expired
                0x000000000001986f                etimer_expiration_time
                0x000000000001988f                etimer_start_time
                0x00000000000198a4                etimer_pending
                0x00000000000198be                etimer_next_expiration_time
                0x00000000000198df                etimer_stop
 .text          0x000000000001997a      0x539 build/cooja/contiki-ng-cooja.a(log.o)
                0x000000000001997a                log_6addr
                0x00000000000199e0                log_6addr_compact_snprint
                0x0000000000019abb                log_6addr_compact
                0x0000000000019b21                log_lladdr
                0x0000000000019ba1                log_lladdr_compact
                0x0000000000019c23                log_bytes
                0x0000000000019c83                log_set_level
                0x0000000000019d91                log_get_level
                0x0000000000019e48                log_level_to_str
 .text          0x0000000000019eb3       0x36 build/cooja/contiki-ng-cooja.a(node-id.o)
                0x0000000000019eb3                node_id_init
 .text          0x0000000000019ee9      0x673 build/cooja/contiki-ng-cooja.a(process.o)
                0x0000000000019ee9                process_alloc_event
                0x0000000000019f03                process_start
                0x000000000001a173                process_exit
                0x000000000001a19f                process_init
                0x000000000001a396                process_run
                0x000000000001a3cb                process_nevents
                0x000000000001a3eb                process_post
                0x000000000001a4b3                process_post_synch
                0x000000000001a501                process_poll
                0x000000000001a53e                process_is_running
 .text          0x000000000001a55c      0x101 build/cooja/contiki-ng-cooja.a(rtimer.o)
                0x000000000001a55c                rtimer_init
                0x000000000001a56c                rtimer_set
                0x000000000001a5ed                rtimer_run_next
 .text          0x000000000001a65d       0xfd build/cooja/contiki-ng-cooja.a(timer.o)
                0x000000000001a65d                timer_set
                0x000000000001a68c                timer_reset
                0x000000000001a6c8                timer_restart
                0x000000000001a6e7                timer_expired
                0x000000000001a722                timer_remaining
 .text          0x000000000001a75a      0x39b build/cooja/contiki-ng-cooja.a(list.o)
                0x000000000001a75a                list_init
                0x000000000001a774                list_head
                0x000000000001a789                list_copy
                0x000000000001a7aa                list_tail
                0x000000000001a7f3                list_add
                0x000000000001a857                list_push
                0x000000000001a89a                list_chop
                0x000000000001a927                list_pop
                0x000000000001a961                list_remove
                0x000000000001a9ed                list_length
                0x000000000001aa28                list_insert
                0x000000000001aa8b                list_item_next
                0x000000000001aaae                list_contains
 .text          0x000000000001aaf5      0x574 build/cooja/contiki-ng-cooja.a(button-hal.o)
                0x000000000001acc0                button_hal_get_by_id
                0x000000000001ad0e                button_hal_get_by_index
                0x000000000001ad45                button_hal_get_state
                0x000000000001ada8                button_hal_init
 .text          0x000000000001b069      0x181 build/cooja/contiki-ng-cooja.a(gpio-hal.o)
                0x000000000001b069                gpio_hal_register_handler
                0x000000000001b092                gpio_hal_event_handler
                0x000000000001b0fd                gpio_hal_init
                0x000000000001b11c                gpio_hal_arch_port_toggle_pin
                0x000000000001b153                gpio_hal_arch_port_toggle_pins
                0x000000000001b184                gpio_hal_arch_no_port_toggle_pin
                0x000000000001b1be                gpio_hal_arch_no_port_toggle_pins
 .text          0x000000000001b1ea      0x238 build/cooja/contiki-ng-cooja.a(serial-line.o)
                0x000000000001b1ea                serial_line_input_byte
                0x000000000001b3e5                serial_line_init
 .text          0x000000000001b422       0x80 build/cooja/contiki-ng-cooja.a(linkaddr.o)
                0x000000000001b422                linkaddr_copy
                0x000000000001b443                linkaddr_cmp
                0x000000000001b479                linkaddr_set_node_addr
 .text          0x000000000001b4a2      0x12b build/cooja/contiki-ng-cooja.a(netstack.o)
                0x000000000001b4a2                netstack_process_ip_callback
                0x000000000001b543                netstack_ip_packet_processor_add
                0x000000000001b573                uip_ds6_ip_packet_processor_rm
                0x000000000001b59c                netstack_init
 .text          0x000000000001b5cd      0x4a8 build/cooja/contiki-ng-cooja.a(packetbuf.o)
                0x000000000001b5cd                packetbuf_clear
                0x000000000001b5fb                packetbuf_copyfrom
                0x000000000001b654                packetbuf_copyto
                0x000000000001b6fa                packetbuf_hdralloc
                0x000000000001b789                packetbuf_hdrreduce
                0x000000000001b7d9                packetbuf_set_datalen
                0x000000000001b7f5                packetbuf_dataptr
                0x000000000001b81a                packetbuf_hdrptr
                0x000000000001b82b                packetbuf_datalen
                0x000000000001b83c                packetbuf_hdrlen
                0x000000000001b858                packetbuf_totlen
                0x000000000001b87a                packetbuf_remaininglen
                0x000000000001b892                packetbuf_attr_clear
                0x000000000001b8f7                packetbuf_attr_copyto
                0x000000000001b942                packetbuf_attr_copyfrom
                0x000000000001b98d                packetbuf_set_attr
                0x000000000001b9bd                packetbuf_attr
                0x000000000001b9de                packetbuf_set_addr
                0x000000000001ba24                packetbuf_addr
                0x000000000001ba4e                packetbuf_holds_broadcast
 .text          0x000000000001ba75      0x382 build/cooja/contiki-ng-cooja.a(queuebuf.o)
                0x000000000001ba8a                queuebuf_init
                0x000000000001bab3                queuebuf_numfree
                0x000000000001bacc                queuebuf_new_from_packetbuf
                0x000000000001bb7f                queuebuf_update_attr_from_packetbuf
                0x000000000001bbc2                queuebuf_update_from_packetbuf
                0x000000000001bc1e                queuebuf_free
                0x000000000001bc7a                queuebuf_to_packetbuf
                0x000000000001bcf3                queuebuf_dataptr
                0x000000000001bd3a                queuebuf_datalen
                0x000000000001bd6a                queuebuf_addr
                0x000000000001bdb1                queuebuf_attr
                0x000000000001bdec                queuebuf_debug_print
 .text          0x000000000001bdf7      0x116 build/cooja/contiki-ng-cooja.a(printf.o)
                0x000000000001be2c                log_printf
 .text          0x000000000001bf0d       0x1e build/cooja/contiki-ng-cooja.a(putchar.o)
                0x000000000001bf0d                log_putchar
 .text          0x000000000001bf2b       0x3d build/cooja/contiki-ng-cooja.a(puts.o)
                0x000000000001bf2b                log_puts
 .text          0x000000000001bf68      0x1f8 build/cooja/contiki-ng-cooja.a(snprintf.o)
                0x000000000001bff3                log_snprintf
                0x000000000001c0d8                log_vsnprintf
 .text          0x000000000001c160      0x152 build/cooja/contiki-ng-cooja.a(sprintf.o)
                0x000000000001c1ab                log_sprintf
 .text          0x000000000001c2b2     0x170b build/cooja/contiki-ng-cooja.a(strformat.o)
                0x000000000001c625                format_str
                0x000000000001c706                format_str_v
 .text          0x000000000001d9bd      0x292 build/cooja/contiki-ng-cooja.a(csma.o)
 .text          0x000000000001dc4f     0x3747 build/cooja/contiki-ng-cooja.a(sicslowpan.o)
                0x000000000001e425                netstack_sniffer_add
                0x000000000001e43f                netstack_sniffer_remove
                0x000000000002135f                sicslowpan_init
                0x0000000000021386                sicslowpan_get_last_rssi
 .text          0x0000000000021396      0xbaa build/cooja/contiki-ng-cooja.a(tcp-socket.o)
                0x0000000000021acf                tcp_socket_register
                0x0000000000021b97                tcp_socket_connect
                0x0000000000021c54                tcp_socket_listen
                0x0000000000021ce1                tcp_socket_unlisten
                0x0000000000021d6d                tcp_socket_send
                0x0000000000021e2a                tcp_socket_send_str
                0x0000000000021e61                tcp_socket_close
                0x0000000000021e96                tcp_socket_unregister
                0x0000000000021eff                tcp_socket_max_sendlen
                0x0000000000021f27                tcp_socket_queuelen
 .text          0x0000000000021f40      0xc96 build/cooja/contiki-ng-cooja.a(tcpip.o)
                0x0000000000021f70                tcpip_output
                0x0000000000022072                tcp_connect
                0x00000000000220d9                tcp_unlisten
                0x0000000000022149                tcp_listen
                0x00000000000221b5                tcp_attach
                0x00000000000221e3                udp_attach
                0x0000000000022211                udp_new
                0x000000000002226c                udp_broadcast_new
                0x000000000002257f                tcpip_input
                0x0000000000022757                tcpip_ipv6_output
                0x00000000000229b0                tcpip_poll_udp
                0x00000000000229de                tcpip_poll_tcp
                0x0000000000022a0c                tcpip_uipcall
 .text          0x0000000000022bd6      0x416 build/cooja/contiki-ng-cooja.a(uip-ds6-nbr.o)
                0x0000000000022bd6                uip_ds6_neighbors_init
                0x0000000000022bff                uip_ds6_nbr_add
                0x0000000000022c9d                uip_ds6_nbr_rm
                0x0000000000022cfa                uip_ds6_nbr_update_ll
                0x0000000000022dff                uip_ds6_nbr_get_ipaddr
                0x0000000000022e1f                uip_ds6_nbr_get_ll
                0x0000000000022e47                uip_ds6_nbr_num
                0x0000000000022e99                uip_ds6_nbr_head
                0x0000000000022eb2                uip_ds6_nbr_next
                0x0000000000022eda                uip_ds6_nbr_lookup
                0x0000000000022f43                uip_ds6_nbr_ll_lookup
                0x0000000000022f6b                uip_ds6_nbr_ipaddr_from_lladdr
                0x0000000000022f9f                uip_ds6_nbr_lladdr_from_ipaddr
                0x0000000000022fdb                uip_ds6_link_callback
 .text          0x0000000000022fec      0x3f9 build/cooja/contiki-ng-cooja.a(uip-ds6-route.o)
                0x0000000000023043                uip_ds6_route_init
                0x000000000002306c                uip_ds6_route_count_nexthop_neighbors
                0x000000000002307b                uip_ds6_route_nexthop
                0x000000000002308e                uip_ds6_route_head
                0x000000000002309d                uip_ds6_route_next
                0x00000000000230b0                uip_ds6_route_is_nexthop
                0x00000000000230c3                uip_ds6_route_num_routes
                0x00000000000230d2                uip_ds6_route_lookup
                0x00000000000230e5                uip_ds6_route_add
                0x0000000000023101                uip_ds6_route_rm
                0x0000000000023110                uip_ds6_route_rm_by_nexthop
                0x000000000002311f                uip_ds6_defrt_head
                0x0000000000023138                uip_ds6_defrt_add
                0x00000000000231f8                uip_ds6_defrt_rm
                0x000000000002326e                uip_ds6_defrt_lookup
                0x00000000000232e5                uip_ds6_defrt_choose
                0x0000000000023368                uip_ds6_defrt_periodic
 .text          0x00000000000233e5      0xebc build/cooja/contiki-ng-cooja.a(uip-ds6.o)
                0x00000000000233e5                uip_ds6_default_prefix
                0x00000000000233f6                uip_ds6_set_default_prefix
                0x000000000002341e                uip_ds6_init
                0x00000000000236bd                uip_ds6_periodic
                0x000000000002375f                uip_ds6_list_loop
                0x0000000000023848                uip_ds6_prefix_add
                0x0000000000023919                uip_ds6_prefix_rm
                0x0000000000023937                uip_ds6_prefix_lookup
                0x000000000002398e                uip_ds6_is_addr_onlink
                0x0000000000023a22                uip_ds6_addr_add
                0x0000000000023b6d                uip_ds6_addr_rm
                0x0000000000023c28                uip_ds6_addr_lookup
                0x0000000000023c7d                uip_ds6_get_link_local
                0x0000000000023d22                uip_ds6_get_global
                0x0000000000023dc7                uip_ds6_maddr_add
                0x0000000000023e43                uip_ds6_maddr_rm
                0x0000000000023e61                uip_ds6_maddr_lookup
                0x0000000000023eb9                uip_ds6_aaddr_add
                0x0000000000023f35                uip_ds6_aaddr_rm
                0x0000000000023f53                uip_ds6_aaddr_lookup
                0x0000000000023fab                uip_ds6_select_src
                0x0000000000024135                uip_ds6_set_addr_iid
                0x000000000002416e                uip_ds6_set_lladdr_from_iid
                0x00000000000241a5                get_match_length
                0x0000000000024253                uip_ds6_compute_reachable_time
 .text          0x00000000000242a1      0x1b9 build/cooja/contiki-ng-cooja.a(uip-packetqueue.o)
                0x00000000000242e0                uip_packetqueue_new
                0x00000000000242fa                uip_packetqueue_alloc
                0x0000000000024374                uip_packetqueue_free
                0x00000000000243cc                uip_packetqueue_buf
                0x00000000000243f8                uip_packetqueue_buflen
                0x0000000000024427                uip_packetqueue_set_buflen
 .text          0x000000000002445a     0x3915 build/cooja/contiki-ng-cooja.a(uip6.o)
                0x000000000002445a                uip_add32
                0x0000000000024664                uip_chksum
                0x000000000002474a                uip_icmp6chksum
                0x000000000002475e                uip_tcpchksum
                0x0000000000024772                uip_udpchksum
                0x0000000000024786                uip_init
                0x000000000002484b                uip_connect
                0x00000000000249f5                uip_remove_ext_hdr
                0x0000000000024af6                uip_udp_new
                0x0000000000024c62                uip_unlisten
                0x0000000000024cb1                uip_listen
                0x0000000000024fd3                uip_process
                0x0000000000027bf5                uip_htons
                0x0000000000027c18                uip_htonl
                0x0000000000027c60                uip_send
 .text          0x0000000000027d6f      0x5b1 build/cooja/contiki-ng-cooja.a(uipbuf.o)
                0x0000000000027d6f                uipbuf_clear
                0x0000000000027da1                uipbuf_add_ext_hdr
                0x0000000000027e39                uipbuf_set_len
                0x0000000000027e6b                uipbuf_set_len_field
                0x0000000000027e9e                uipbuf_get_len_field
                0x0000000000027ec9                uipbuf_get_next_header
                0x000000000002803b                uipbuf_get_last_header
                0x00000000000280ce                uipbuf_search_header
                0x0000000000028195                uipbuf_get_attr
                0x00000000000281c6                uipbuf_set_attr
                0x0000000000028206                uipbuf_set_default_attr
                0x0000000000028246                uipbuf_clear_attr
                0x000000000002826d                uipbuf_set_attr_flag
                0x0000000000028290                uipbuf_clr_attr_flag
                0x00000000000282b9                uipbuf_is_attr_flag
                0x00000000000282de                uipbuf_init
 .text          0x0000000000028320      0x57d build/cooja/contiki-ng-cooja.a(uiplib.o)
                0x0000000000028320                uiplib_ip6addrconv
                0x00000000000284fc                uiplib_ip4addrconv
                0x00000000000285ce                uiplib_ipaddr_print
                0x0000000000028634                uiplib_ipaddr_snprint
 .text          0x000000000002889d      0x66e build/cooja/contiki-ng-cooja.a(rpl.o)
                0x000000000002889d                rpl_lollipop_greater_than
                0x0000000000028901                rpl_get_global_address
                0x0000000000028aa1                rpl_link_callback
                0x0000000000028b0b                rpl_has_joined
                0x0000000000028b3e                rpl_is_reachable
                0x0000000000028be4                rpl_reset_prefix
                0x0000000000028c5b                rpl_set_prefix_from_addr
                0x0000000000028d76                rpl_set_prefix
                0x0000000000028ee0                rpl_set_leaf_only
                0x0000000000028efa                rpl_get_leaf_only
 .text          0x0000000000028f0b       0x49 build/cooja/contiki-ng-cooja.a(watchdog.o)
                0x0000000000028f0b                watchdog_init
                0x0000000000028f16                watchdog_start
                0x0000000000028f21                watchdog_periodic
                0x0000000000028f3e                watchdog_stop
                0x0000000000028f49                watchdog_reboot
 .text          0x0000000000028f54       0x61 build/cooja/contiki-ng-cooja.a(int-master.o)
                0x0000000000028f54                int_master_enable
                0x0000000000028f69                int_master_read_and_disable
                0x0000000000028f89                int_master_status_set
                0x0000000000028fa0                int_master_is_enabled
 .text          0x0000000000028fb5      0x125 build/cooja/contiki-ng-cooja.a(stimer.o)
                0x0000000000028fb5                stimer_set
                0x0000000000028fe4                stimer_reset
                0x0000000000029020                stimer_restart
                0x000000000002903f                stimer_expired
                0x0000000000029081                stimer_remaining
                0x00000000000290b9                stimer_elapsed
 .text          0x00000000000290da      0x21a build/cooja/contiki-ng-cooja.a(memb.o)
                0x00000000000290da                memb_init
                0x000000000002913d                memb_alloc
                0x00000000000291b7                memb_free
                0x000000000002924a                memb_inmemb
                0x00000000000292a1                memb_numfree
 .text          0x00000000000292f4      0x19d build/cooja/contiki-ng-cooja.a(ringbuf.o)
                0x00000000000292f4                ringbuf_init
                0x0000000000029335                ringbuf_put
                0x00000000000293c4                ringbuf_get
                0x0000000000029442                ringbuf_size
                0x000000000002945e                ringbuf_elements
 .text          0x0000000000029491      0x481 build/cooja/contiki-ng-cooja.a(link-stats.o)
                0x0000000000029491                link_stats_from_lladdr
                0x00000000000294b9                link_stats_get_lladdr
                0x00000000000294e1                link_stats_is_fresh
                0x0000000000029529                guess_etx_from_rssi
                0x00000000000295ae                link_stats_packet_sent
                0x0000000000029712                link_stats_input_callback
                0x0000000000029874                link_stats_reset
                0x00000000000298d0                link_stats_init
 .text          0x0000000000029912      0xcb3 build/cooja/contiki-ng-cooja.a(nbr-table.o)
                0x0000000000029d70                nbr_table_count_entries
                0x0000000000029e12                nbr_table_gc_get_worst
                0x0000000000029e55                nbr_table_can_accept_new
                0x000000000002a00a                nbr_table_entry_is_allowed
                0x000000000002a0b7                nbr_table_register
                0x000000000002a149                nbr_table_is_registered
                0x000000000002a1a0                nbr_table_head
                0x000000000002a20e                nbr_table_next
                0x000000000002a28b                nbr_table_add_lladdr
                0x000000000002a3eb                nbr_table_get_from_lladdr
                0x000000000002a44a                nbr_table_remove
                0x000000000002a4a4                nbr_table_lock
                0x000000000002a4d9                nbr_table_unlock
                0x000000000002a50e                nbr_table_get_lladdr
                0x000000000002a551                nbr_table_clear
                0x000000000002a58e                nbr_table_key_head
                0x000000000002a5a7                nbr_table_key_next
 .text          0x000000000002a5c5      0x1e0 build/cooja/contiki-ng-cooja.a(mac-sequence.o)
                0x000000000002a5c5                mac_sequence_is_duplicate
                0x000000000002a6a6                mac_sequence_register_seqno
 .text          0x000000000002a7a5      0x451 build/cooja/contiki-ng-cooja.a(framer-802154.o)
                0x000000000002a940                framer_802154_setup_params
 .text          0x000000000002abf6      0xae3 build/cooja/contiki-ng-cooja.a(csma-output.o)
                0x000000000002b3d8                csma_output_packet
                0x000000000002b6a1                csma_output_init
 .text          0x000000000002b6d9       0x3d build/cooja/contiki-ng-cooja.a(csma-security.o)
                0x000000000002b6d9                csma_security_create_frame
                0x000000000002b6ff                csma_security_parse_frame
 .text          0x000000000002b716      0x8b7 build/cooja/contiki-ng-cooja.a(uip-icmp6.o)
                0x000000000002b793                uip_icmp6_input
                0x000000000002b7f1                uip_icmp6_register_input_handler
                0x000000000002b983                uip_icmp6_error_output
                0x000000000002bce8                uip_icmp6_send
                0x000000000002bf34                uip_icmp6_echo_reply_callback_add
                0x000000000002bf7b                uip_icmp6_echo_reply_callback_rm
                0x000000000002bfa4                uip_icmp6_init
 .text          0x000000000002bfcd      0x87f build/cooja/contiki-ng-cooja.a(uip-nd6.o)
                0x000000000002c832                uip_nd6_init
 .text          0x000000000002c84c      0x7e7 build/cooja/contiki-ng-cooja.a(uip-sr.o)
                0x000000000002c84c                uip_sr_num_nodes
                0x000000000002c8f7                uip_sr_get_node
                0x000000000002c95f                uip_sr_is_addr_reachable
                0x000000000002ca27                uip_sr_expire_parent
                0x000000000002ca96                uip_sr_update_node
                0x000000000002cc0a                uip_sr_init
                0x000000000002cc3d                uip_sr_node_head
                0x000000000002cc56                uip_sr_node_next
                0x000000000002cc74                uip_sr_periodic
                0x000000000002cdb0                uip_sr_free_all
                0x000000000002ce2f                uip_sr_link_snprint
 .text          0x000000000002d033      0x35a build/cooja/contiki-ng-cooja.a(rpl-dag-root.o)
                0x000000000002d033                rpl_dag_root_print_links
                0x000000000002d1a8                rpl_dag_root_set_prefix
                0x000000000002d1e4                rpl_dag_root_start
                0x000000000002d34d                rpl_dag_root_is_root
 .text          0x000000000002d38d     0x1219 build/cooja/contiki-ng-cooja.a(rpl-dag.o)
                0x000000000002d38d                rpl_dag_state_to_str
                0x000000000002d3eb                rpl_dag_get_root_ipaddr
                0x000000000002d435                rpl_dag_leave
                0x000000000002d4e0                rpl_dag_poison_and_leave
                0x000000000002d4fe                rpl_dag_periodic
                0x000000000002d5c2                rpl_is_addr_in_our_dag
                0x000000000002d61e                rpl_get_default_instance
                0x000000000002d645                rpl_get_any_dag
                0x000000000002d6b2                rpl_refresh_routes
                0x000000000002d714                rpl_global_repair
                0x000000000002d7d6                rpl_local_repair
                0x000000000002d838                rpl_dag_ready_to_advertise
                0x000000000002d890                rpl_dag_update_state
                0x000000000002e153                rpl_process_dio
                0x000000000002e1f5                rpl_process_dis
                0x000000000002e249                rpl_process_dao
                0x000000000002e2f2                rpl_process_dao_ack
                0x000000000002e3a2                rpl_process_hbh
                0x000000000002e401                rpl_dag_init_root
                0x000000000002e582                rpl_dag_init
 .text          0x000000000002e5a6      0xdef build/cooja/contiki-ng-cooja.a(rpl-ext-header.o)
                0x000000000002e5a6                rpl_ext_header_srh_get_next_hop
                0x000000000002e6b7                rpl_ext_header_srh_update
                0x000000000002ed46                rpl_ext_header_hbh_update
                0x000000000002f0e6                rpl_ext_header_update
                0x000000000002f190                rpl_ext_header_remove
 .text          0x000000000002f395     0x16eb build/cooja/contiki-ng-cooja.a(rpl-icmp6.o)
                0x000000000002f529                rpl_icmp6_update_nbr_table
                0x000000000002f5de                rpl_icmp6_dis_output
                0x000000000002fd02                rpl_icmp6_dio_output
                0x0000000000030632                rpl_icmp6_dao_output
                0x00000000000309a3                rpl_icmp6_dao_ack_output
                0x0000000000030a39                rpl_icmp6_init
 .text          0x0000000000030a80      0x36f build/cooja/contiki-ng-cooja.a(rpl-mrhof.o)
 .text          0x0000000000030def       0x8c build/cooja/contiki-ng-cooja.a(rpl-nbr-policy.o)
                0x0000000000030e37                rpl_nbr_gc_get_worst
 .text          0x0000000000030e7b      0xadd build/cooja/contiki-ng-cooja.a(rpl-neighbor.o)
                0x0000000000030f0e                rpl_neighbor_snprint
                0x000000000003123c                rpl_neighbor_print_list
                0x0000000000031313                rpl_neighbor_count
                0x00000000000313fe                rpl_neighbor_get_from_lladdr
                0x0000000000031429                rpl_neighbor_is_acceptable_parent
                0x0000000000031475                rpl_neighbor_get_link_metric
                0x00000000000314c1                rpl_neighbor_rank_via_nbr
                0x000000000003150d                rpl_neighbor_get_lladdr
                0x0000000000031538                rpl_neighbor_get_ipaddr
                0x0000000000031566                rpl_neighbor_get_link_stats
                0x0000000000031594                rpl_neighbor_is_fresh
                0x00000000000315c2                rpl_neighbor_is_parent
                0x00000000000315fb                rpl_neighbor_set_preferred_parent
                0x00000000000316b2                rpl_neighbor_remove_all
                0x0000000000031718                rpl_neighbor_get_from_ipaddr
                0x0000000000031851                rpl_neighbor_select_best
                0x0000000000031931                rpl_neighbor_init
 .text          0x0000000000031958      0xd3d build/cooja/contiki-ng-cooja.a(rpl-timers.o)
                0x0000000000031958                rpl_timers_schedule_periodic_dis
                0x0000000000031b0e                rpl_timers_dio_reset
                0x0000000000031c92                rpl_timers_schedule_unicast_dio
                0x0000000000031e79                rpl_timers_schedule_dao
                0x0000000000031f7f                rpl_timers_schedule_dao_ack
                0x0000000000032044                rpl_timers_notify_dao_ack
                0x00000000000320b9                get_probing_delay
                0x0000000000032100                get_probing_target
                0x000000000003233e                rpl_schedule_probing
                0x0000000000032385                rpl_schedule_probing_now
                0x0000000000032413                rpl_timers_unschedule_leaving
                0x000000000003245d                rpl_timers_schedule_leaving
                0x00000000000324bb                rpl_timers_init
                0x000000000003256d                rpl_timers_stop_dag_timers
                0x000000000003260f                rpl_timers_unschedule_state_update
                0x000000000003263c                rpl_timers_schedule_state_update
 .text          0x0000000000032695       0x34 build/cooja/contiki-ng-cooja.a(assert.o)
                0x0000000000032695                _xassert
 .text          0x00000000000326c9       0x3a build/cooja/contiki-ng-cooja.a(mac.o)
                0x00000000000326c9                mac_call_sent_callback
 .text          0x0000000000032703      0xca9 build/cooja/contiki-ng-cooja.a(frame802154.o)
                0x0000000000032731                frame802154_get_pan_id
                0x0000000000032742                frame802154_set_pan_id
                0x000000000003275e                frame802154_has_panid
                0x000000000003293d                frame802154_check_dest_panid
                0x00000000000329db                frame802154_is_broadcast_addr
                0x0000000000032a32                frame802154_extract_linkaddr
                0x0000000000032ccc                frame802154_hdrlen
                0x0000000000032d4b                frame802154_create_fcf
                0x0000000000032e1d                frame802154_create
                0x0000000000032fc7                frame802154_parse_fcf
                0x00000000000330be                frame802154_parse
 .text          0x00000000000333ac        0x0 /usr/lib/gcc/x86_64-linux-gnu/11/crtendS.o
 .text          0x00000000000333ac        0x0 /usr/lib/gcc/x86_64-linux-gnu/11/../../../x86_64-linux-gnu/crtn.o
 *(.gnu.warning)

.fini           0x00000000000333ac        0xd
 *(SORT_NONE(.fini))
 .fini          0x00000000000333ac        0x8 /usr/lib/gcc/x86_64-linux-gnu/11/../../../x86_64-linux-gnu/crti.o
                0x00000000000333ac                _fini
 .fini          0x00000000000333b4        0x5 /usr/lib/gcc/x86_64-linux-gnu/11/../../../x86_64-linux-gnu/crtn.o
                [!provide]                        PROVIDE (__etext = .)
                [!provide]                        PROVIDE (_etext = .)
                [!provide]                        PROVIDE (etext = .)
                0x0000000000034000                . = ALIGN (CONSTANT (MAXPAGESIZE))
                0x0000000000034000                . = SEGMENT_START ("rodata-segment", (ALIGN (CONSTANT (MAXPAGESIZE)) + (. & (CONSTANT (MAXPAGESIZE) - 0x1))))

.rodata         0x0000000000034000     0x109d
 *(.rodata .rodata.* .gnu.linkonce.r.*)
 .rodata        0x0000000000034000      0x44e mqtt-sensor.o
 .rodata        0x000000000003444e        0x6 build/cooja/contiki-ng-cooja.a(leds-arch.o)
                0x000000000003444e                leds_arch_leds
 .rodata        0x0000000000034454        0x4 build/cooja/contiki-ng-cooja.a(pir-sensor.o)
 .rodata        0x0000000000034458        0x3 build/cooja/contiki-ng-cooja.a(rs232.o)
 .rodata        0x000000000003445b        0xa build/cooja/contiki-ng-cooja.a(vib-sensor.o)
 *fill*         0x0000000000034465        0x3 
 .rodata        0x0000000000034468       0x26 build/cooja/contiki-ng-cooja.a(cfs-cooja.o)
 *fill*         0x000000000003448e        0x2 
 .rodata        0x0000000000034490       0x68 build/cooja/contiki-ng-cooja.a(cooja-radio.o)
 .rodata        0x00000000000344f8        0x8 build/cooja/contiki-ng-cooja.a(sensors.o)
 .rodata        0x0000000000034500       0x14 build/cooja/contiki-ng-cooja.a(buttons.o)
                0x000000000003450c                button_hal_button_count
 *fill*         0x0000000000034514        0x4 
 .rodata        0x0000000000034518       0x6c build/cooja/contiki-ng-cooja.a(temperature.o)
 *fill*         0x0000000000034584        0x4 
 .rodata        0x0000000000034588       0x5c build/cooja/contiki-ng-cooja.a(dust.o)
 *fill*         0x00000000000345e4        0x4 
 .rodata        0x00000000000345e8       0x6c build/cooja/contiki-ng-cooja.a(regolith.o)
 *fill*         0x0000000000034654        0x4 
 .rodata        0x0000000000034658       0x30 build/cooja/contiki-ng-cooja.a(utils.o)
 .rodata        0x0000000000034688      0x29c build/cooja/contiki-ng-cooja.a(mqtt.o)
 *fill*         0x0000000000034924        0x4 
 .rodata        0x0000000000034928       0xf4 build/cooja/contiki-ng-cooja.a(contiki-main.o)
 .rodata        0x0000000000034a1c        0xf build/cooja/contiki-ng-cooja.a(ctimer.o)
 .rodata        0x0000000000034a2b        0xc build/cooja/contiki-ng-cooja.a(etimer.o)
 *fill*         0x0000000000034a37        0x1 
 .rodata        0x0000000000034a38       0xc0 build/cooja/contiki-ng-cooja.a(log.o)
 .rodata        0x0000000000034af8       0x13 build/cooja/contiki-ng-cooja.a(button-hal.o)
 .rodata        0x0000000000034b0b        0xe build/cooja/contiki-ng-cooja.a(serial-line.o)
 *fill*         0x0000000000034b19        0x7 
 .rodata        0x0000000000034b20        0x8 build/cooja/contiki-ng-cooja.a(linkaddr.o)
                0x0000000000034b20                linkaddr_null
 *fill*         0x0000000000034b28        0x8 
 .rodata        0x0000000000034b30      0x280 build/cooja/contiki-ng-cooja.a(strformat.o)
 .rodata        0x0000000000034db0        0x5 build/cooja/contiki-ng-cooja.a(csma.o)
 .rodata        0x0000000000034db5       0x1d build/cooja/contiki-ng-cooja.a(sicslowpan.o)
                0x0000000000034db5                unc_llconf
                0x0000000000034db9                unc_ctxconf
                0x0000000000034dbd                unc_mxconf
                0x0000000000034dc1                llprefix
 .rodata        0x0000000000034dd2       0x13 build/cooja/contiki-ng-cooja.a(tcp-socket.o)
 .rodata        0x0000000000034de5        0xd build/cooja/contiki-ng-cooja.a(tcpip.o)
 *fill*         0x0000000000034df2        0x6 
 .rodata        0x0000000000034df8       0x4c build/cooja/contiki-ng-cooja.a(uip-ds6-route.o)
 .rodata        0x0000000000034e44       0x48 build/cooja/contiki-ng-cooja.a(uip6.o)
 .rodata        0x0000000000034e8c       0x2d build/cooja/contiki-ng-cooja.a(uiplib.o)
 .rodata        0x0000000000034eb9        0x9 build/cooja/contiki-ng-cooja.a(rpl.o)
 *fill*         0x0000000000034ec2        0x6 
 .rodata        0x0000000000034ec8       0x27 build/cooja/contiki-ng-cooja.a(csma-output.o)
 .rodata        0x0000000000034eef       0x44 build/cooja/contiki-ng-cooja.a(uip-sr.o)
 .rodata        0x0000000000034f33       0xd7 build/cooja/contiki-ng-cooja.a(rpl-dag.o)
 *fill*         0x000000000003500a        0x6 
 .rodata        0x0000000000035010       0x58 build/cooja/contiki-ng-cooja.a(rpl-neighbor.o)
 .rodata        0x0000000000035068        0xc build/cooja/contiki-ng-cooja.a(rpl-timers.o)
 *fill*         0x0000000000035074        0x4 
 .rodata        0x0000000000035078       0x25 build/cooja/contiki-ng-cooja.a(assert.o)

.rodata1
 *(.rodata1)

.eh_frame_hdr   0x00000000000350a0     0x192c
 *(.eh_frame_hdr)
 .eh_frame_hdr  0x00000000000350a0     0x192c mqtt-sensor.o
                0x00000000000350a0                __GNU_EH_FRAME_HDR
 *(.eh_frame_entry .eh_frame_entry.*)

.eh_frame       0x00000000000369d0     0x6518
 *(.eh_frame)
 .eh_frame      0x00000000000369d0       0x40 /usr/lib/gcc/x86_64-linux-gnu/11/../../../x86_64-linux-gnu/crti.o
 .eh_frame      0x0000000000036a10       0x18 /usr/lib/gcc/x86_64-linux-gnu/11/../../../x86_64-linux-gnu/crti.o
                                         0x30 (size before relaxing)
 .eh_frame      0x0000000000036a28       0x18 /usr/lib/gcc/x86_64-linux-gnu/11/../../../x86_64-linux-gnu/crti.o
                                         0x30 (size before relaxing)
 .eh_frame      0x0000000000036a40       0xc8 mqtt-sensor.o
                                         0xe0 (size before relaxing)
 .eh_frame      0x0000000000036b08      0x198 build/cooja/mtype424400991.o
                                        0x1b0 (size before relaxing)
 .eh_frame      0x0000000000036ca0       0x40 build/cooja/contiki-ng-cooja.a(simEnvChange.o)
                                         0x58 (size before relaxing)
 .eh_frame      0x0000000000036ce0       0x60 build/cooja/contiki-ng-cooja.a(cooja_mt.o)
                                         0x78 (size before relaxing)
 .eh_frame      0x0000000000036d40       0x80 build/cooja/contiki-ng-cooja.a(cooja_mtarch.o)
                                         0x98 (size before relaxing)
 .eh_frame      0x0000000000036dc0       0xc0 build/cooja/contiki-ng-cooja.a(rtimer-arch.o)
                                         0xd8 (size before relaxing)
 .eh_frame      0x0000000000036e80      0x160 build/cooja/contiki-ng-cooja.a(beep.o)
                                        0x178 (size before relaxing)
 .eh_frame      0x0000000000036fe0       0x80 build/cooja/contiki-ng-cooja.a(leds-arch.o)
                                         0x98 (size before relaxing)
 .eh_frame      0x0000000000037060       0x40 build/cooja/contiki-ng-cooja.a(moteid.o)
                                         0x58 (size before relaxing)
 .eh_frame      0x00000000000370a0       0xa0 build/cooja/contiki-ng-cooja.a(pir-sensor.o)
                                         0xb8 (size before relaxing)
 .eh_frame      0x0000000000037140      0x100 build/cooja/contiki-ng-cooja.a(rs232.o)
                                        0x118 (size before relaxing)
 .eh_frame      0x0000000000037240       0xa0 build/cooja/contiki-ng-cooja.a(vib-sensor.o)
                                         0xb8 (size before relaxing)
 .eh_frame      0x00000000000372e0       0xc0 build/cooja/contiki-ng-cooja.a(clock.o)
                                         0xd8 (size before relaxing)
 .eh_frame      0x00000000000373a0      0x100 build/cooja/contiki-ng-cooja.a(cooja-log.o)
                                        0x118 (size before relaxing)
 .eh_frame      0x00000000000374a0      0x160 build/cooja/contiki-ng-cooja.a(cfs-cooja.o)
                                        0x178 (size before relaxing)
 .eh_frame      0x0000000000037600      0x360 build/cooja/contiki-ng-cooja.a(cooja-radio.o)
                                        0x378 (size before relaxing)
 .eh_frame      0x0000000000037960       0xa0 build/cooja/contiki-ng-cooja.a(eeprom.o)
                                         0xb8 (size before relaxing)
 .eh_frame      0x0000000000037a00       0x40 build/cooja/contiki-ng-cooja.a(random.o)
                                         0x58 (size before relaxing)
 .eh_frame      0x0000000000037a40       0xc0 build/cooja/contiki-ng-cooja.a(sensors.o)
                                         0xd8 (size before relaxing)
 .eh_frame      0x0000000000037b00      0x120 build/cooja/contiki-ng-cooja.a(leds.o)
                                        0x138 (size before relaxing)
 .eh_frame      0x0000000000037c20      0x220 build/cooja/contiki-ng-cooja.a(gpio-hal-arch.o)
                                        0x238 (size before relaxing)
 .eh_frame      0x0000000000037e40       0xa0 build/cooja/contiki-ng-cooja.a(buttons.o)
                                         0xb8 (size before relaxing)
 .eh_frame      0x0000000000037ee0       0x20 build/cooja/contiki-ng-cooja.a(temperature.o)
                                         0x38 (size before relaxing)
 .eh_frame      0x0000000000037f00       0x20 build/cooja/contiki-ng-cooja.a(dust.o)
                                         0x38 (size before relaxing)
 .eh_frame      0x0000000000037f20       0x20 build/cooja/contiki-ng-cooja.a(regolith.o)
                                         0x38 (size before relaxing)
 .eh_frame      0x0000000000037f40       0x60 build/cooja/contiki-ng-cooja.a(utils.o)
                                         0x78 (size before relaxing)
 .eh_frame      0x0000000000037fa0      0x4e0 build/cooja/contiki-ng-cooja.a(mqtt.o)
                                        0x4f8 (size before relaxing)
 .eh_frame      0x0000000000038480       0x20 build/cooja/contiki-ng-cooja.a(contiki-main.o)
                                         0x38 (size before relaxing)
 .eh_frame      0x00000000000384a0       0x40 build/cooja/contiki-ng-cooja.a(autostart.o)
                                         0x58 (size before relaxing)
 .eh_frame      0x00000000000384e0      0x100 build/cooja/contiki-ng-cooja.a(ctimer.o)
                                        0x118 (size before relaxing)
 .eh_frame      0x00000000000385e0       0x60 build/cooja/contiki-ng-cooja.a(energest.o)
                                         0x78 (size before relaxing)
 .eh_frame      0x0000000000038640      0x1e0 build/cooja/contiki-ng-cooja.a(etimer.o)
                                        0x1f8 (size before relaxing)
 .eh_frame      0x0000000000038820      0x120 build/cooja/contiki-ng-cooja.a(log.o)
                                        0x138 (size before relaxing)
 .eh_frame      0x0000000000038940       0x20 build/cooja/contiki-ng-cooja.a(node-id.o)
                                         0x38 (size before relaxing)
 .eh_frame      0x0000000000038960      0x1c8 build/cooja/contiki-ng-cooja.a(process.o)
                                        0x1e0 (size before relaxing)
 .eh_frame      0x0000000000038b28       0x60 build/cooja/contiki-ng-cooja.a(rtimer.o)
                                         0x78 (size before relaxing)
 .eh_frame      0x0000000000038b88       0xa0 build/cooja/contiki-ng-cooja.a(timer.o)
                                         0xb8 (size before relaxing)
 .eh_frame      0x0000000000038c28      0x1a0 build/cooja/contiki-ng-cooja.a(list.o)
                                        0x1b8 (size before relaxing)
 .eh_frame      0x0000000000038dc8      0x160 build/cooja/contiki-ng-cooja.a(button-hal.o)
                                        0x178 (size before relaxing)
 .eh_frame      0x0000000000038f28       0xe0 build/cooja/contiki-ng-cooja.a(gpio-hal.o)
                                         0xf8 (size before relaxing)
 .eh_frame      0x0000000000039008       0x60 build/cooja/contiki-ng-cooja.a(serial-line.o)
                                         0x78 (size before relaxing)
 .eh_frame      0x0000000000039068       0x60 build/cooja/contiki-ng-cooja.a(linkaddr.o)
                                         0x78 (size before relaxing)
 .eh_frame      0x00000000000390c8       0x80 build/cooja/contiki-ng-cooja.a(netstack.o)
                                         0x98 (size before relaxing)
 .eh_frame      0x0000000000039148      0x288 build/cooja/contiki-ng-cooja.a(packetbuf.o)
                                        0x2a0 (size before relaxing)
 .eh_frame      0x00000000000393d0      0x1a0 build/cooja/contiki-ng-cooja.a(queuebuf.o)
                                        0x1b8 (size before relaxing)
 .eh_frame      0x0000000000039570       0x40 build/cooja/contiki-ng-cooja.a(printf.o)
                                         0x58 (size before relaxing)
 .eh_frame      0x00000000000395b0       0x20 build/cooja/contiki-ng-cooja.a(putchar.o)
                                         0x38 (size before relaxing)
 .eh_frame      0x00000000000395d0       0x20 build/cooja/contiki-ng-cooja.a(puts.o)
                                         0x38 (size before relaxing)
 .eh_frame      0x00000000000395f0       0x60 build/cooja/contiki-ng-cooja.a(snprintf.o)
                                         0x78 (size before relaxing)
 .eh_frame      0x0000000000039650       0x40 build/cooja/contiki-ng-cooja.a(sprintf.o)
                                         0x58 (size before relaxing)
 .eh_frame      0x0000000000039690      0x120 build/cooja/contiki-ng-cooja.a(strformat.o)
                                        0x138 (size before relaxing)
 .eh_frame      0x00000000000397b0       0xe0 build/cooja/contiki-ng-cooja.a(csma.o)
                                         0xf8 (size before relaxing)
 .eh_frame      0x0000000000039890      0x2e0 build/cooja/contiki-ng-cooja.a(sicslowpan.o)
                                        0x2f8 (size before relaxing)
 .eh_frame      0x0000000000039b70      0x248 build/cooja/contiki-ng-cooja.a(tcp-socket.o)
                                        0x260 (size before relaxing)
 .eh_frame      0x0000000000039db8      0x308 build/cooja/contiki-ng-cooja.a(tcpip.o)
                                        0x320 (size before relaxing)
 .eh_frame      0x000000000003a0c0      0x1c0 build/cooja/contiki-ng-cooja.a(uip-ds6-nbr.o)
                                        0x1d8 (size before relaxing)
 .eh_frame      0x000000000003a280      0x240 build/cooja/contiki-ng-cooja.a(uip-ds6-route.o)
                                        0x258 (size before relaxing)
 .eh_frame      0x000000000003a4c0      0x328 build/cooja/contiki-ng-cooja.a(uip-ds6.o)
                                        0x340 (size before relaxing)
 .eh_frame      0x000000000003a7e8       0xe0 build/cooja/contiki-ng-cooja.a(uip-packetqueue.o)
                                         0xf8 (size before relaxing)
 .eh_frame      0x000000000003a8c8      0x2b0 build/cooja/contiki-ng-cooja.a(uip6.o)
                                        0x2c8 (size before relaxing)
 .eh_frame      0x000000000003ab78      0x200 build/cooja/contiki-ng-cooja.a(uipbuf.o)
                                        0x218 (size before relaxing)
 .eh_frame      0x000000000003ad78       0x80 build/cooja/contiki-ng-cooja.a(uiplib.o)
                                         0x98 (size before relaxing)
 .eh_frame      0x000000000003adf8      0x1e0 build/cooja/contiki-ng-cooja.a(rpl.o)
                                        0x1f8 (size before relaxing)
 .eh_frame      0x000000000003afd8       0xa0 build/cooja/contiki-ng-cooja.a(watchdog.o)
                                         0xb8 (size before relaxing)
 .eh_frame      0x000000000003b078       0x80 build/cooja/contiki-ng-cooja.a(int-master.o)
                                         0x98 (size before relaxing)
 .eh_frame      0x000000000003b0f8       0xc0 build/cooja/contiki-ng-cooja.a(stimer.o)
                                         0xd8 (size before relaxing)
 .eh_frame      0x000000000003b1b8       0xa0 build/cooja/contiki-ng-cooja.a(memb.o)
                                         0xb8 (size before relaxing)
 .eh_frame      0x000000000003b258       0xa0 build/cooja/contiki-ng-cooja.a(ringbuf.o)
                                         0xb8 (size before relaxing)
 .eh_frame      0x000000000003b2f8      0x120 build/cooja/contiki-ng-cooja.a(link-stats.o)
                                        0x138 (size before relaxing)
 .eh_frame      0x000000000003b418      0x3e0 build/cooja/contiki-ng-cooja.a(nbr-table.o)
                                        0x3f8 (size before relaxing)
 .eh_frame      0x000000000003b7f8       0x48 build/cooja/contiki-ng-cooja.a(mac-sequence.o)
                                         0x60 (size before relaxing)
 .eh_frame      0x000000000003b840       0xa8 build/cooja/contiki-ng-cooja.a(framer-802154.o)
                                         0xc0 (size before relaxing)
 .eh_frame      0x000000000003b8e8      0x1c8 build/cooja/contiki-ng-cooja.a(csma-output.o)
                                        0x1e0 (size before relaxing)
 .eh_frame      0x000000000003bab0       0x40 build/cooja/contiki-ng-cooja.a(csma-security.o)
                                         0x58 (size before relaxing)
 .eh_frame      0x000000000003baf0      0x148 build/cooja/contiki-ng-cooja.a(uip-icmp6.o)
                                        0x160 (size before relaxing)
 .eh_frame      0x000000000003bc38       0x80 build/cooja/contiki-ng-cooja.a(uip-nd6.o)
                                         0x98 (size before relaxing)
 .eh_frame      0x000000000003bcb8      0x180 build/cooja/contiki-ng-cooja.a(uip-sr.o)
                                        0x198 (size before relaxing)
 .eh_frame      0x000000000003be38       0xa0 build/cooja/contiki-ng-cooja.a(rpl-dag-root.o)
                                         0xb8 (size before relaxing)
 .eh_frame      0x000000000003bed8      0x360 build/cooja/contiki-ng-cooja.a(rpl-dag.o)
                                        0x378 (size before relaxing)
 .eh_frame      0x000000000003c238      0x128 build/cooja/contiki-ng-cooja.a(rpl-ext-header.o)
                                        0x140 (size before relaxing)
 .eh_frame      0x000000000003c360      0x1c0 build/cooja/contiki-ng-cooja.a(rpl-icmp6.o)
                                        0x1d8 (size before relaxing)
 .eh_frame      0x000000000003c520      0x148 build/cooja/contiki-ng-cooja.a(rpl-mrhof.o)
                                        0x160 (size before relaxing)
 .eh_frame      0x000000000003c668       0x40 build/cooja/contiki-ng-cooja.a(rpl-nbr-policy.o)
                                         0x58 (size before relaxing)
 .eh_frame      0x000000000003c6a8      0x2b0 build/cooja/contiki-ng-cooja.a(rpl-neighbor.o)
                                        0x2c8 (size before relaxing)
 .eh_frame      0x000000000003c958      0x3a8 build/cooja/contiki-ng-cooja.a(rpl-timers.o)
                                        0x3c0 (size before relaxing)
 .eh_frame      0x000000000003cd00       0x20 build/cooja/contiki-ng-cooja.a(assert.o)
                                         0x38 (size before relaxing)
 .eh_frame      0x000000000003cd20       0x20 build/cooja/contiki-ng-cooja.a(mac.o)
                                         0x38 (size before relaxing)
 .eh_frame      0x000000000003cd40      0x1a4 build/cooja/contiki-ng-cooja.a(frame802154.o)
                                        0x1c0 (size before relaxing)
 .eh_frame      0x000000000003cee4        0x4 /usr/lib/gcc/x86_64-linux-gnu/11/crtendS.o
 *(.eh_frame.*)

.gcc_except_table
 *(.gcc_except_table .gcc_except_table.*)

.gnu_extab
 *(.gnu_extab*)

.exception_ranges
 *(.exception_ranges*)
                0x000000000003e690                . = DATA_SEGMENT_ALIGN (CONSTANT (MAXPAGESIZE), CONSTANT (COMMONPAGESIZE))

.eh_frame
 *(.eh_frame)
 *(.eh_frame.*)

.gnu_extab
 *(.gnu_extab)

.gcc_except_table
 *(.gcc_except_table .gcc_except_table.*)

.exception_ranges
 *(.exception_ranges*)

.tdata
 *(.tdata .tdata.* .gnu.linkonce.td.*)

.tbss
 *(.tbss .tbss.* .gnu.linkonce.tb.*)
 *(.tcommon)

.preinit_array
 *(.preinit_array)

.init_array     0x000000000003e690        0x8
 *(SORT_BY_INIT_PRIORITY(.init_array.*) SORT_BY_INIT_PRIORITY(.ctors.*))
 *(.init_array EXCLUDE_FILE(*crtend?.o *crtend.o *crtbegin?.o *crtbegin.o) .ctors)
 .init_array    0x000000000003e690        0x8 /usr/lib/gcc/x86_64-linux-gnu/11/crtbeginS.o

.fini_array     0x000000000003e698        0x8
 *(SORT_BY_INIT_PRIORITY(.fini_array.*) SORT_BY_INIT_PRIORITY(.dtors.*))
 *(.fini_array EXCLUDE_FILE(*crtend?.o *crtend.o *crtbegin?.o *crtbegin.o) .dtors)
 .fini_array    0x000000000003e698        0x8 /usr/lib/gcc/x86_64-linux-gnu/11/crtbeginS.o

.ctors
 *crtbegin.o(.ctors)
 *crtbegin?.o(.ctors)
 *(EXCLUDE_FILE(*crtend?.o *crtend.o) .ctors)
 *(SORT_BY_NAME(.ctors.*))
 *(.ctors)

.dtors
 *crtbegin.o(.dtors)
 *crtbegin?.o(.dtors)
 *(EXCLUDE_FILE(*crtend?.o *crtend.o) .dtors)
 *(SORT_BY_NAME(.dtors.*))
 *(.dtors)

.jcr
 *(.jcr)

.data.rel.ro    0x000000000003e6a0      0x350
 *(.data.rel.ro.local* .gnu.linkonce.d.rel.ro.local.*)
 .data.rel.ro.local
                0x000000000003e6a0       0x10 build/cooja/contiki-ng-cooja.a(beep.o)
                0x000000000003e6a0                beep_interface
 .data.rel.ro.local
                0x000000000003e6b0       0x10 build/cooja/contiki-ng-cooja.a(leds-arch.o)
                0x000000000003e6b0                leds_interface
 .data.rel.ro.local
                0x000000000003e6c0       0x10 build/cooja/contiki-ng-cooja.a(moteid.o)
                0x000000000003e6c0                moteid_interface
 *fill*         0x000000000003e6d0       0x10 
 .data.rel.ro.local
                0x000000000003e6e0       0x40 build/cooja/contiki-ng-cooja.a(pir-sensor.o)
                0x000000000003e6e0                pir_interface
                0x000000000003e700                pir_sensor
 .data.rel.ro.local
                0x000000000003e720       0x10 build/cooja/contiki-ng-cooja.a(rs232.o)
                0x000000000003e720                rs232_interface
 *fill*         0x000000000003e730       0x10 
 .data.rel.ro.local
                0x000000000003e740       0x40 build/cooja/contiki-ng-cooja.a(vib-sensor.o)
                0x000000000003e740                vib_interface
                0x000000000003e760                vib_sensor
 .data.rel.ro.local
                0x000000000003e780       0x10 build/cooja/contiki-ng-cooja.a(clock.o)
                0x000000000003e780                clock_interface
 .data.rel.ro.local
                0x000000000003e790       0x10 build/cooja/contiki-ng-cooja.a(cooja-log.o)
                0x000000000003e790                simlog_interface
 .data.rel.ro.local
                0x000000000003e7a0       0x10 build/cooja/contiki-ng-cooja.a(cfs-cooja.o)
                0x000000000003e7a0                cfs_interface
 *fill*         0x000000000003e7b0       0x10 
 .data.rel.ro.local
                0x000000000003e7c0       0x90 build/cooja/contiki-ng-cooja.a(cooja-radio.o)
                0x000000000003e7c0                radio_interface
                0x000000000003e7e0                cooja_radio_driver
 .data.rel.ro.local
                0x000000000003e850       0x10 build/cooja/contiki-ng-cooja.a(eeprom.o)
                0x000000000003e850                eeprom_interface
 .data.rel.ro.local
                0x000000000003e860       0x40 build/cooja/contiki-ng-cooja.a(buttons.o)
                0x000000000003e860                button_interface
                0x000000000003e880                button_sensor
 .data.rel.ro.local
                0x000000000003e8a0       0x38 build/cooja/contiki-ng-cooja.a(csma.o)
                0x000000000003e8a0                csma_driver
 *fill*         0x000000000003e8d8        0x8 
 .data.rel.ro.local
                0x000000000003e8e0       0x18 build/cooja/contiki-ng-cooja.a(framer-802154.o)
                0x000000000003e8e0                framer_802154
 *(.data.rel.ro .data.rel.ro.* .gnu.linkonce.d.rel.ro.*)
 .data.rel.ro   0x000000000003e8f8        0x0 /usr/lib/gcc/x86_64-linux-gnu/11/../../../x86_64-linux-gnu/crti.o
 *fill*         0x000000000003e8f8        0x8 
 .data.rel.ro   0x000000000003e900       0x10 mqtt-sensor.o
                0x000000000003e900                autostart_processes
 *fill*         0x000000000003e910       0x10 
 .data.rel.ro   0x000000000003e920       0x20 build/cooja/contiki-ng-cooja.a(sicslowpan.o)
                0x000000000003e920                sicslowpan_driver
 .data.rel.ro   0x000000000003e940       0xa8 build/cooja/contiki-ng-cooja.a(rpl.o)
                0x000000000003e940                rpl_lite_driver
 .data.rel.ro   0x000000000003e9e8        0x8 build/cooja/contiki-ng-cooja.a(rpl-dag.o)

.dynamic        0x000000000003e9f0      0x1c0
 *(.dynamic)
 .dynamic       0x000000000003e9f0      0x1c0 /usr/lib/gcc/x86_64-linux-gnu/11/../../../x86_64-linux-gnu/crti.o
                0x000000000003e9f0                _DYNAMIC

.got            0x000000000003ebb0      0x450
 *(.got)
 .got           0x000000000003ebb0      0x450 /usr/lib/gcc/x86_64-linux-gnu/11/../../../x86_64-linux-gnu/crti.o
 *(.igot)
                0x000000000003ffe8                . = DATA_SEGMENT_RELRO_END (., (SIZEOF (.got.plt) >= 0x18)?0x18:0x0)

.got.plt        0x000000000003f000      0xbd8
 *(.got.plt)
 .got.plt       0x000000000003f000      0xbd8 /usr/lib/gcc/x86_64-linux-gnu/11/../../../x86_64-linux-gnu/crti.o
                0x000000000003f000                _GLOBAL_OFFSET_TABLE_
 *(.igot.plt)

.data           0x000000000003fbe0      0x872
 *(.data .data.* .gnu.linkonce.d.*)
 .data          0x000000000003fbe0        0x0 /usr/lib/gcc/x86_64-linux-gnu/11/../../../x86_64-linux-gnu/crti.o
 .data          0x000000000003fbe0        0x0 /usr/lib/gcc/x86_64-linux-gnu/11/crtbeginS.o
 .data.rel.local
                0x000000000003fbe0        0x8 /usr/lib/gcc/x86_64-linux-gnu/11/crtbeginS.o
                0x000000000003fbe0                __dso_handle
 .data          0x000000000003fbe8        0x0 mqtt-sensor.o
 *fill*         0x000000000003fbe8       0x18 
 .data.rel.local
                0x000000000003fc00       0x40 mqtt-sensor.o
                0x000000000003fc20                mqtt_sensor_process
 .data          0x000000000003fc40        0x0 build/cooja/mtype424400991.o
 .data.rel      0x000000000003fc40       0xa0 build/cooja/mtype424400991.o
                0x000000000003fc40                simInterfaces
                0x000000000003fcc0                sensors
 .data          0x000000000003fce0        0x0 build/cooja/contiki-ng-cooja.a(simEnvChange.o)
 .data          0x000000000003fce0        0x0 build/cooja/contiki-ng-cooja.a(cooja_mt.o)
 .data          0x000000000003fce0        0x0 build/cooja/contiki-ng-cooja.a(cooja_mtarch.o)
 .data          0x000000000003fce0        0x0 build/cooja/contiki-ng-cooja.a(rtimer-arch.o)
 .data          0x000000000003fce0        0x0 build/cooja/contiki-ng-cooja.a(beep.o)
 .data          0x000000000003fce0        0x0 build/cooja/contiki-ng-cooja.a(leds-arch.o)
 .data          0x000000000003fce0        0x0 build/cooja/contiki-ng-cooja.a(moteid.o)
 .data          0x000000000003fce0        0x0 build/cooja/contiki-ng-cooja.a(pir-sensor.o)
 .data          0x000000000003fce0        0x0 build/cooja/contiki-ng-cooja.a(rs232.o)
 .data          0x000000000003fce0        0x0 build/cooja/contiki-ng-cooja.a(vib-sensor.o)
 .data          0x000000000003fce0        0x0 build/cooja/contiki-ng-cooja.a(clock.o)
 .data          0x000000000003fce0        0x0 build/cooja/contiki-ng-cooja.a(cooja-log.o)
 .data          0x000000000003fce0        0x0 build/cooja/contiki-ng-cooja.a(cfs-cooja.o)
 .data          0x000000000003fce0       0x20 build/cooja/contiki-ng-cooja.a(cooja-radio.o)
                0x000000000003fce0                simRadioHWOn
                0x000000000003fce4                simSignalStrength
                0x000000000003fce8                simLastSignalStrength
                0x000000000003fcec                simPower
                0x000000000003fcf0                simRadioChannel
                0x000000000003fcf4                simLQI
                0x000000000003fcf8                simLastLQI
 .data.rel.local
                0x000000000003fd00       0x20 build/cooja/contiki-ng-cooja.a(cooja-radio.o)
                0x000000000003fd00                cooja_radio_process
 .data          0x000000000003fd20        0x0 build/cooja/contiki-ng-cooja.a(eeprom.o)
 .data          0x000000000003fd20        0x0 build/cooja/contiki-ng-cooja.a(random.o)
 .data          0x000000000003fd20        0x0 build/cooja/contiki-ng-cooja.a(sensors.o)
 .data.rel.local
                0x000000000003fd20       0x20 build/cooja/contiki-ng-cooja.a(sensors.o)
                0x000000000003fd20                sensors_process
 .data          0x000000000003fd40        0x0 build/cooja/contiki-ng-cooja.a(leds.o)
 .data          0x000000000003fd40        0x0 build/cooja/contiki-ng-cooja.a(gpio-hal-arch.o)
 .data          0x000000000003fd40        0x1 build/cooja/contiki-ng-cooja.a(buttons.o)
                0x000000000003fd40                simButtonIsActive
 *fill*         0x000000000003fd41       0x1f 
 .data.rel.local
                0x000000000003fd60       0xb0 build/cooja/contiki-ng-cooja.a(buttons.o)
                0x000000000003fe00                button_hal_buttons
 .data          0x000000000003fe10        0x0 build/cooja/contiki-ng-cooja.a(temperature.o)
 *fill*         0x000000000003fe10       0x10 
 .data.rel.local
                0x000000000003fe20       0x20 build/cooja/contiki-ng-cooja.a(temperature.o)
                0x000000000003fe20                temp_sensor_process
 .data          0x000000000003fe40        0x0 build/cooja/contiki-ng-cooja.a(dust.o)
 .data.rel.local
                0x000000000003fe40       0x20 build/cooja/contiki-ng-cooja.a(dust.o)
                0x000000000003fe40                dust_sensor_process
 .data          0x000000000003fe60        0x0 build/cooja/contiki-ng-cooja.a(regolith.o)
 .data.rel.local
                0x000000000003fe60       0x20 build/cooja/contiki-ng-cooja.a(regolith.o)
                0x000000000003fe60                regolith_sensor_process
 .data          0x000000000003fe80        0x0 build/cooja/contiki-ng-cooja.a(utils.o)
 .data          0x000000000003fe80        0x0 build/cooja/contiki-ng-cooja.a(mqtt.o)
 .data.rel.local
                0x000000000003fe80       0x40 build/cooja/contiki-ng-cooja.a(mqtt.o)
                0x000000000003fea0                mqtt_process
 .data          0x000000000003fec0        0x0 build/cooja/contiki-ng-cooja.a(contiki-main.o)
 .data          0x000000000003fec0        0x0 build/cooja/contiki-ng-cooja.a(autostart.o)
 .data          0x000000000003fec0        0x0 build/cooja/contiki-ng-cooja.a(ctimer.o)
 .data.rel.local
                0x000000000003fec0       0x40 build/cooja/contiki-ng-cooja.a(ctimer.o)
                0x000000000003fee0                ctimer_process
 .data          0x000000000003ff00        0x0 build/cooja/contiki-ng-cooja.a(energest.o)
 .data          0x000000000003ff00        0x0 build/cooja/contiki-ng-cooja.a(etimer.o)
 .data.rel.local
                0x000000000003ff00       0x20 build/cooja/contiki-ng-cooja.a(etimer.o)
                0x000000000003ff00                etimer_process
 .data          0x000000000003ff20        0x4 build/cooja/contiki-ng-cooja.a(log.o)
                0x000000000003ff20                curr_log_level_main
 *fill*         0x000000000003ff24       0x1c 
 .data.rel      0x000000000003ff40      0x138 build/cooja/contiki-ng-cooja.a(log.o)
                0x000000000003ff40                all_modules
 .data          0x0000000000040078        0x0 build/cooja/contiki-ng-cooja.a(node-id.o)
 .data          0x0000000000040078        0x0 build/cooja/contiki-ng-cooja.a(process.o)
 .data          0x0000000000040078        0x0 build/cooja/contiki-ng-cooja.a(rtimer.o)
 .data          0x0000000000040078        0x0 build/cooja/contiki-ng-cooja.a(timer.o)
 .data          0x0000000000040078        0x0 build/cooja/contiki-ng-cooja.a(list.o)
 .data          0x0000000000040078        0x0 build/cooja/contiki-ng-cooja.a(button-hal.o)
 *fill*         0x0000000000040078        0x8 
 .data.rel.local
                0x0000000000040080       0x20 build/cooja/contiki-ng-cooja.a(button-hal.o)
                0x0000000000040080                button_hal_process
 .data          0x00000000000400a0        0x0 build/cooja/contiki-ng-cooja.a(gpio-hal.o)
 .data.rel.local
                0x00000000000400a0        0x8 build/cooja/contiki-ng-cooja.a(gpio-hal.o)
 .data          0x00000000000400a8        0x0 build/cooja/contiki-ng-cooja.a(serial-line.o)
 *fill*         0x00000000000400a8       0x18 
 .data.rel.local
                0x00000000000400c0       0x20 build/cooja/contiki-ng-cooja.a(serial-line.o)
                0x00000000000400c0                serial_line_process
 .data          0x00000000000400e0        0x0 build/cooja/contiki-ng-cooja.a(linkaddr.o)
 .data          0x00000000000400e0        0x0 build/cooja/contiki-ng-cooja.a(netstack.o)
 .data.rel.local
                0x00000000000400e0        0x8 build/cooja/contiki-ng-cooja.a(netstack.o)
 .data          0x00000000000400e8        0x0 build/cooja/contiki-ng-cooja.a(packetbuf.o)
 .data.rel.local
                0x00000000000400e8        0x8 build/cooja/contiki-ng-cooja.a(packetbuf.o)
 .data          0x00000000000400f0        0x0 build/cooja/contiki-ng-cooja.a(queuebuf.o)
 .data.rel.local
                0x00000000000400f0       0x38 build/cooja/contiki-ng-cooja.a(queuebuf.o)
 .data          0x0000000000040128        0x0 build/cooja/contiki-ng-cooja.a(printf.o)
 *fill*         0x0000000000040128        0x8 
 .data.rel.local
                0x0000000000040130       0x10 build/cooja/contiki-ng-cooja.a(printf.o)
 .data          0x0000000000040140        0x0 build/cooja/contiki-ng-cooja.a(putchar.o)
 .data          0x0000000000040140        0x0 build/cooja/contiki-ng-cooja.a(puts.o)
 .data          0x0000000000040140        0x0 build/cooja/contiki-ng-cooja.a(snprintf.o)
 .data          0x0000000000040140        0x0 build/cooja/contiki-ng-cooja.a(sprintf.o)
 .data          0x0000000000040140        0x0 build/cooja/contiki-ng-cooja.a(strformat.o)
 .data          0x0000000000040140        0x0 build/cooja/contiki-ng-cooja.a(csma.o)
 .data          0x0000000000040140        0x0 build/cooja/contiki-ng-cooja.a(sicslowpan.o)
 .data          0x0000000000040140        0x0 build/cooja/contiki-ng-cooja.a(tcp-socket.o)
 .data.rel.local
                0x0000000000040140       0x40 build/cooja/contiki-ng-cooja.a(tcp-socket.o)
                0x0000000000040160                tcp_socket_process
 .data          0x0000000000040180        0x0 build/cooja/contiki-ng-cooja.a(tcpip.o)
 .data.rel.local
                0x0000000000040180       0x20 build/cooja/contiki-ng-cooja.a(tcpip.o)
                0x0000000000040180                tcpip_process
 .data          0x00000000000401a0        0x0 build/cooja/contiki-ng-cooja.a(uip-ds6-nbr.o)
 .data.rel.local
                0x00000000000401a0       0x20 build/cooja/contiki-ng-cooja.a(uip-ds6-nbr.o)
 .data          0x00000000000401c0        0x0 build/cooja/contiki-ng-cooja.a(uip-ds6-route.o)
 .data.rel.local
                0x00000000000401c0       0x28 build/cooja/contiki-ng-cooja.a(uip-ds6-route.o)
 .data          0x00000000000401e8        0x0 build/cooja/contiki-ng-cooja.a(uip-ds6.o)
 .data          0x00000000000401e8        0x0 build/cooja/contiki-ng-cooja.a(uip-packetqueue.o)
 *fill*         0x00000000000401e8        0x8 
 .data.rel.local
                0x00000000000401f0       0x18 build/cooja/contiki-ng-cooja.a(uip-packetqueue.o)
 .data          0x0000000000040208        0x0 build/cooja/contiki-ng-cooja.a(uip6.o)
 .data          0x0000000000040208        0x0 build/cooja/contiki-ng-cooja.a(uipbuf.o)
 .data          0x0000000000040208        0x0 build/cooja/contiki-ng-cooja.a(uiplib.o)
 .data          0x0000000000040208        0x0 build/cooja/contiki-ng-cooja.a(rpl.o)
 .data          0x0000000000040208        0x0 build/cooja/contiki-ng-cooja.a(watchdog.o)
 .data          0x0000000000040208        0x0 build/cooja/contiki-ng-cooja.a(int-master.o)
 .data          0x0000000000040208        0x0 build/cooja/contiki-ng-cooja.a(stimer.o)
 .data          0x0000000000040208        0x0 build/cooja/contiki-ng-cooja.a(memb.o)
 .data          0x0000000000040208        0x0 build/cooja/contiki-ng-cooja.a(ringbuf.o)
 .data          0x0000000000040208        0x0 build/cooja/contiki-ng-cooja.a(link-stats.o)
 *fill*         0x0000000000040208        0x8 
 .data.rel.local
                0x0000000000040210       0x20 build/cooja/contiki-ng-cooja.a(link-stats.o)
 .data          0x0000000000040230        0x0 build/cooja/contiki-ng-cooja.a(nbr-table.o)
 .data.rel.local
                0x0000000000040230       0x20 build/cooja/contiki-ng-cooja.a(nbr-table.o)
 .data          0x0000000000040250        0x0 build/cooja/contiki-ng-cooja.a(mac-sequence.o)
 .data          0x0000000000040250        0x0 build/cooja/contiki-ng-cooja.a(framer-802154.o)
 .data          0x0000000000040250        0x0 build/cooja/contiki-ng-cooja.a(csma-output.o)
 .data.rel.local
                0x0000000000040250       0x60 build/cooja/contiki-ng-cooja.a(csma-output.o)
 .data          0x00000000000402b0        0x0 build/cooja/contiki-ng-cooja.a(csma-security.o)
 .data          0x00000000000402b0        0x0 build/cooja/contiki-ng-cooja.a(uip-icmp6.o)
 .data.rel.local
                0x00000000000402b0       0x48 build/cooja/contiki-ng-cooja.a(uip-icmp6.o)
 .data          0x00000000000402f8        0x0 build/cooja/contiki-ng-cooja.a(uip-nd6.o)
 *fill*         0x00000000000402f8        0x8 
 .data.rel.local
                0x0000000000040300       0x18 build/cooja/contiki-ng-cooja.a(uip-nd6.o)
 .data          0x0000000000040318        0x0 build/cooja/contiki-ng-cooja.a(uip-sr.o)
 *fill*         0x0000000000040318        0x8 
 .data.rel.local
                0x0000000000040320       0x28 build/cooja/contiki-ng-cooja.a(uip-sr.o)
 .data          0x0000000000040348        0x0 build/cooja/contiki-ng-cooja.a(rpl-dag-root.o)
 .data          0x0000000000040348        0x0 build/cooja/contiki-ng-cooja.a(rpl-dag.o)
 .data          0x0000000000040348        0x0 build/cooja/contiki-ng-cooja.a(rpl-ext-header.o)
 .data          0x0000000000040348        0x0 build/cooja/contiki-ng-cooja.a(rpl-icmp6.o)
 *fill*         0x0000000000040348        0x8 
 .data.rel.local
                0x0000000000040350       0x78 build/cooja/contiki-ng-cooja.a(rpl-icmp6.o)
 .data          0x00000000000403c8        0x0 build/cooja/contiki-ng-cooja.a(rpl-mrhof.o)
 *fill*         0x00000000000403c8       0x18 
 .data.rel.local
                0x00000000000403e0       0x48 build/cooja/contiki-ng-cooja.a(rpl-mrhof.o)
                0x00000000000403e0                rpl_mrhof
 .data          0x0000000000040428        0x0 build/cooja/contiki-ng-cooja.a(rpl-nbr-policy.o)
 .data          0x0000000000040428        0x0 build/cooja/contiki-ng-cooja.a(rpl-neighbor.o)
 *fill*         0x0000000000040428        0x8 
 .data.rel.local
                0x0000000000040430       0x20 build/cooja/contiki-ng-cooja.a(rpl-neighbor.o)
                0x0000000000040448                rpl_neighbors
 .data          0x0000000000040450        0x0 build/cooja/contiki-ng-cooja.a(rpl-timers.o)
 .data          0x0000000000040450        0x0 build/cooja/contiki-ng-cooja.a(assert.o)
 .data          0x0000000000040450        0x0 build/cooja/contiki-ng-cooja.a(mac.o)
 .data          0x0000000000040450        0x2 build/cooja/contiki-ng-cooja.a(frame802154.o)
 .data          0x0000000000040452        0x0 /usr/lib/gcc/x86_64-linux-gnu/11/crtendS.o
 .data          0x0000000000040452        0x0 /usr/lib/gcc/x86_64-linux-gnu/11/../../../x86_64-linux-gnu/crtn.o

.tm_clone_table
                0x0000000000040458        0x0
 .tm_clone_table
                0x0000000000040458        0x0 /usr/lib/gcc/x86_64-linux-gnu/11/crtbeginS.o
 .tm_clone_table
                0x0000000000040458        0x0 /usr/lib/gcc/x86_64-linux-gnu/11/crtendS.o

.data1
 *(.data1)
                [!provide]                        PROVIDE (_edata = .)
                [!provide]                        PROVIDE (edata = .)
                0x0000000000040458                . = .
                [!provide]                        PROVIDE (__bss_start = .)

.bss            0x0000000000040460    0x18260
 *(.dynbss)
 .dynbss        0x0000000000040460        0x0 /usr/lib/gcc/x86_64-linux-gnu/11/../../../x86_64-linux-gnu/crti.o
 *(.bss .bss.* .gnu.linkonce.b.*)
 .bss           0x0000000000040460        0x0 /usr/lib/gcc/x86_64-linux-gnu/11/../../../x86_64-linux-gnu/crti.o
 .bss           0x0000000000040460        0x1 /usr/lib/gcc/x86_64-linux-gnu/11/crtbeginS.o
 *fill*         0x0000000000040461       0x1f 
 .bss           0x0000000000040480      0xa88 mqtt-sensor.o
 *fill*         0x0000000000040f08       0x18 
 .bss           0x0000000000040f20     0x4060 build/cooja/mtype424400991.o
                0x0000000000040f20                sensors_flags
                0x0000000000040f28                referenceVar
 .bss           0x0000000000044f80       0x18 build/cooja/contiki-ng-cooja.a(simEnvChange.o)
                0x0000000000044f80                simDontFallAsleep
                0x0000000000044f84                simProcessRunValue
                0x0000000000044f88                simEtimerPending
                0x0000000000044f90                simEtimerNextExpirationTime
 .bss           0x0000000000044f98        0x8 build/cooja/contiki-ng-cooja.a(cooja_mt.o)
 .bss           0x0000000000044fa0        0x8 build/cooja/contiki-ng-cooja.a(cooja_mtarch.o)
 .bss           0x0000000000044fa8       0x18 build/cooja/contiki-ng-cooja.a(rtimer-arch.o)
                0x0000000000044fa8                simRtimerPending
                0x0000000000044fb0                simRtimerNextExpirationTime
                0x0000000000044fb8                simRtimerCurrentTicks
 .bss           0x0000000000044fc0        0x1 build/cooja/contiki-ng-cooja.a(beep.o)
                0x0000000000044fc0                simBeeped
 .bss           0x0000000000044fc1        0x1 build/cooja/contiki-ng-cooja.a(leds-arch.o)
                0x0000000000044fc1                simLedsValue
 *fill*         0x0000000000044fc2        0x2 
 .bss           0x0000000000044fc4        0xc build/cooja/contiki-ng-cooja.a(moteid.o)
                0x0000000000044fc4                simMoteID
                0x0000000000044fc8                simMoteIDChanged
                0x0000000000044fcc                simRandomSeed
 .bss           0x0000000000044fd0        0x3 build/cooja/contiki-ng-cooja.a(pir-sensor.o)
                0x0000000000044fd0                simPirChanged
                0x0000000000044fd1                simPirIsActive
                0x0000000000044fd2                simPirValue
 *fill*         0x0000000000044fd3        0xd 
 .bss           0x0000000000044fe0      0x810 build/cooja/contiki-ng-cooja.a(rs232.o)
                0x0000000000044fe0                simSerialReceivingData
                0x00000000000457e0                simSerialReceivingLength
                0x00000000000457e4                simSerialReceivingFlag
 .bss           0x00000000000457f0        0x3 build/cooja/contiki-ng-cooja.a(vib-sensor.o)
                0x00000000000457f0                simVibChanged
                0x00000000000457f1                simVibIsActive
                0x00000000000457f2                simVibValue
 *fill*         0x00000000000457f3        0x5 