Archive member included to satisfy reference by file (symbol)

build/cooja/contiki-ng-cooja.a(simEnvChange.o)
                              build/cooja/mtype974500138.o (simDontFallAsleep)
build/cooja/contiki-ng-cooja.a(cooja_mt.o)
                              build/cooja/mtype974500138.o (cooja_mt_start)
build/cooja/contiki-ng-cooja.a(cooja_mtarch.o)
                              build/cooja/contiki-ng-cooja.a(cooja_mt.o) (cooja_mtarch_start)
build/cooja/contiki-ng-cooja.a(rtimer-arch.o)
                              build/cooja/mtype974500138.o (rtimer_arch_check)
build/cooja/contiki-ng-cooja.a(beep.o)
                              build/cooja/mtype974500138.o (beep_interface)
build/cooja/contiki-ng-cooja.a(leds-arch.o)
                              build/cooja/mtype974500138.o (leds_interface)
build/cooja/contiki-ng-cooja.a(moteid.o)
                              build/cooja/mtype974500138.o (moteid_interface)
build/cooja/contiki-ng-cooja.a(pir-sensor.o)
                              build/cooja/mtype974500138.o (pir_interface)
build/cooja/contiki-ng-cooja.a(rs232.o)
                              build/cooja/mtype974500138.o (rs232_interface)
build/cooja/contiki-ng-cooja.a(vib-sensor.o)
                              build/cooja/mtype974500138.o (vib_interface)
build/cooja/contiki-ng-cooja.a(clock.o)
                              build/cooja/mtype974500138.o (clock_interface)
build/cooja/contiki-ng-cooja.a(cooja-log.o)
                              build/cooja/mtype974500138.o (simlog_interface)
build/cooja/contiki-ng-cooja.a(cfs-cooja.o)
                              build/cooja/mtype974500138.o (cfs_interface)
build/cooja/contiki-ng-cooja.a(cooja-radio.o)
                              build/cooja/mtype974500138.o (radio_interface)
build/cooja/contiki-ng-cooja.a(eeprom.o)
                              build/cooja/mtype974500138.o (eeprom_interface)
build/cooja/contiki-ng-cooja.a(random.o)
                              build/cooja/contiki-ng-cooja.a(moteid.o) (random_init)
build/cooja/contiki-ng-cooja.a(sensors.o)
                              build/cooja/contiki-ng-cooja.a(pir-sensor.o) (sensors_changed)
build/cooja/contiki-ng-cooja.a(leds.o)
                              coap-sensor.o (leds_off)
build/cooja/contiki-ng-cooja.a(gpio-hal-arch.o)
                              build/cooja/contiki-ng-cooja.a(leds-arch.o) (gpio_hal_arch_register_pin_callback)
build/cooja/contiki-ng-cooja.a(buttons.o)
                              build/cooja/mtype974500138.o (button_interface)
build/cooja/contiki-ng-cooja.a(temperature.o)
                              coap-sensor.o (TEMP_SAMPLE_EVENT)
build/cooja/contiki-ng-cooja.a(dust.o)
                              coap-sensor.o (DUST_SAMPLE_EVENT)
build/cooja/contiki-ng-cooja.a(regolith.o)
                              coap-sensor.o (REGOLITH_SAMPLE_EVENT)
build/cooja/contiki-ng-cooja.a(utils.o)
                              build/cooja/contiki-ng-cooja.a(temperature.o) (rand_sample_range)
build/cooja/contiki-ng-cooja.a(res-temperature.o)
                              coap-sensor.o (res_temperature_start)
build/cooja/contiki-ng-cooja.a(res-dust.o)
                              coap-sensor.o (res_dust_start)
build/cooja/contiki-ng-cooja.a(res-regolith.o)
                              coap-sensor.o (res_regolith_start)
build/cooja/contiki-ng-cooja.a(coap-blocking-api.o)
                              coap-sensor.o (coap_blocking_request)
build/cooja/contiki-ng-cooja.a(coap-engine.o)
                              build/cooja/contiki-ng-cooja.a(res-temperature.o) (coap_activate_resource)
build/cooja/contiki-ng-cooja.a(coap-observe.o)
                              build/cooja/contiki-ng-cooja.a(coap-engine.o) (coap_remove_observer_by_mid)
build/cooja/contiki-ng-cooja.a(coap-res-well-known-core.o)
                              build/cooja/contiki-ng-cooja.a(coap-engine.o) (res_well_known_core)
build/cooja/contiki-ng-cooja.a(coap-timer.o)
                              build/cooja/contiki-ng-cooja.a(coap-engine.o) (coap_timer_set)
build/cooja/contiki-ng-cooja.a(coap-transactions.o)
                              build/cooja/contiki-ng-cooja.a(coap-blocking-api.o) (coap_send_transaction)
build/cooja/contiki-ng-cooja.a(coap-uip.o)
                              build/cooja/contiki-ng-cooja.a(coap-observe.o) (coap_endpoint_copy)
build/cooja/contiki-ng-cooja.a(coap.o)
                              build/cooja/contiki-ng-cooja.a(coap-engine.o) (coap_status_code)
build/cooja/contiki-ng-cooja.a(contiki-main.o)
                              build/cooja/mtype974500138.o (main)
build/cooja/contiki-ng-cooja.a(autostart.o)
                              build/cooja/contiki-ng-cooja.a(contiki-main.o) (autostart_start)
build/cooja/contiki-ng-cooja.a(ctimer.o)
                              build/cooja/contiki-ng-cooja.a(contiki-main.o) (ctimer_init)
build/cooja/contiki-ng-cooja.a(energest.o)
                              build/cooja/contiki-ng-cooja.a(contiki-main.o) (energest_init)
[...]
Memory Configuration

Name             Origin             Length             Attributes
*default*        0x0000000000000000 0xffffffffffffffff

Linker script and memory map

LOAD /usr/lib/gcc/x86_64-linux-gnu/11/../../../x86_64-linux-gnu/crti.o
LOAD /usr/lib/gcc/x86_64-linux-gnu/11/crtbeginS.o
LOAD coap-sensor.o
LOAD build/cooja/mtype974500138.o
LOAD build/cooja/contiki-ng-cooja.a
LOAD /usr/lib/gcc/x86_64-linux-gnu/11/libgcc.a
LOAD /usr/lib/gcc/x86_64-linux-gnu/11/libgcc_s.so
START GROUP
LOAD /usr/lib/gcc/x86_64-linux-gnu/11/../../../x86_64-linux-gnu/libgcc_s.so.1
LOAD /usr/lib/gcc/x86_64-linux-gnu/11/libgcc.a
END GROUP
LOAD /usr/lib/gcc/x86_64-linux-gnu/11/../../../x86_64-linux-gnu/libc.so
START GROUP
LOAD /lib/x86_64-linux-gnu/libc.so.6
LOAD /usr/lib/x86_64-linux-gnu/libc_nonshared.a
LOAD /lib64/ld-linux-x86-64.so.2
END GROUP
LOAD /usr/lib/gcc/x86_64-linux-gnu/11/libgcc.a
LOAD /usr/lib/gcc/x86_64-linux-gnu/11/libgcc_s.so
START GROUP
LOAD /usr/lib/gcc/x86_64-linux-gnu/11/../../../x86_64-linux-gnu/libgcc_s.so.1
LOAD /usr/lib/gcc/x86_64-linux-gnu/11/libgcc.a
END GROUP
LOAD /usr/lib/gcc/x86_64-linux-gnu/11/crtendS.o
LOAD /usr/lib/gcc/x86_64-linux-gnu/11/../../../x86_64-linux-gnu/crtn.o
                0x00000000000002a8                . = (SEGMENT_START ("text-segment", 0x0) + SIZEOF_HEADERS)

.note.gnu.property
                0x00000000000002a8       0x20
 .note.gnu.property
                0x00000000000002a8       0x20 /usr/lib/gcc/x86_64-linux-gnu/11/../../../x86_64-linux-gnu/crti.o

.note.gnu.build-id
                0x00000000000002c8       0x24
 *(.note.gnu.build-id)
 .note.gnu.build-id
                0x00000000000002c8       0x24 /usr/lib/gcc/x86_64-linux-gnu/11/../../../x86_64-linux-gnu/crti.o

.hash
 *(.hash)

.gnu.hash       0x00000000000002f0     0x1628
 *(.gnu.hash)
 .gnu.hash      0x00000000000002f0     0x1628 /usr/lib/gcc/x86_64-linux-gnu/11/../../../x86_64-linux-gnu/crti.o

.dynsym         0x0000000000001918     0x4968
 *(.dynsym)
 .dynsym        0x0000000000001918     0x4968 /usr/lib/gcc/x86_64-linux-gnu/11/../../../x86_64-linux-gnu/crti.o

.dynstr         0x0000000000006280     0x3949
 *(.dynstr)
 .dynstr        0x0000000000006280     0x3949 /usr/lib/gcc/x86_64-linux-gnu/11/../../../x86_64-linux-gnu/crti.o

.gnu.version    0x0000000000009bca      0x61e
 *(.gnu.version)
 .gnu.version   0x0000000000009bca      0x61e /usr/lib/gcc/x86_64-linux-gnu/11/../../../x86_64-linux-gnu/crti.o

.gnu.version_d  0x000000000000a1e8        0x0
 *(.gnu.version_d)
 .gnu.version_d
                0x000000000000a1e8        0x0 /usr/lib/gcc/x86_64-linux-gnu/11/../../../x86_64-linux-gnu/crti.o

.gnu.version_r  0x000000000000a1e8       0x40
 *(.gnu.version_r)
 .gnu.version_r
                0x000000000000a1e8       0x40 /usr/lib/gcc/x86_64-linux-gnu/11/../../../x86_64-linux-gnu/crti.o

.rela.dyn       0x000000000000a228     0x2460
 *(.rela.init)
 *(.rela.text .rela.text.* .rela.gnu.linkonce.t.*)
 .rela.text     0x000000000000a228        0x0 /usr/lib/gcc/x86_64-linux-gnu/11/../../../x86_64-linux-gnu/crti.o
 *(.rela.fini)
 *(.rela.rodata .rela.rodata.* .rela.gnu.linkonce.r.*)
 *(.rela.data .rela.data.* .rela.gnu.linkonce.d.*)
 .rela.data.rel.local
                0x000000000000a228      0xa80 /usr/lib/gcc/x86_64-linux-gnu/11/../../../x86_64-linux-gnu/crti.o
 .rela.data.rel.ro
                0x000000000000aca8      0x288 /usr/lib/gcc/x86_64-linux-gnu/11/../../../x86_64-linux-gnu/crti.o
 .rela.data.rel
                0x000000000000af30      0x3a8 /usr/lib/gcc/x86_64-linux-gnu/11/../../../x86_64-linux-gnu/crti.o
 .rela.data.rel.ro.local
                0x000000000000b2d8      0x5e8 /usr/lib/gcc/x86_64-linux-gnu/11/../../../x86_64-linux-gnu/crti.o
 *(.rela.tdata .rela.tdata.* .rela.gnu.linkonce.td.*)
 *(.rela.tbss .rela.tbss.* .rela.gnu.linkonce.tb.*)
 *(.rela.ctors)
 *(.rela.dtors)
 *(.rela.got)
 .rela.got      0x000000000000b8c0      0xd98 /usr/lib/gcc/x86_64-linux-gnu/11/../../../x86_64-linux-gnu/crti.o
 *(.rela.bss .rela.bss.* .rela.gnu.linkonce.b.*)
 *(.rela.ldata .rela.ldata.* .rela.gnu.linkonce.l.*)
 *(.rela.lbss .rela.lbss.* .rela.gnu.linkonce.lb.*)
 *(.rela.lrodata .rela.lrodata.* .rela.gnu.linkonce.lr.*)
 *(.rela.ifunc)
 .rela.ifunc    0x000000000000c658        0x0 /usr/lib/gcc/x86_64-linux-gnu/11/../../../x86_64-linux-gnu/crti.o
 .rela.fini_array
                0x000000000000c658       0x18 /usr/lib/gcc/x86_64-linux-gnu/11/../../../x86_64-linux-gnu/crti.o
 .rela.init_array
                0x000000000000c670       0x18 /usr/lib/gcc/x86_64-linux-gnu/11/../../../x86_64-linux-gnu/crti.o

.rela.plt       0x000000000000c688     0x26d0
 *(.rela.plt)
 .rela.plt      0x000000000000c688     0x26d0 /usr/lib/gcc/x86_64-linux-gnu/11/../../../x86_64-linux-gnu/crti.o
 *(.rela.iplt)

.relr.dyn
 *(.relr.dyn)
                0x000000000000f000                . = ALIGN (CONSTANT (MAXPAGESIZE))

.init           0x000000000000f000       0x1b
 *(SORT_NONE(.init))
 .init          0x000000000000f000       0x16 /usr/lib/gcc/x86_64-linux-gnu/11/../../../x86_64-linux-gnu/crti.o
                0x000000000000f000                _init
 .init          0x000000000000f016        0x5 /usr/lib/gcc/x86_64-linux-gnu/11/../../../x86_64-linux-gnu/crtn.o

.plt            0x000000000000f020     0x19f0
 *(.plt)
 .plt           0x000000000000f020     0x19f0 /usr/lib/gcc/x86_64-linux-gnu/11/../../../x86_64-linux-gnu/crti.o
 *(.iplt)

.plt.got        0x0000000000010a10       0x30
 *(.plt.got)
 .plt.got       0x0000000000010a10       0x30 /usr/lib/gcc/x86_64-linux-gnu/11/../../../x86_64-linux-gnu/crti.o

.plt.sec        0x0000000000010a40     0x19e0
 *(.plt.sec)
 .plt.sec       0x0000000000010a40     0x19e0 /usr/lib/gcc/x86_64-linux-gnu/11/../../../x86_64-linux-gnu/crti.o

.text           0x0000000000012420    0x21626
 *(.text.unlikely .text.*_unlikely .text.unlikely.*)
 *(.text.exit .text.exit.*)
 *(.text.startup .text.startup.*)
 *(.text.hot .text.hot.*)
 *(SORT_BY_NAME(.text.sorted.*))
 *(.text .stub .text.* .gnu.linkonce.t.*)
 .text          0x0000000000012420        0x0 /usr/lib/gcc/x86_64-linux-gnu/11/../../../x86_64-linux-gnu/crti.o
 .text          0x0000000000012420       0xb9 /usr/lib/gcc/x86_64-linux-gnu/11/crtbeginS.o
 .text          0x00000000000124d9      0x6b8 coap-sensor.o
                0x00000000000124d9                client_chunk_handler
 .text          0x0000000000012b91      0x374 build/cooja/mtype974500138.o
                0x0000000000012c47                platform_init_stage_one
                0x0000000000012c5c                platform_init_stage_two
                0x0000000000012c71                platform_init_stage_three
                0x0000000000012c86                platform_main_loop
                0x0000000000012d20                JNI_OnLoad
                0x0000000000012d37                Java_org_contikios_cooja_corecomm_Lib2_init
                0x0000000000012d8a                Java_org_contikios_cooja_corecomm_Lib2_getMemory
                0x0000000000012de9                Java_org_contikios_cooja_corecomm_Lib2_setMemory
                0x0000000000012e48                Java_org_contikios_cooja_corecomm_Lib2_tick
                0x0000000000012ed6                Java_org_contikios_cooja_corecomm_Lib2_setReferenceAddress
 .text          0x0000000000012f05       0x93 build/cooja/contiki-ng-cooja.a(simEnvChange.o)
                0x0000000000012f05                doActionsBeforeTick
                0x0000000000012f4e                doActionsAfterTick
 .text          0x0000000000012f98       0xab build/cooja/contiki-ng-cooja.a(cooja_mt.o)
                0x0000000000012f98                cooja_mt_start
                0x0000000000012fd8                cooja_mt_exec
                0x000000000001301b                cooja_mt_yield
 .text          0x0000000000013043      0x10e build/cooja/contiki-ng-cooja.a(cooja_mtarch.o)
                0x0000000000013043                cooja_mtarch_start
                0x00000000000130e6                cooja_sw
                0x0000000000013113                cooja_mtarch_exec
                0x0000000000013141                cooja_mtarch_yield
 .text          0x0000000000013151       0xcc build/cooja/contiki-ng-cooja.a(rtimer-arch.o)
                0x0000000000013151                rtimer_arch_init
                0x0000000000013177                rtimer_arch_schedule
                0x00000000000131a1                rtimer_arch_next
                0x00000000000131b5                rtimer_arch_pending
                0x00000000000131c8                rtimer_arch_check
                0x0000000000013209                rtimer_arch_now
 .text          0x000000000001321d       0xe6 build/cooja/contiki-ng-cooja.a(beep.o)
                0x000000000001321d                beep_alarm
                0x0000000000013238                beep_beep
                0x0000000000013250                beep
                0x0000000000013265                beep_down
                0x000000000001327d                beep_on
                0x0000000000013292                beep_off
                0x00000000000132a7                beep_spinup
                0x00000000000132bc                beep_quick
                0x00000000000132d4                beep_long
 .text          0x0000000000013303       0x80 build/cooja/contiki-ng-cooja.a(leds-arch.o)
                0x000000000001331c                leds_arch_init
 .text          0x0000000000013383       0x41 build/cooja/contiki-ng-cooja.a(moteid.o)
 .text          0x00000000000133c4       0xfa build/cooja/contiki-ng-cooja.a(pir-sensor.o)
 .text          0x00000000000134be      0x18b build/cooja/contiki-ng-cooja.a(rs232.o)
                0x00000000000134be                rs232_init
                0x00000000000134c9                rs232_set_speed
                0x00000000000134d9                rs232_set_input
                0x00000000000134f3                rs232_send
                0x0000000000013512                rs232_print
                0x0000000000013540                slip_arch_writeb
 .text          0x0000000000013649       0xfa build/cooja/contiki-ng-cooja.a(vib-sensor.o)
 .text          0x0000000000013743       0x6f build/cooja/contiki-ng-cooja.a(clock.o)
                0x0000000000013743                clock_init
                0x000000000001374e                clock_time
                0x0000000000013762                clock_seconds
                0x000000000001378e                clock_delay
 .text          0x00000000000137b2      0x214 build/cooja/contiki-ng-cooja.a(cooja-log.o)
                0x00000000000137b2                simlog_char
                0x000000000001380c                simlog
                0x0000000000013891                log_message
                0x00000000000138d6                log_set_putchar_with_slip
                0x00000000000138ed                dbg_putchar
                0x000000000001396e                dbg_send_bytes
 .text          0x00000000000139c6      0x39b build/cooja/contiki-ng-cooja.a(cfs-cooja.o)
                0x00000000000139c6                cfs_open
                0x0000000000013a43                cfs_close
                0x0000000000013a58                cfs_read
                0x0000000000013b1f                cfs_write
                0x0000000000013c2f                cfs_seek
                0x0000000000013cde                cfs_remove
                0x0000000000013d0e                cfs_opendir
                0x0000000000013d25                cfs_readdir
                0x0000000000013d3c                cfs_closedir
 .text          0x0000000000013d61      0x79f build/cooja/contiki-ng-cooja.a(cooja-radio.o)
                0x0000000000013dc0                radio_set_channel
                0x0000000000013dda                radio_set_txpower
                0x0000000000013df7                radio_signal_strength_last
                0x0000000000013e0a                radio_signal_strength_current
                0x0000000000013e1d                radio_LQI
 .text          0x0000000000014500      0x163 build/cooja/contiki-ng-cooja.a(eeprom.o)
                0x0000000000014500                eeprom_init
                0x000000000001450f                eeprom_read
                0x00000000000145ae                eeprom_write
 .text          0x0000000000014663       0x2f build/cooja/contiki-ng-cooja.a(random.o)
                0x0000000000014663                random_init
                0x0000000000014683                random_rand
 .text          0x0000000000014692      0x35f build/cooja/contiki-ng-cooja.a(sensors.o)
                0x00000000000146db                sensors_first
                0x00000000000146ef                sensors_next
                0x000000000001471e                sensors_changed
                0x000000000001476b                sensors_find
 .text          0x00000000000149f1      0x3ad build/cooja/contiki-ng-cooja.a(leds.o)
                0x00000000000149f1                leds_init
                0x0000000000014a3c                leds_single_on
                0x0000000000014aa9                leds_single_off
                0x0000000000014b16                leds_single_toggle
                0x0000000000014b4e                leds_on
                0x0000000000014bdf                leds_off
                0x0000000000014c70                leds_toggle
                0x0000000000014ccc                leds_set
                0x0000000000014cf5                leds_get
 .text          0x0000000000014d9e      0x41b build/cooja/contiki-ng-cooja.a(gpio-hal-arch.o)
                0x0000000000014d9e                gpio_hal_arch_register_pin_callback
                0x0000000000014e45                gpio_hal_arch_init
                0x0000000000014e9b                gpio_hal_arch_no_port_interrupt_enable
                0x0000000000014ee8                gpio_hal_arch_no_port_interrupt_disable
                0x0000000000014f35                gpio_hal_arch_no_port_pin_cfg_set
                0x0000000000014f6b                gpio_hal_arch_no_port_pin_cfg_get
                0x0000000000014f9f                gpio_hal_arch_no_port_pin_set_input
                0x0000000000014fb2                gpio_hal_arch_no_port_pin_set_output
                0x0000000000014fc5                gpio_hal_arch_no_port_set_pin
                0x0000000000014fe9                gpio_hal_arch_no_port_clear_pin
                0x000000000001500d                gpio_hal_arch_no_port_read_pin
                0x000000000001503a                gpio_hal_arch_no_port_write_pin
                0x0000000000015064                gpio_hal_arch_no_port_set_pins
                0x00000000000150b3                gpio_hal_arch_no_port_clear_pins
                0x0000000000015102                gpio_hal_arch_no_port_read_pins
                0x0000000000015150                gpio_hal_arch_no_port_write_pins
 .text          0x00000000000151b9       0xa8 build/cooja/contiki-ng-cooja.a(buttons.o)
 .text          0x0000000000015261      0x1b2 build/cooja/contiki-ng-cooja.a(temperature.o)
 .text          0x0000000000015413      0x20c build/cooja/contiki-ng-cooja.a(dust.o)
 .text          0x000000000001561f      0x2cc build/cooja/contiki-ng-cooja.a(regolith.o)
 .text          0x00000000000158eb      0x13c build/cooja/contiki-ng-cooja.a(utils.o)
                0x00000000000158eb                rand_sample_range
                0x0000000000015932                rand_sample_variation_range
                0x00000000000159c0                buffer_json_message
 .text          0x0000000000015a27      0x3d9 build/cooja/contiki-ng-cooja.a(res-temperature.o)
                0x0000000000015d8d                res_temperature_start
                0x0000000000015dbb                res_temperature_update
                0x0000000000015def                res_temperature_alarm
 .text          0x0000000000015e00      0x3d9 build/cooja/contiki-ng-cooja.a(res-dust.o)
                0x0000000000016166                res_dust_start
                0x0000000000016194                res_dust_update
                0x00000000000161c8                res_dust_alarm
 .text          0x00000000000161d9      0x3eb build/cooja/contiki-ng-cooja.a(res-regolith.o)
                0x000000000001653f                res_regolith_start
                0x000000000001656d                res_regolith_update
                0x00000000000165a1                res_regolith_alarm
                0x00000000000165b2                res_regolith_alarm_disable
 .text          0x00000000000165c4      0x2e0 build/cooja/contiki-ng-cooja.a(coap-blocking-api.o)
                0x00000000000165c4                coap_blocking_request_callback
                0x00000000000165ff                coap_blocking_request
 .text          0x00000000000168a4      0xdaa build/cooja/contiki-ng-cooja.a(coap-engine.o)
                0x0000000000016973                coap_add_handler
                0x000000000001699c                coap_remove_handler
                0x00000000000169c5                coap_call_handlers
                0x0000000000016b06                coap_receive
                0x00000000000171bc                coap_engine_init
                0x000000000001721c                coap_activate_resource
                0x00000000000172ed                coap_get_first_resource
                0x0000000000017306                coap_get_next_resource
 .text          0x000000000001764e      0xa9c build/cooja/contiki-ng-cooja.a(coap-observe.o)
                0x000000000001779f                coap_remove_observer
                0x00000000000177de                coap_remove_observer_by_client
                0x0000000000017854                coap_remove_observer_by_token
                0x0000000000017902                coap_remove_observer_by_uri
                0x00000000000179bf                coap_remove_observer_by_mid
                0x0000000000017a49                coap_notify_observers
                0x0000000000017a6d                coap_notify_observers_sub
                0x0000000000017f1f                coap_observe_handler
                0x0000000000018073                coap_has_observers
 .text          0x00000000000180ea      0x376 build/cooja/contiki-ng-cooja.a(coap-res-well-known-core.o)
 .text          0x0000000000018460      0x322 build/cooja/contiki-ng-cooja.a(coap-timer.o)
                0x0000000000018572                coap_timer_stop
                0x00000000000185a8                coap_timer_set
                0x00000000000185df                coap_timer_reset
                0x0000000000018619                coap_timer_time_to_next_expiration
                0x0000000000018672                coap_timer_run
                0x0000000000018739                coap_timer_init
 .text          0x0000000000018782      0x33a build/cooja/contiki-ng-cooja.a(coap-transactions.o)
                0x0000000000018814                coap_new_transaction
                0x000000000001888b                coap_send_transaction
                0x0000000000018a0a                coap_clear_transaction
                0x0000000000018a60                coap_get_transaction_by_mid
 .text          0x0000000000018abc      0x8b4 build/cooja/contiki-ng-cooja.a(coap-uip.o)
                0x0000000000018abc                coap_endpoint_log
                0x0000000000018b58                coap_endpoint_print
                0x0000000000018bf4                coap_endpoint_snprint
                0x0000000000018d7a                coap_endpoint_copy
                0x0000000000018dc2                coap_endpoint_cmp
                0x0000000000018f17                coap_endpoint_parse
                0x0000000000019146                coap_endpoint_is_secure
                0x000000000001915f                coap_endpoint_is_connected
                0x00000000000191a5                coap_endpoint_connect
                0x00000000000191cb                coap_endpoint_disconnect
                0x00000000000191da                coap_databuf
                0x00000000000191ee                coap_transport_init
                0x000000000001924e                coap_sendto
 .text          0x0000000000019370     0x24a7 build/cooja/contiki-ng-cooja.a(coap.o)
                0x0000000000019a48                coap_init_connection
                0x0000000000019a5f                coap_get_mid
                0x0000000000019a81                coap_init_message
                0x0000000000019ad7                coap_serialize_message
                0x000000000001a260                coap_parse_message
                0x000000000001aa94                coap_get_query_variable
                0x000000000001aaf0                coap_get_post_variable
                0x000000000001ab4a                coap_set_status_code
                0x000000000001ab7c                coap_set_token
                0x000000000001abdc                coap_get_header_content_format
                0x000000000001ac24                coap_set_header_content_format
                0x000000000001ac5c                coap_get_header_accept
                0x000000000001aca7                coap_set_header_accept
                0x000000000001ace2                coap_get_header_max_age
                0x000000000001ad2b                coap_set_header_max_age
                0x000000000001ad60                coap_get_header_etag
                0x000000000001adac                coap_set_header_etag
                0x000000000001ae1d                coap_get_header_if_match
                0x000000000001ae6f                coap_set_header_if_match
                0x000000000001aeec                coap_get_header_if_none_match
                0x000000000001af17                coap_set_header_if_none_match
                0x000000000001af3f                coap_get_header_proxy_uri
                0x000000000001af88                coap_set_header_proxy_uri
                0x000000000001afd7                coap_get_header_uri_host
                0x000000000001b020                coap_set_header_uri_host
                0x000000000001b06f                coap_get_header_uri_path
                0x000000000001b0be                coap_set_header_uri_path
                0x000000000001b128                coap_get_header_uri_query
                0x000000000001b177                coap_set_header_uri_query
                0x000000000001b1e1                coap_get_header_location_path
                0x000000000001b22a                coap_set_header_location_path
                0x000000000001b2e0                coap_get_header_location_query
                0x000000000001b32f                coap_set_header_location_query
                0x000000000001b399                coap_get_header_observe
                0x000000000001b3e2                coap_set_header_observe
                0x000000000001b41a                coap_get_header_block2
                0x000000000001b4bc                coap_set_header_block2
                0x000000000001b54c                coap_get_header_block1
                0x000000000001b5ee                coap_set_header_block1
                0x000000000001b679                coap_get_header_size2
                0x000000000001b6c0                coap_set_header_size2
                0x000000000001b6f8                coap_get_header_size1
                0x000000000001b73f                coap_set_header_size1
                0x000000000001b777                coap_get_payload
                0x000000000001b7c7                coap_set_payload
 .text          0x000000000001b817      0x405 build/cooja/contiki-ng-cooja.a(contiki-main.o)
                0x000000000001b817                main
 .text          0x000000000001bc1c       0xbd build/cooja/contiki-ng-cooja.a(autostart.o)
                0x000000000001bc1c                autostart_start
                0x000000000001bc7d                autostart_exit
 .text          0x000000000001bcd9      0x441 build/cooja/contiki-ng-cooja.a(ctimer.o)
                0x000000000001be3b                ctimer_init
                0x000000000001be70                ctimer_set
                0x000000000001beb4                ctimer_set_with_process
                0x000000000001bf6e                ctimer_reset
                0x000000000001bfdf                ctimer_restart
                0x000000000001c050                ctimer_stop
                0x000000000001c0ae                ctimer_expired
 .text          0x000000000001c11a       0x25 build/cooja/contiki-ng-cooja.a(energest.o)
                0x000000000001c11a                energest_init
                0x000000000001c125                energest_flush
                0x000000000001c130                energest_get_total_time
 .text          0x000000000001c13f      0x57c build/cooja/contiki-ng-cooja.a(etimer.o)
                0x000000000001c3e7                etimer_request_poll
                0x000000000001c499                etimer_set
                0x000000000001c4cf                etimer_reset_with_new_interval
                0x000000000001c50a                etimer_reset
                0x000000000001c535                etimer_restart
                0x000000000001c560                etimer_adjust
                0x000000000001c591                etimer_expired
                0x000000000001c5b0                etimer_expiration_time
                0x000000000001c5d0                etimer_start_time
                0x000000000001c5e5                etimer_pending
                0x000000000001c5ff                etimer_next_expiration_time
                0x000000000001c620                etimer_stop
 .text          0x000000000001c6bb      0x539 build/cooja/contiki-ng-cooja.a(log.o)
                0x000000000001c6bb                log_6addr
                0x000000000001c721                log_6addr_compact_snprint
                0x000000000001c7fc                log_6addr_compact
                0x000000000001c862                log_lladdr
                0x000000000001c8e2                log_lladdr_compact
                0x000000000001c964                log_bytes
                0x000000000001c9c4                log_set_level
                0x000000000001cad2                log_get_level
                0x000000000001cb89                log_level_to_str
 .text          0x000000000001cbf4       0x36 build/cooja/contiki-ng-cooja.a(node-id.o)
                0x000000000001cbf4                node_id_init
 .text          0x000000000001cc2a      0x673 build/cooja/contiki-ng-cooja.a(process.o)
                0x000000000001cc2a                process_alloc_event
                0x000000000001cc44                process_start
                0x000000000001ceb4                process_exit
                0x000000000001cee0                process_init
                0x000000000001d0d7                process_run
                0x000000000001d10c                process_nevents
                0x000000000001d12c                process_post
                0x000000000001d1f4                process_post_synch
                0x000000000001d242                process_poll
                0x000000000001d27f                process_is_running
 .text          0x000000000001d29d      0x101 build/cooja/contiki-ng-cooja.a(rtimer.o)
                0x000000000001d29d                rtimer_init
                0x000000000001d2ad                rtimer_set
                0x000000000001d32e                rtimer_run_next
 .text          0x000000000001d39e       0xfd build/cooja/contiki-ng-cooja.a(timer.o)
                0x000000000001d39e                timer_set
                0x000000000001d3cd                timer_reset
                0x000000000001d409                timer_restart
                0x000000000001d428                timer_expired
                0x000000000001d463                timer_remaining
 .text          0x000000000001d49b      0x39b build/cooja/contiki-ng-cooja.a(list.o)
                0x000000000001d49b                list_init
                0x000000000001d4b5                list_head
                0x000000000001d4ca                list_copy
                0x000000000001d4eb                list_tail
                0x000000000001d534                list_add
                0x000000000001d598                list_push
                0x000000000001d5db                list_chop
                0x000000000001d668                list_pop
                0x000000000001d6a2                list_remove
                0x000000000001d72e                list_length
                0x000000000001d769                list_insert
                0x000000000001d7cc                list_item_next
                0x000000000001d7ef                list_contains
 .text          0x000000000001d836      0x21a build/cooja/contiki-ng-cooja.a(memb.o)
                0x000000000001d836                memb_init
                0x000000000001d899                memb_alloc
                0x000000000001d913                memb_free
                0x000000000001d9a6                memb_inmemb
                0x000000000001d9fd                memb_numfree
 .text          0x000000000001da50      0x574 build/cooja/contiki-ng-cooja.a(button-hal.o)
                0x000000000001dc1b                button_hal_get_by_id
                0x000000000001dc69                button_hal_get_by_index
                0x000000000001dca0                button_hal_get_state
                0x000000000001dd03                button_hal_init
 .text          0x000000000001dfc4      0x181 build/cooja/contiki-ng-cooja.a(gpio-hal.o)
                0x000000000001dfc4                gpio_hal_register_handler
                0x000000000001dfed                gpio_hal_event_handler
                0x000000000001e058                gpio_hal_init
                0x000000000001e077                gpio_hal_arch_port_toggle_pin
                0x000000000001e0ae                gpio_hal_arch_port_toggle_pins
                0x000000000001e0df                gpio_hal_arch_no_port_toggle_pin
                0x000000000001e119                gpio_hal_arch_no_port_toggle_pins
 .text          0x000000000001e145      0x238 build/cooja/contiki-ng-cooja.a(serial-line.o)
                0x000000000001e145                serial_line_input_byte
                0x000000000001e340                serial_line_init
 .text          0x000000000001e37d       0x80 build/cooja/contiki-ng-cooja.a(linkaddr.o)
                0x000000000001e37d                linkaddr_copy
                0x000000000001e39e                linkaddr_cmp
                0x000000000001e3d4                linkaddr_set_node_addr
 .text          0x000000000001e3fd      0x12b build/cooja/contiki-ng-cooja.a(netstack.o)
                0x000000000001e3fd                netstack_process_ip_callback
                0x000000000001e49e                netstack_ip_packet_processor_add
                0x000000000001e4ce                uip_ds6_ip_packet_processor_rm
                0x000000000001e4f7                netstack_init
 .text          0x000000000001e528      0x4a8 build/cooja/contiki-ng-cooja.a(packetbuf.o)
                0x000000000001e528                packetbuf_clear
                0x000000000001e556                packetbuf_copyfrom
                0x000000000001e5af                packetbuf_copyto
                0x000000000001e655                packetbuf_hdralloc
                0x000000000001e6e4                packetbuf_hdrreduce
                0x000000000001e734                packetbuf_set_datalen
                0x000000000001e750                packetbuf_dataptr
                0x000000000001e775                packetbuf_hdrptr
                0x000000000001e786                packetbuf_datalen
                0x000000000001e797                packetbuf_hdrlen
                0x000000000001e7b3                packetbuf_totlen
                0x000000000001e7d5                packetbuf_remaininglen
                0x000000000001e7ed                packetbuf_attr_clear
                0x000000000001e852                packetbuf_attr_copyto
                0x000000000001e89d                packetbuf_attr_copyfrom
                0x000000000001e8e8                packetbuf_set_attr
                0x000000000001e918                packetbuf_attr
                0x000000000001e939                packetbuf_set_addr
                0x000000000001e97f                packetbuf_addr
                0x000000000001e9a9                packetbuf_holds_broadcast
 .text          0x000000000001e9d0      0x382 build/cooja/contiki-ng-cooja.a(queuebuf.o)
                0x000000000001e9e5                queuebuf_init
                0x000000000001ea0e                queuebuf_numfree
                0x000000000001ea27                queuebuf_new_from_packetbuf
                0x000000000001eada                queuebuf_update_attr_from_packetbuf
                0x000000000001eb1d                queuebuf_update_from_packetbuf
                0x000000000001eb79                queuebuf_free
                0x000000000001ebd5                queuebuf_to_packetbuf
                0x000000000001ec4e                queuebuf_dataptr
                0x000000000001ec95                queuebuf_datalen
                0x000000000001ecc5                queuebuf_addr
                0x000000000001ed0c                queuebuf_attr
                0x000000000001ed47                queuebuf_debug_print
 .text          0x000000000001ed52      0x116 build/cooja/contiki-ng-cooja.a(printf.o)
                0x000000000001ed87                log_printf
 .text          0x000000000001ee68       0x1e build/cooja/contiki-ng-cooja.a(putchar.o)
                0x000000000001ee68                log_putchar
 .text          0x000000000001ee86       0x3d build/cooja/contiki-ng-cooja.a(puts.o)
                0x000000000001ee86                log_puts
 .text          0x000000000001eec3      0x1f8 build/cooja/contiki-ng-cooja.a(snprintf.o)
                0x000000000001ef4e                log_snprintf
                0x000000000001f033                log_vsnprintf
 .text          0x000000000001f0bb      0x152 build/cooja/contiki-ng-cooja.a(sprintf.o)
                0x000000000001f106                log_sprintf
 .text          0x000000000001f20d     0x170b build/cooja/contiki-ng-cooja.a(strformat.o)
                0x000000000001f580                format_str
                0x000000000001f661                format_str_v
 .text          0x0000000000020918      0x292 build/cooja/contiki-ng-cooja.a(csma.o)
 .text          0x0000000000020baa     0x3747 build/cooja/contiki-ng-cooja.a(sicslowpan.o)
                0x0000000000021380                netstack_sniffer_add
                0x000000000002139a                netstack_sniffer_remove
                0x00000000000242ba                sicslowpan_init
                0x00000000000242e1                sicslowpan_get_last_rssi
 .text          0x00000000000242f1      0x884 build/cooja/contiki-ng-cooja.a(tcpip.o)
                0x0000000000024321                tcpip_output
                0x00000000000243b9                udp_attach
                0x00000000000243e7                udp_new
                0x0000000000024442                udp_broadcast_new
                0x00000000000245f6                tcpip_input
                0x00000000000247ce                tcpip_ipv6_output
                0x0000000000024a27                tcpip_poll_udp
                0x0000000000024a55                tcpip_uipcall
 .text          0x0000000000024b75      0x416 build/cooja/contiki-ng-cooja.a(uip-ds6-nbr.o)
                0x0000000000024b75                uip_ds6_neighbors_init
                0x0000000000024b9e                uip_ds6_nbr_add
                0x0000000000024c3c                uip_ds6_nbr_rm
                0x0000000000024c99                uip_ds6_nbr_update_ll
                0x0000000000024d9e                uip_ds6_nbr_get_ipaddr
                0x0000000000024dbe                uip_ds6_nbr_get_ll
                0x0000000000024de6                uip_ds6_nbr_num
                0x0000000000024e38                uip_ds6_nbr_head
                0x0000000000024e51                uip_ds6_nbr_next
                0x0000000000024e79                uip_ds6_nbr_lookup
                0x0000000000024ee2                uip_ds6_nbr_ll_lookup
                0x0000000000024f0a                uip_ds6_nbr_ipaddr_from_lladdr
                0x0000000000024f3e                uip_ds6_nbr_lladdr_from_ipaddr
                0x0000000000024f7a                uip_ds6_link_callback
 .text          0x0000000000024f8b      0xbf9 build/cooja/contiki-ng-cooja.a(uip-ds6-route.o)
                0x000000000002509c                uip_ds6_notification_add
                0x00000000000250e3                uip_ds6_notification_rm
                0x000000000002510c                uip_ds6_route_init
                0x000000000002517e                uip_ds6_route_count_nexthop_neighbors
                0x0000000000025213                uip_ds6_route_nexthop
                0x0000000000025247                uip_ds6_route_head
                0x0000000000025260                uip_ds6_route_next
                0x0000000000025294                uip_ds6_route_is_nexthop
                0x00000000000252e6                uip_ds6_route_num_routes
                0x00000000000252f6                uip_ds6_route_lookup
                0x00000000000253e5                uip_ds6_route_add
                0x0000000000025667                uip_ds6_route_rm
                0x0000000000025840                uip_ds6_route_rm_by_nexthop
                0x000000000002588c                uip_ds6_defrt_head
                0x00000000000258a5                uip_ds6_defrt_add
                0x000000000002597a                uip_ds6_defrt_rm
                0x0000000000025a0d                uip_ds6_defrt_lookup
                0x0000000000025a84                uip_ds6_defrt_choose
                0x0000000000025b07                uip_ds6_defrt_periodic
 .text          0x0000000000025b84      0xebc build/cooja/contiki-ng-cooja.a(uip-ds6.o)
                0x0000000000025b84                uip_ds6_default_prefix
                0x0000000000025b95                uip_ds6_set_default_prefix
                0x0000000000025bbd                uip_ds6_init
                0x0000000000025e5c                uip_ds6_periodic
                0x0000000000025efe                uip_ds6_list_loop
                0x0000000000025fe7                uip_ds6_prefix_add
                0x00000000000260b8                uip_ds6_prefix_rm
                0x00000000000260d6                uip_ds6_prefix_lookup
                0x000000000002612d                uip_ds6_is_addr_onlink
                0x00000000000261c1                uip_ds6_addr_add
                0x000000000002630c                uip_ds6_addr_rm
                0x00000000000263c7                uip_ds6_addr_lookup
                0x000000000002641c                uip_ds6_get_link_local
                0x00000000000264c1                uip_ds6_get_global
                0x0000000000026566                uip_ds6_maddr_add
                0x00000000000265e2                uip_ds6_maddr_rm
                0x0000000000026600                uip_ds6_maddr_lookup
                0x0000000000026658                uip_ds6_aaddr_add
                0x00000000000266d4                uip_ds6_aaddr_rm
                0x00000000000266f2                uip_ds6_aaddr_lookup
                0x000000000002674a                uip_ds6_select_src
                0x00000000000268d4                uip_ds6_set_addr_iid
                0x000000000002690d                uip_ds6_set_lladdr_from_iid
                0x0000000000026944                get_match_length
                0x00000000000269f2                uip_ds6_compute_reachable_time
 .text          0x0000000000026a40      0x1b9 build/cooja/contiki-ng-cooja.a(uip-packetqueue.o)
                0x0000000000026a7f                uip_packetqueue_new
                0x0000000000026a99                uip_packetqueue_alloc
                0x0000000000026b13                uip_packetqueue_free
                0x0000000000026b6b                uip_packetqueue_buf
                0x0000000000026b97                uip_packetqueue_buflen
                0x0000000000026bc6                uip_packetqueue_set_buflen
 .text          0x0000000000026bf9      0x147 build/cooja/contiki-ng-cooja.a(uip-udp-packet.o)
                0x0000000000026bf9                uip_udp_packet_send
                0x0000000000026c7b                uip_udp_packet_sendto
 .text          0x0000000000026d40     0x1701 build/cooja/contiki-ng-cooja.a(uip6.o)
                0x0000000000026e04                uip_chksum
                0x0000000000026eea                uip_icmp6chksum
                0x0000000000026efe                uip_udpchksum
                0x0000000000026f12                uip_init
                0x0000000000026f79                uip_remove_ext_hdr
                0x000000000002707a                uip_udp_new
                0x0000000000027428                uip_process
                0x00000000000282c7                uip_htons
                0x00000000000282ea                uip_htonl
                0x0000000000028332                uip_send
 .text          0x0000000000028441      0x5b1 build/cooja/contiki-ng-cooja.a(uipbuf.o)
                0x0000000000028441                uipbuf_clear
                0x0000000000028473                uipbuf_add_ext_hdr
                0x000000000002850b                uipbuf_set_len
                0x000000000002853d                uipbuf_set_len_field
                0x0000000000028570                uipbuf_get_len_field
                0x000000000002859b                uipbuf_get_next_header
                0x000000000002870d                uipbuf_get_last_header
                0x00000000000287a0                uipbuf_search_header
                0x0000000000028867                uipbuf_get_attr
                0x0000000000028898                uipbuf_set_attr
                0x00000000000288d8                uipbuf_set_default_attr
                0x0000000000028918                uipbuf_clear_attr
                0x000000000002893f                uipbuf_set_attr_flag
                0x0000000000028962                uipbuf_clr_attr_flag
                0x000000000002898b                uipbuf_is_attr_flag
                0x00000000000289b0                uipbuf_init
 .text          0x00000000000289f2      0x57d build/cooja/contiki-ng-cooja.a(uiplib.o)
                0x00000000000289f2                uiplib_ip6addrconv
                0x0000000000028bce                uiplib_ip4addrconv
                0x0000000000028ca0                uiplib_ipaddr_print
                0x0000000000028d06                uiplib_ipaddr_snprint
 .text          0x0000000000028f6f      0x66e build/cooja/contiki-ng-cooja.a(rpl.o)
                0x0000000000028f6f                rpl_lollipop_greater_than
                0x0000000000028fd3                rpl_get_global_address
                0x0000000000029173                rpl_link_callback
                0x00000000000291dd                rpl_has_joined
                0x0000000000029210                rpl_is_reachable
                0x00000000000292b6                rpl_reset_prefix
                0x000000000002932d                rpl_set_prefix_from_addr
                0x0000000000029448                rpl_set_prefix
                0x00000000000295b2                rpl_set_leaf_only
                0x00000000000295cc                rpl_get_leaf_only
 .text          0x00000000000295dd       0x49 build/cooja/contiki-ng-cooja.a(watchdog.o)
                0x00000000000295dd                watchdog_init
                0x00000000000295e8                watchdog_start
                0x00000000000295f3                watchdog_periodic
                0x0000000000029610                watchdog_stop
                0x000000000002961b                watchdog_reboot
 .text          0x0000000000029626       0x61 build/cooja/contiki-ng-cooja.a(int-master.o)
                0x0000000000029626                int_master_enable
                0x000000000002963b                int_master_read_and_disable
                0x000000000002965b                int_master_status_set
                0x0000000000029672                int_master_is_enabled
 .text          0x0000000000029687      0x1e5 build/cooja/contiki-ng-cooja.a(coap-timer-default.o)
 .text          0x000000000002986c      0x125 build/cooja/contiki-ng-cooja.a(stimer.o)
                0x000000000002986c                stimer_set
                0x000000000002989b                stimer_reset
                0x00000000000298d7                stimer_restart
                0x00000000000298f6                stimer_expired
                0x0000000000029938                stimer_remaining
                0x0000000000029970                stimer_elapsed
 .text          0x0000000000029991      0x19d build/cooja/contiki-ng-cooja.a(ringbuf.o)
                0x0000000000029991                ringbuf_init
                0x00000000000299d2                ringbuf_put
                0x0000000000029a61                ringbuf_get
                0x0000000000029adf                ringbuf_size
                0x0000000000029afb                ringbuf_elements
 .text          0x0000000000029b2e      0x481 build/cooja/contiki-ng-cooja.a(link-stats.o)
                0x0000000000029b2e                link_stats_from_lladdr
                0x0000000000029b56                link_stats_get_lladdr
                0x0000000000029b7e                link_stats_is_fresh
                0x0000000000029bc6                guess_etx_from_rssi
                0x0000000000029c4b                link_stats_packet_sent
                0x0000000000029daf                link_stats_input_callback
                0x0000000000029f11                link_stats_reset
                0x0000000000029f6d                link_stats_init
 .text          0x0000000000029faf      0xcb0 build/cooja/contiki-ng-cooja.a(nbr-table.o)
                0x000000000002a40d                nbr_table_count_entries
                0x000000000002a4ac                nbr_table_gc_get_worst
                0x000000000002a4ef                nbr_table_can_accept_new
                0x000000000002a6a4                nbr_table_entry_is_allowed
                0x000000000002a751                nbr_table_register
                0x000000000002a7e3                nbr_table_is_registered
                0x000000000002a83a                nbr_table_head
                0x000000000002a8a8                nbr_table_next
                0x000000000002a925                nbr_table_add_lladdr
                0x000000000002aa85                nbr_table_get_from_lladdr
                0x000000000002aae4                nbr_table_remove
                0x000000000002ab3e                nbr_table_lock
                0x000000000002ab73                nbr_table_unlock
                0x000000000002aba8                nbr_table_get_lladdr
                0x000000000002abeb                nbr_table_clear
                0x000000000002ac28                nbr_table_key_head
                0x000000000002ac41                nbr_table_key_next
 .text          0x000000000002ac5f      0x1e0 build/cooja/contiki-ng-cooja.a(mac-sequence.o)
                0x000000000002ac5f                mac_sequence_is_duplicate
                0x000000000002ad40                mac_sequence_register_seqno
 .text          0x000000000002ae3f      0x451 build/cooja/contiki-ng-cooja.a(framer-802154.o)
                0x000000000002afda                framer_802154_setup_params
 .text          0x000000000002b290      0xae3 build/cooja/contiki-ng-cooja.a(csma-output.o)
                0x000000000002ba72                csma_output_packet
                0x000000000002bd3b                csma_output_init
 .text          0x000000000002bd73       0x3d build/cooja/contiki-ng-cooja.a(csma-security.o)
                0x000000000002bd73                csma_security_create_frame
                0x000000000002bd99                csma_security_parse_frame
 .text          0x000000000002bdb0      0x8b7 build/cooja/contiki-ng-cooja.a(uip-icmp6.o)
                0x000000000002be2d                uip_icmp6_input
                0x000000000002be8b                uip_icmp6_register_input_handler
                0x000000000002c01d                uip_icmp6_error_output
                0x000000000002c382                uip_icmp6_send
                0x000000000002c5ce                uip_icmp6_echo_reply_callback_add
                0x000000000002c615                uip_icmp6_echo_reply_callback_rm
                0x000000000002c63e                uip_icmp6_init
 .text          0x000000000002c667      0x87f build/cooja/contiki-ng-cooja.a(uip-nd6.o)
                0x000000000002cecc                uip_nd6_init
 .text          0x000000000002cee6      0x7e7 build/cooja/contiki-ng-cooja.a(uip-sr.o)
                0x000000000002cee6                uip_sr_num_nodes
                0x000000000002cf91                uip_sr_get_node
                0x000000000002cff9                uip_sr_is_addr_reachable
                0x000000000002d0c1                uip_sr_expire_parent
                0x000000000002d130                uip_sr_update_node
                0x000000000002d2a4                uip_sr_init
                0x000000000002d2d7                uip_sr_node_head
                0x000000000002d2f0                uip_sr_node_next
                0x000000000002d30e                uip_sr_periodic
                0x000000000002d44a                uip_sr_free_all
                0x000000000002d4c9                uip_sr_link_snprint
 .text          0x000000000002d6cd      0x35a build/cooja/contiki-ng-cooja.a(rpl-dag-root.o)
                0x000000000002d6cd                rpl_dag_root_print_links
                0x000000000002d842                rpl_dag_root_set_prefix
                0x000000000002d87e                rpl_dag_root_start
                0x000000000002d9e7                rpl_dag_root_is_root
 .text          0x000000000002da27     0x1219 build/cooja/contiki-ng-cooja.a(rpl-dag.o)
                0x000000000002da27                rpl_dag_state_to_str
                0x000000000002da85                rpl_dag_get_root_ipaddr
                0x000000000002dacf                rpl_dag_leave
                0x000000000002db7a                rpl_dag_poison_and_leave
                0x000000000002db98                rpl_dag_periodic
                0x000000000002dc5c                rpl_is_addr_in_our_dag
                0x000000000002dcb8                rpl_get_default_instance
                0x000000000002dcdf                rpl_get_any_dag
                0x000000000002dd4c                rpl_refresh_routes
                0x000000000002ddae                rpl_global_repair
                0x000000000002de70                rpl_local_repair
                0x000000000002ded2                rpl_dag_ready_to_advertise
                0x000000000002df2a                rpl_dag_update_state
                0x000000000002e7ed                rpl_process_dio
                0x000000000002e88f                rpl_process_dis
                0x000000000002e8e3                rpl_process_dao
                0x000000000002e98c                rpl_process_dao_ack
                0x000000000002ea3c                rpl_process_hbh
                0x000000000002ea9b                rpl_dag_init_root
                0x000000000002ec1c                rpl_dag_init
 .text          0x000000000002ec40      0xdef build/cooja/contiki-ng-cooja.a(rpl-ext-header.o)
                0x000000000002ec40                rpl_ext_header_srh_get_next_hop
                0x000000000002ed51                rpl_ext_header_srh_update
                0x000000000002f3e0                rpl_ext_header_hbh_update
                0x000000000002f780                rpl_ext_header_update
                0x000000000002f82a                rpl_ext_header_remove
 .text          0x000000000002fa2f     0x16eb build/cooja/contiki-ng-cooja.a(rpl-icmp6.o)
                0x000000000002fbc3                rpl_icmp6_update_nbr_table
                0x000000000002fc78                rpl_icmp6_dis_output
                0x000000000003039c                rpl_icmp6_dio_output
                0x0000000000030ccc                rpl_icmp6_dao_output
                0x000000000003103d                rpl_icmp6_dao_ack_output
                0x00000000000310d3                rpl_icmp6_init
 .text          0x000000000003111a      0x36f build/cooja/contiki-ng-cooja.a(rpl-mrhof.o)
 .text          0x0000000000031489       0x8c build/cooja/contiki-ng-cooja.a(rpl-nbr-policy.o)
                0x00000000000314d1                rpl_nbr_gc_get_worst
 .text          0x0000000000031515      0xadd build/cooja/contiki-ng-cooja.a(rpl-neighbor.o)
                0x00000000000315a8                rpl_neighbor_snprint
                0x00000000000318d6                rpl_neighbor_print_list
                0x00000000000319ad                rpl_neighbor_count
                0x0000000000031a98                rpl_neighbor_get_from_lladdr
                0x0000000000031ac3                rpl_neighbor_is_acceptable_parent
                0x0000000000031b0f                rpl_neighbor_get_link_metric
                0x0000000000031b5b                rpl_neighbor_rank_via_nbr
                0x0000000000031ba7                rpl_neighbor_get_lladdr
                0x0000000000031bd2                rpl_neighbor_get_ipaddr
                0x0000000000031c00                rpl_neighbor_get_link_stats
                0x0000000000031c2e                rpl_neighbor_is_fresh
                0x0000000000031c5c                rpl_neighbor_is_parent
                0x0000000000031c95                rpl_neighbor_set_preferred_parent
                0x0000000000031d4c                rpl_neighbor_remove_all
                0x0000000000031db2                rpl_neighbor_get_from_ipaddr
                0x0000000000031eeb                rpl_neighbor_select_best
                0x0000000000031fcb                rpl_neighbor_init
 .text          0x0000000000031ff2      0xd3d build/cooja/contiki-ng-cooja.a(rpl-timers.o)
                0x0000000000031ff2                rpl_timers_schedule_periodic_dis
                0x00000000000321a8                rpl_timers_dio_reset
                0x000000000003232c                rpl_timers_schedule_unicast_dio
                0x0000000000032513                rpl_timers_schedule_dao
                0x0000000000032619                rpl_timers_schedule_dao_ack
                0x00000000000326de                rpl_timers_notify_dao_ack
                0x0000000000032753                get_probing_delay
                0x000000000003279a                get_probing_target
                0x00000000000329d8                rpl_schedule_probing
                0x0000000000032a1f                rpl_schedule_probing_now
                0x0000000000032aad                rpl_timers_unschedule_leaving
                0x0000000000032af7                rpl_timers_schedule_leaving
                0x0000000000032b55                rpl_timers_init
                0x0000000000032c07                rpl_timers_stop_dag_timers
                0x0000000000032ca9                rpl_timers_unschedule_state_update
                0x0000000000032cd6                rpl_timers_schedule_state_update
 .text          0x0000000000032d2f       0x34 build/cooja/contiki-ng-cooja.a(assert.o)
                0x0000000000032d2f                _xassert
 .text          0x0000000000032d63       0x3a build/cooja/contiki-ng-cooja.a(mac.o)
                0x0000000000032d63                mac_call_sent_callback
 .text          0x0000000000032d9d      0xca9 build/cooja/contiki-ng-cooja.a(frame802154.o)
                0x0000000000032dcb                frame802154_get_pan_id
                0x0000000000032ddc                frame802154_set_pan_id
                0x0000000000032df8                frame802154_has_panid
                0x0000000000032fd7                frame802154_check_dest_panid
                0x0000000000033075                frame802154_is_broadcast_addr
                0x00000000000330cc                frame802154_extract_linkaddr
                0x0000000000033366                frame802154_hdrlen
                0x00000000000333e5                frame802154_create_fcf
                0x00000000000334b7                frame802154_create
                0x0000000000033661                frame802154_parse_fcf
                0x0000000000033758                frame802154_parse
 .text          0x0000000000033a46        0x0 /usr/lib/gcc/x86_64-linux-gnu/11/crtendS.o
 .text          0x0000000000033a46        0x0 /usr/lib/gcc/x86_64-linux-gnu/11/../../../x86_64-linux-gnu/crtn.o
 *(.gnu.warning)

.fini           0x0000000000033a48        0xd
 *(SORT_NONE(.fini))
 .fini          0x0000000000033a48        0x8 /usr/lib/gcc/x86_64-linux-gnu/11/../../../x86_64-linux-gnu/crti.o
                0x0000000000033a48                _fini
 .fini          0x0000000000033a50        0x5 /usr/lib/gcc/x86_64-linux-gnu/11/../../../x86_64-linux-gnu/crtn.o
                [!provide]                        PROVIDE (__etext = .)
                [!provide]                        PROVIDE (_etext = .)
                [!provide]                        PROVIDE (etext = .)
                0x0000000000034000                . = ALIGN (CONSTANT (MAXPAGESIZE))
                0x0000000000034000                . = SEGMENT_START ("rodata-segment", (ALIGN (CONSTANT (MAXPAGESIZE)) + (. & (CONSTANT (MAXPAGESIZE) - 0x1))))

.rodata         0x0000000000034000     0x105d
 *(.rodata .rodata.* .gnu.linkonce.r.*)
 .rodata        0x0000000000034000      0x20d coap-sensor.o
 .rodata        0x000000000003420d        0x6 build/cooja/contiki-ng-cooja.a(leds-arch.o)
                0x000000000003420d                leds_arch_leds
 .rodata        0x0000000000034213        0x4 build/cooja/contiki-ng-cooja.a(pir-sensor.o)
 .rodata        0x0000000000034217        0x3 build/cooja/contiki-ng-cooja.a(rs232.o)
 .rodata        0x000000000003421a        0xa build/cooja/contiki-ng-cooja.a(vib-sensor.o)
 *fill*         0x0000000000034224        0x4 
 .rodata        0x0000000000034228       0x26 build/cooja/contiki-ng-cooja.a(cfs-cooja.o)
 *fill*         0x000000000003424e        0x2 
 .rodata        0x0000000000034250       0x68 build/cooja/contiki-ng-cooja.a(cooja-radio.o)
 .rodata        0x00000000000342b8        0x8 build/cooja/contiki-ng-cooja.a(sensors.o)
 .rodata        0x00000000000342c0       0x14 build/cooja/contiki-ng-cooja.a(buttons.o)
                0x00000000000342cc                button_hal_button_count
 *fill*         0x00000000000342d4        0x4 
 .rodata        0x00000000000342d8       0x6c build/cooja/contiki-ng-cooja.a(temperature.o)
 *fill*         0x0000000000034344        0x4 
 .rodata        0x0000000000034348       0x5c build/cooja/contiki-ng-cooja.a(dust.o)
 *fill*         0x00000000000343a4        0x4 
 .rodata        0x00000000000343a8       0x6c build/cooja/contiki-ng-cooja.a(regolith.o)
 *fill*         0x0000000000034414        0x4 
 .rodata        0x0000000000034418       0x30 build/cooja/contiki-ng-cooja.a(utils.o)
 .rodata        0x0000000000034448       0xc4 build/cooja/contiki-ng-cooja.a(res-temperature.o)
 *fill*         0x000000000003450c        0x4 
 .rodata        0x0000000000034510       0xad build/cooja/contiki-ng-cooja.a(res-dust.o)
 *fill*         0x00000000000345bd        0x3 
 .rodata        0x00000000000345c0       0xb9 build/cooja/contiki-ng-cooja.a(res-regolith.o)
 .rodata        0x0000000000034679       0x41 build/cooja/contiki-ng-cooja.a(coap-engine.o)
 .rodata        0x00000000000346ba       0x11 build/cooja/contiki-ng-cooja.a(coap-observe.o)
 .rodata        0x00000000000346cb       0x19 build/cooja/contiki-ng-cooja.a(coap-res-well-known-core.o)
 .rodata        0x00000000000346e4       0x35 build/cooja/contiki-ng-cooja.a(coap-uip.o)
 *fill*         0x0000000000034719        0x7 
 .rodata        0x0000000000034720      0x1b0 build/cooja/contiki-ng-cooja.a(coap.o)
 .rodata        0x00000000000348d0       0xf4 build/cooja/contiki-ng-cooja.a(contiki-main.o)
 .rodata        0x00000000000349c4        0xf build/cooja/contiki-ng-cooja.a(ctimer.o)
 .rodata        0x00000000000349d3        0xc build/cooja/contiki-ng-cooja.a(etimer.o)
 *fill*         0x00000000000349df        0x1 
 .rodata        0x00000000000349e0       0xc0 build/cooja/contiki-ng-cooja.a(log.o)
 .rodata        0x0000000000034aa0       0x13 build/cooja/contiki-ng-cooja.a(button-hal.o)
 .rodata        0x0000000000034ab3        0xe build/cooja/contiki-ng-cooja.a(serial-line.o)
 *fill*         0x0000000000034ac1        0x7 
 .rodata        0x0000000000034ac8        0x8 build/cooja/contiki-ng-cooja.a(linkaddr.o)
                0x0000000000034ac8                linkaddr_null
 .rodata        0x0000000000034ad0      0x280 build/cooja/contiki-ng-cooja.a(strformat.o)
 .rodata        0x0000000000034d50        0x5 build/cooja/contiki-ng-cooja.a(csma.o)
 .rodata        0x0000000000034d55       0x1d build/cooja/contiki-ng-cooja.a(sicslowpan.o)
                0x0000000000034d55                unc_llconf
                0x0000000000034d59                unc_ctxconf
                0x0000000000034d5d                unc_mxconf
                0x0000000000034d61                llprefix
 .rodata        0x0000000000034d72        0xd build/cooja/contiki-ng-cooja.a(tcpip.o)
 *fill*         0x0000000000034d7f        0x1 
 .rodata        0x0000000000034d80       0xb9 build/cooja/contiki-ng-cooja.a(uip-ds6-route.o)
 .rodata        0x0000000000034e39       0x2d build/cooja/contiki-ng-cooja.a(uiplib.o)
 .rodata        0x0000000000034e66        0x9 build/cooja/contiki-ng-cooja.a(rpl.o)
 .rodata        0x0000000000034e6f       0x13 build/cooja/contiki-ng-cooja.a(coap-timer-default.o)
 *fill*         0x0000000000034e82        0x6 
 .rodata        0x0000000000034e88       0x27 build/cooja/contiki-ng-cooja.a(csma-output.o)
 .rodata        0x0000000000034eaf       0x44 build/cooja/contiki-ng-cooja.a(uip-sr.o)
 .rodata        0x0000000000034ef3       0xd7 build/cooja/contiki-ng-cooja.a(rpl-dag.o)
 *fill*         0x0000000000034fca        0x6 
 .rodata        0x0000000000034fd0       0x58 build/cooja/contiki-ng-cooja.a(rpl-neighbor.o)
 .rodata        0x0000000000035028        0xc build/cooja/contiki-ng-cooja.a(rpl-timers.o)
 *fill*         0x0000000000035034        0x4 
 .rodata        0x0000000000035038       0x25 build/cooja/contiki-ng-cooja.a(assert.o)

.rodata1
 *(.rodata1)

.eh_frame_hdr   0x0000000000035060     0x1bbc
 *(.eh_frame_hdr)
 .eh_frame_hdr  0x0000000000035060     0x1bbc coap-sensor.o
                0x0000000000035060                __GNU_EH_FRAME_HDR
 *(.eh_frame_entry .eh_frame_entry.*)

.eh_frame       0x0000000000036c20     0x6f78
 *(.eh_frame)
 .eh_frame      0x0000000000036c20       0x40 /usr/lib/gcc/x86_64-linux-gnu/11/../../../x86_64-linux-gnu/crti.o
 .eh_frame      0x0000000000036c60       0x18 /usr/lib/gcc/x86_64-linux-gnu/11/../../../x86_64-linux-gnu/crti.o
                                         0x30 (size before relaxing)
 .eh_frame      0x0000000000036c78       0x18 /usr/lib/gcc/x86_64-linux-gnu/11/../../../x86_64-linux-gnu/crti.o
                                         0x30 (size before relaxing)
 .eh_frame      0x0000000000036c90       0x80 coap-sensor.o
                                         0x98 (size before relaxing)
 .eh_frame      0x0000000000036d10      0x198 build/cooja/mtype974500138.o
                                        0x1b0 (size before relaxing)
 .eh_frame      0x0000000000036ea8       0x40 build/cooja/contiki-ng-cooja.a(simEnvChange.o)
                                         0x58 (size before relaxing)
 .eh_frame      0x0000000000036ee8       0x60 build/cooja/contiki-ng-cooja.a(cooja_mt.o)
                                         0x78 (size before relaxing)
 .eh_frame      0x0000000000036f48       0x80 build/cooja/contiki-ng-cooja.a(cooja_mtarch.o)
                                         0x98 (size before relaxing)
 .eh_frame      0x0000000000036fc8       0xc0 build/cooja/contiki-ng-cooja.a(rtimer-arch.o)
                                         0xd8 (size before relaxing)
 .eh_frame      0x0000000000037088      0x160 build/cooja/contiki-ng-cooja.a(beep.o)
                                        0x178 (size before relaxing)
 .eh_frame      0x00000000000371e8       0x80 build/cooja/contiki-ng-cooja.a(leds-arch.o)
                                         0x98 (size before relaxing)
 .eh_frame      0x0000000000037268       0x40 build/cooja/contiki-ng-cooja.a(moteid.o)
                                         0x58 (size before relaxing)
 .eh_frame      0x00000000000372a8       0xa0 build/cooja/contiki-ng-cooja.a(pir-sensor.o)
                                         0xb8 (size before relaxing)
 .eh_frame      0x0000000000037348      0x100 build/cooja/contiki-ng-cooja.a(rs232.o)
                                        0x118 (size before relaxing)
 .eh_frame      0x0000000000037448       0xa0 build/cooja/contiki-ng-cooja.a(vib-sensor.o)
                                         0xb8 (size before relaxing)
 .eh_frame      0x00000000000374e8       0xc0 build/cooja/contiki-ng-cooja.a(clock.o)
                                         0xd8 (size before relaxing)
 .eh_frame      0x00000000000375a8      0x100 build/cooja/contiki-ng-cooja.a(cooja-log.o)
                                        0x118 (size before relaxing)
 .eh_frame      0x00000000000376a8      0x160 build/cooja/contiki-ng-cooja.a(cfs-cooja.o)
                                        0x178 (size before relaxing)
 .eh_frame      0x0000000000037808      0x360 build/cooja/contiki-ng-cooja.a(cooja-radio.o)
                                        0x378 (size before relaxing)
 .eh_frame      0x0000000000037b68       0xa0 build/cooja/contiki-ng-cooja.a(eeprom.o)
                                         0xb8 (size before relaxing)
 .eh_frame      0x0000000000037c08       0x40 build/cooja/contiki-ng-cooja.a(random.o)
                                         0x58 (size before relaxing)
 .eh_frame      0x0000000000037c48       0xc0 build/cooja/contiki-ng-cooja.a(sensors.o)
                                         0xd8 (size before relaxing)
 .eh_frame      0x0000000000037d08      0x120 build/cooja/contiki-ng-cooja.a(leds.o)
                                        0x138 (size before relaxing)
 .eh_frame      0x0000000000037e28      0x220 build/cooja/contiki-ng-cooja.a(gpio-hal-arch.o)
                                        0x238 (size before relaxing)
 .eh_frame      0x0000000000038048       0xa0 build/cooja/contiki-ng-cooja.a(buttons.o)
                                         0xb8 (size before relaxing)
 .eh_frame      0x00000000000380e8       0x20 build/cooja/contiki-ng-cooja.a(temperature.o)
                                         0x38 (size before relaxing)
 .eh_frame      0x0000000000038108       0x20 build/cooja/contiki-ng-cooja.a(dust.o)
                                         0x38 (size before relaxing)
 .eh_frame      0x0000000000038128       0x20 build/cooja/contiki-ng-cooja.a(regolith.o)
                                         0x38 (size before relaxing)
 .eh_frame      0x0000000000038148       0x60 build/cooja/contiki-ng-cooja.a(utils.o)
                                         0x78 (size before relaxing)
 .eh_frame      0x00000000000381a8       0xc8 build/cooja/contiki-ng-cooja.a(res-temperature.o)
                                         0xe0 (size before relaxing)
 .eh_frame      0x0000000000038270       0xc8 build/cooja/contiki-ng-cooja.a(res-dust.o)
                                         0xe0 (size before relaxing)
 .eh_frame      0x0000000000038338       0xe8 build/cooja/contiki-ng-cooja.a(res-regolith.o)
                                        0x100 (size before relaxing)
 .eh_frame      0x0000000000038420       0x40 build/cooja/contiki-ng-cooja.a(coap-blocking-api.o)
                                         0x58 (size before relaxing)
 .eh_frame      0x0000000000038460      0x220 build/cooja/contiki-ng-cooja.a(coap-engine.o)
                                        0x238 (size before relaxing)
 .eh_frame      0x0000000000038680      0x188 build/cooja/contiki-ng-cooja.a(coap-observe.o)
                                        0x1a0 (size before relaxing)
 .eh_frame      0x0000000000038808       0x20 build/cooja/contiki-ng-cooja.a(coap-res-well-known-core.o)
                                         0x38 (size before relaxing)
 .eh_frame      0x0000000000038828      0x108 build/cooja/contiki-ng-cooja.a(coap-timer.o)
                                        0x120 (size before relaxing)
 .eh_frame      0x0000000000038930      0x100 build/cooja/contiki-ng-cooja.a(coap-transactions.o)
                                        0x118 (size before relaxing)
 .eh_frame      0x0000000000038a30      0x248 build/cooja/contiki-ng-cooja.a(coap-uip.o)
                                        0x260 (size before relaxing)
 .eh_frame      0x0000000000038c78      0x6e8 build/cooja/contiki-ng-cooja.a(coap.o)
                                        0x700 (size before relaxing)
 .eh_frame      0x0000000000039360       0x20 build/cooja/contiki-ng-cooja.a(contiki-main.o)
                                         0x38 (size before relaxing)
 .eh_frame      0x0000000000039380       0x40 build/cooja/contiki-ng-cooja.a(autostart.o)
                                         0x58 (size before relaxing)
 .eh_frame      0x00000000000393c0      0x100 build/cooja/contiki-ng-cooja.a(ctimer.o)
                                        0x118 (size before relaxing)
 .eh_frame      0x00000000000394c0       0x60 build/cooja/contiki-ng-cooja.a(energest.o)
                                         0x78 (size before relaxing)
 .eh_frame      0x0000000000039520      0x1e0 build/cooja/contiki-ng-cooja.a(etimer.o)
                                        0x1f8 (size before relaxing)
 .eh_frame      0x0000000000039700      0x120 build/cooja/contiki-ng-cooja.a(log.o)
                                        0x138 (size before relaxing)
 .eh_frame      0x0000000000039820       0x20 build/cooja/contiki-ng-cooja.a(node-id.o)
                                         0x38 (size before relaxing)
 .eh_frame      0x0000000000039840      0x1c8 build/cooja/contiki-ng-cooja.a(process.o)
                                        0x1e0 (size before relaxing)
 .eh_frame      0x0000000000039a08       0x60 build/cooja/contiki-ng-cooja.a(rtimer.o)
                                         0x78 (size before relaxing)
 .eh_frame      0x0000000000039a68       0xa0 build/cooja/contiki-ng-cooja.a(timer.o)
                                         0xb8 (size before relaxing)
 .eh_frame      0x0000000000039b08      0x1a0 build/cooja/contiki-ng-cooja.a(list.o)
                                        0x1b8 (size before relaxing)
 .eh_frame      0x0000000000039ca8       0xa0 build/cooja/contiki-ng-cooja.a(memb.o)
                                         0xb8 (size before relaxing)
 .eh_frame      0x0000000000039d48      0x160 build/cooja/contiki-ng-cooja.a(button-hal.o)
                                        0x178 (size before relaxing)
 .eh_frame      0x0000000000039ea8       0xe0 build/cooja/contiki-ng-cooja.a(gpio-hal.o)
                                         0xf8 (size before relaxing)
 .eh_frame      0x0000000000039f88       0x60 build/cooja/contiki-ng-cooja.a(serial-line.o)
                                         0x78 (size before relaxing)
 .eh_frame      0x0000000000039fe8       0x60 build/cooja/contiki-ng-cooja.a(linkaddr.o)
                                         0x78 (size before relaxing)
 .eh_frame      0x000000000003a048       0x80 build/cooja/contiki-ng-cooja.a(netstack.o)
                                         0x98 (size before relaxing)
 .eh_frame      0x000000000003a0c8      0x288 build/cooja/contiki-ng-cooja.a(packetbuf.o)
                                        0x2a0 (size before relaxing)
 .eh_frame      0x000000000003a350      0x1a0 build/cooja/contiki-ng-cooja.a(queuebuf.o)
                                        0x1b8 (size before relaxing)
 .eh_frame      0x000000000003a4f0       0x40 build/cooja/contiki-ng-cooja.a(printf.o)
                                         0x58 (size before relaxing)
 .eh_frame      0x000000000003a530       0x20 build/cooja/contiki-ng-cooja.a(putchar.o)
                                         0x38 (size before relaxing)
 .eh_frame      0x000000000003a550       0x20 build/cooja/contiki-ng-cooja.a(puts.o)
                                         0x38 (size before relaxing)
 .eh_frame      0x000000000003a570       0x60 build/cooja/contiki-ng-cooja.a(snprintf.o)
                                         0x78 (size before relaxing)
 .eh_frame      0x000000000003a5d0       0x40 build/cooja/contiki-ng-cooja.a(sprintf.o)
                                         0x58 (size before relaxing)
 .eh_frame      0x000000000003a610      0x120 build/cooja/contiki-ng-cooja.a(strformat.o)
                                        0x138 (size before relaxing)
 .eh_frame      0x000000000003a730       0xe0 build/cooja/contiki-ng-cooja.a(csma.o)
                                         0xf8 (size before relaxing)
 .eh_frame      0x000000000003a810      0x2e0 build/cooja/contiki-ng-cooja.a(sicslowpan.o)
                                        0x2f8 (size before relaxing)
 .eh_frame      0x000000000003aaf0      0x248 build/cooja/contiki-ng-cooja.a(tcpip.o)
                                        0x260 (size before relaxing)
 .eh_frame      0x000000000003ad38      0x1c0 build/cooja/contiki-ng-cooja.a(uip-ds6-nbr.o)
                                        0x1d8 (size before relaxing)
 .eh_frame      0x000000000003aef8      0x300 build/cooja/contiki-ng-cooja.a(uip-ds6-route.o)
                                        0x318 (size before relaxing)
 .eh_frame      0x000000000003b1f8      0x328 build/cooja/contiki-ng-cooja.a(uip-ds6.o)
                                        0x340 (size before relaxing)
 .eh_frame      0x000000000003b520       0xe0 build/cooja/contiki-ng-cooja.a(uip-packetqueue.o)
                                         0xf8 (size before relaxing)
 .eh_frame      0x000000000003b600       0x40 build/cooja/contiki-ng-cooja.a(uip-udp-packet.o)
                                         0x58 (size before relaxing)
 .eh_frame      0x000000000003b640      0x1e8 build/cooja/contiki-ng-cooja.a(uip6.o)
                                        0x200 (size before relaxing)
 .eh_frame      0x000000000003b828      0x200 build/cooja/contiki-ng-cooja.a(uipbuf.o)
                                        0x218 (size before relaxing)
 .eh_frame      0x000000000003ba28       0x80 build/cooja/contiki-ng-cooja.a(uiplib.o)
                                         0x98 (size before relaxing)
 .eh_frame      0x000000000003baa8      0x1e0 build/cooja/contiki-ng-cooja.a(rpl.o)
                                        0x1f8 (size before relaxing)
 .eh_frame      0x000000000003bc88       0xa0 build/cooja/contiki-ng-cooja.a(watchdog.o)
                                         0xb8 (size before relaxing)
 .eh_frame      0x000000000003bd28       0x80 build/cooja/contiki-ng-cooja.a(int-master.o)
                                         0x98 (size before relaxing)
 .eh_frame      0x000000000003bda8       0xa0 build/cooja/contiki-ng-cooja.a(coap-timer-default.o)
                                         0xb8 (size before relaxing)
 .eh_frame      0x000000000003be48       0xc0 build/cooja/contiki-ng-cooja.a(stimer.o)
                                         0xd8 (size before relaxing)
 .eh_frame      0x000000000003bf08       0xa0 build/cooja/contiki-ng-cooja.a(ringbuf.o)
                                         0xb8 (size before relaxing)
 .eh_frame      0x000000000003bfa8      0x120 build/cooja/contiki-ng-cooja.a(link-stats.o)
                                        0x138 (size before relaxing)
 .eh_frame      0x000000000003c0c8      0x3e0 build/cooja/contiki-ng-cooja.a(nbr-table.o)
                                        0x3f8 (size before relaxing)
 .eh_frame      0x000000000003c4a8       0x48 build/cooja/contiki-ng-cooja.a(mac-sequence.o)
                                         0x60 (size before relaxing)
 .eh_frame      0x000000000003c4f0       0xa8 build/cooja/contiki-ng-cooja.a(framer-802154.o)
                                         0xc0 (size before relaxing)
 .eh_frame      0x000000000003c598      0x1c8 build/cooja/contiki-ng-cooja.a(csma-output.o)
                                        0x1e0 (size before relaxing)
 .eh_frame      0x000000000003c760       0x40 build/cooja/contiki-ng-cooja.a(csma-security.o)
                                         0x58 (size before relaxing)
 .eh_frame      0x000000000003c7a0      0x148 build/cooja/contiki-ng-cooja.a(uip-icmp6.o)
                                        0x160 (size before relaxing)
 .eh_frame      0x000000000003c8e8       0x80 build/cooja/contiki-ng-cooja.a(uip-nd6.o)
                                         0x98 (size before relaxing)
 .eh_frame      0x000000000003c968      0x180 build/cooja/contiki-ng-cooja.a(uip-sr.o)
                                        0x198 (size before relaxing)
 .eh_frame      0x000000000003cae8       0xa0 build/cooja/contiki-ng-cooja.a(rpl-dag-root.o)
                                         0xb8 (size before relaxing)
 .eh_frame      0x000000000003cb88      0x360 build/cooja/contiki-ng-cooja.a(rpl-dag.o)
                                        0x378 (size before relaxing)
 .eh_frame      0x000000000003cee8      0x128 build/cooja/contiki-ng-cooja.a(rpl-ext-header.o)
                                        0x140 (size before relaxing)
 .eh_frame      0x000000000003d010      0x1c0 build/cooja/contiki-ng-cooja.a(rpl-icmp6.o)
                                        0x1d8 (size before relaxing)
 .eh_frame      0x000000000003d1d0      0x148 build/cooja/contiki-ng-cooja.a(rpl-mrhof.o)
                                        0x160 (size before relaxing)
 .eh_frame      0x000000000003d318       0x40 build/cooja/contiki-ng-cooja.a(rpl-nbr-policy.o)
                                         0x58 (size before relaxing)
 .eh_frame      0x000000000003d358      0x2b0 build/cooja/contiki-ng-cooja.a(rpl-neighbor.o)
                                        0x2c8 (size before relaxing)
 .eh_frame      0x000000000003d608      0x3a8 build/cooja/contiki-ng-cooja.a(rpl-timers.o)
                                        0x3c0 (size before relaxing)
 .eh_frame      0x000000000003d9b0       0x20 build/cooja/contiki-ng-cooja.a(assert.o)
                                         0x38 (size before relaxing)
 .eh_frame      0x000000000003d9d0       0x20 build/cooja/contiki-ng-cooja.a(mac.o)
                                         0x38 (size before relaxing)
 .eh_frame      0x000000000003d9f0      0x1a4 build/cooja/contiki-ng-cooja.a(frame802154.o)
                                        0x1c0 (size before relaxing)
 .eh_frame      0x000000000003db94        0x4 /usr/lib/gcc/x86_64-linux-gnu/11/crtendS.o
 *(.eh_frame.*)

.gcc_except_table
 *(.gcc_except_table .gcc_except_table.*)

.gnu_extab
 *(.gnu_extab*)

.exception_ranges
 *(.exception_ranges*)
                0x000000000003f630                . = DATA_SEGMENT_ALIGN (CONSTANT (MAXPAGESIZE), CONSTANT (COMMONPAGESIZE))

.eh_frame
 *(.eh_frame)
 *(.eh_frame.*)

.gnu_extab
 *(.gnu_extab)

.gcc_except_table
 *(.gcc_except_table .gcc_except_table.*)

.exception_ranges
 *(.exception_ranges*)

.tdata
 *(.tdata .tdata.* .gnu.linkonce.td.*)

.tbss
 *(.tbss .tbss.* .gnu.linkonce.tb.*)
 *(.tcommon)

.preinit_array
 *(.preinit_array)

.init_array     0x000000000003f630        0x8
 *(SORT_BY_INIT_PRIORITY(.init_array.*) SORT_BY_INIT_PRIORITY(.ctors.*))
 *(.init_array EXCLUDE_FILE(*crtend?.o *crtend.o *crtbegin?.o *crtbegin.o) .ctors)
 .init_array    0x000000000003f630        0x8 /usr/lib/gcc/x86_64-linux-gnu/11/crtbeginS.o

.fini_array     0x000000000003f638        0x8
 *(SORT_BY_INIT_PRIORITY(.fini_array.*) SORT_BY_INIT_PRIORITY(.dtors.*))
 *(.fini_array EXCLUDE_FILE(*crtend?.o *crtend.o *crtbegin?.o *crtbegin.o) .dtors)
 .fini_array    0x000000000003f638        0x8 /usr/lib/gcc/x86_64-linux-gnu/11/crtbeginS.o

.ctors
 *crtbegin.o(.ctors)
 *crtbegin?.o(.ctors)
 *(EXCLUDE_FILE(*crtend?.o *crtend.o) .ctors)
 *(SORT_BY_NAME(.ctors.*))
 *(.ctors)

.dtors
 *crtbegin.o(.dtors)
 *crtbegin?.o(.dtors)
 *(EXCLUDE_FILE(*crtend?.o *crtend.o) .dtors)
 *(SORT_BY_NAME(.dtors.*))
 *(.dtors)

.jcr
 *(.jcr)

.data.rel.ro    0x000000000003f640      0x370
 *(.data.rel.ro.local* .gnu.linkonce.d.rel.ro.local.*)
 .data.rel.ro.local
                0x000000000003f640       0x10 build/cooja/contiki-ng-cooja.a(beep.o)
                0x000000000003f640                beep_interface
 .data.rel.ro.local
                0x000000000003f650       0x10 build/cooja/contiki-ng-cooja.a(leds-arch.o)
                0x000000000003f650                leds_interface
 .data.rel.ro.local
                0x000000000003f660       0x10 build/cooja/contiki-ng-cooja.a(moteid.o)
                0x000000000003f660                moteid_interface
 *fill*         0x000000000003f670       0x10 
 .data.rel.ro.local
                0x000000000003f680       0x40 build/cooja/contiki-ng-cooja.a(pir-sensor.o)
                0x000000000003f680                pir_interface
                0x000000000003f6a0                pir_sensor
 .data.rel.ro.local
                0x000000000003f6c0       0x10 build/cooja/contiki-ng-cooja.a(rs232.o)
                0x000000000003f6c0                rs232_interface
 *fill*         0x000000000003f6d0       0x10 
 .data.rel.ro.local
                0x000000000003f6e0       0x40 build/cooja/contiki-ng-cooja.a(vib-sensor.o)
                0x000000000003f6e0                vib_interface
                0x000000000003f700                vib_sensor
 .data.rel.ro.local
                0x000000000003f720       0x10 build/cooja/contiki-ng-cooja.a(clock.o)
                0x000000000003f720                clock_interface
 .data.rel.ro.local
                0x000000000003f730       0x10 build/cooja/contiki-ng-cooja.a(cooja-log.o)
                0x000000000003f730                simlog_interface
 .data.rel.ro.local
                0x000000000003f740       0x10 build/cooja/contiki-ng-cooja.a(cfs-cooja.o)
                0x000000000003f740                cfs_interface
 *fill*         0x000000000003f750       0x10 
 .data.rel.ro.local
                0x000000000003f760       0x90 build/cooja/contiki-ng-cooja.a(cooja-radio.o)
                0x000000000003f760                radio_interface
                0x000000000003f780                cooja_radio_driver
 .data.rel.ro.local
                0x000000000003f7f0       0x10 build/cooja/contiki-ng-cooja.a(eeprom.o)
                0x000000000003f7f0                eeprom_interface
 .data.rel.ro.local
                0x000000000003f800       0x40 build/cooja/contiki-ng-cooja.a(buttons.o)
                0x000000000003f800                button_interface
                0x000000000003f820                button_sensor
 .data.rel.ro.local
                0x000000000003f840       0x38 build/cooja/contiki-ng-cooja.a(csma.o)
                0x000000000003f840                csma_driver
 *fill*         0x000000000003f878        0x8 
 .data.rel.ro.local
                0x000000000003f880       0x18 build/cooja/contiki-ng-cooja.a(coap-timer-default.o)
                0x000000000003f880                coap_timer_default_driver
 *fill*         0x000000000003f898        0x8 
 .data.rel.ro.local
                0x000000000003f8a0       0x18 build/cooja/contiki-ng-cooja.a(framer-802154.o)
                0x000000000003f8a0                framer_802154
 *(.data.rel.ro .data.rel.ro.* .gnu.linkonce.d.rel.ro.*)
 .data.rel.ro   0x000000000003f8b8        0x0 /usr/lib/gcc/x86_64-linux-gnu/11/../../../x86_64-linux-gnu/crti.o
 *fill*         0x000000000003f8b8        0x8 
 .data.rel.ro   0x000000000003f8c0       0x10 coap-sensor.o
                0x000000000003f8c0                autostart_processes
 *fill*         0x000000000003f8d0       0x10 
 .data.rel.ro   0x000000000003f8e0       0x20 build/cooja/contiki-ng-cooja.a(sicslowpan.o)
                0x000000000003f8e0                sicslowpan_driver
 .data.rel.ro   0x000000000003f900       0xa8 build/cooja/contiki-ng-cooja.a(rpl.o)
                0x000000000003f900                rpl_lite_driver
 .data.rel.ro   0x000000000003f9a8        0x8 build/cooja/contiki-ng-cooja.a(rpl-dag.o)

.dynamic        0x000000000003f9b0      0x1c0
 *(.dynamic)
 .dynamic       0x000000000003f9b0      0x1c0 /usr/lib/gcc/x86_64-linux-gnu/11/../../../x86_64-linux-gnu/crti.o
                0x000000000003f9b0                _DYNAMIC

.got            0x000000000003fb70      0x488
 *(.got)
 .got           0x000000000003fb70      0x488 /usr/lib/gcc/x86_64-linux-gnu/11/../../../x86_64-linux-gnu/crti.o
 *(.igot)
                0x0000000000040fe8                . = DATA_SEGMENT_RELRO_END (., (SIZEOF (.got.plt) >= 0x18)?0x18:0x0)

.got.plt        0x0000000000040000      0xd08
 *(.got.plt)
 .got.plt       0x0000000000040000      0xd08 /usr/lib/gcc/x86_64-linux-gnu/11/../../../x86_64-linux-gnu/crti.o
                0x0000000000040000                _GLOBAL_OFFSET_TABLE_
 *(.igot.plt)

.data           0x0000000000040d20      0xa52
 *(.data .data.* .gnu.linkonce.d.*)
 .data          0x0000000000040d20        0x0 /usr/lib/gcc/x86_64-linux-gnu/11/../../../x86_64-linux-gnu/crti.o
 .data          0x0000000000040d20        0x0 /usr/lib/gcc/x86_64-linux-gnu/11/crtbeginS.o
 .data.rel.local
                0x0000000000040d20        0x8 /usr/lib/gcc/x86_64-linux-gnu/11/crtbeginS.o
                0x0000000000040d20                __dso_handle
 .data          0x0000000000040d28        0x0 coap-sensor.o
 *fill*         0x0000000000040d28       0x18 
 .data.rel.local
                0x0000000000040d40       0x40 coap-sensor.o
                0x0000000000040d40                service_url
                0x0000000000040d60                coap_sensor
 .data          0x0000000000040d80        0x0 build/cooja/mtype974500138.o
 .data.rel      0x0000000000040d80       0xa0 build/cooja/mtype974500138.o
                0x0000000000040d80                simInterfaces
                0x0000000000040e00                sensors
 .data          0x0000000000040e20        0x0 build/cooja/contiki-ng-cooja.a(simEnvChange.o)
 .data          0x0000000000040e20        0x0 build/cooja/contiki-ng-cooja.a(cooja_mt.o)
 .data          0x0000000000040e20        0x0 build/cooja/contiki-ng-cooja.a(cooja_mtarch.o)
 .data          0x0000000000040e20        0x0 build/cooja/contiki-ng-cooja.a(rtimer-arch.o)
 .data          0x0000000000040e20        0x0 build/cooja/contiki-ng-cooja.a(beep.o)
 .data          0x0000000000040e20        0x0 build/cooja/contiki-ng-cooja.a(leds-arch.o)
 .data          0x0000000000040e20        0x0 build/cooja/contiki-ng-cooja.a(moteid.o)
 .data          0x0000000000040e20        0x0 build/cooja/contiki-ng-cooja.a(pir-sensor.o)
 .data          0x0000000000040e20        0x0 build/cooja/contiki-ng-cooja.a(rs232.o)
 .data          0x0000000000040e20        0x0 build/cooja/contiki-ng-cooja.a(vib-sensor.o)
 .data          0x0000000000040e20        0x0 build/cooja/contiki-ng-cooja.a(clock.o)
 .data          0x0000000000040e20        0x0 build/cooja/contiki-ng-cooja.a(cooja-log.o)
 .data          0x0000000000040e20        0x0 build/cooja/contiki-ng-cooja.a(cfs-cooja.o)
 .data          0x0000000000040e20       0x20 build/cooja/contiki-ng-cooja.a(cooja-radio.o)
                0x0000000000040e20                simRadioHWOn
                0x0000000000040e24                simSignalStrength
                0x0000000000040e28                simLastSignalStrength
                0x0000000000040e2c                simPower
                0x0000000000040e30                simRadioChannel
                0x0000000000040e34                simLQI
                0x0000000000040e38                simLastLQI
 .data.rel.local
                0x0000000000040e40       0x20 build/cooja/contiki-ng-cooja.a(cooja-radio.o)
                0x0000000000040e40                cooja_radio_process
 .data          0x0000000000040e60        0x0 build/cooja/contiki-ng-cooja.a(eeprom.o)
 .data          0x0000000000040e60        0x0 build/cooja/contiki-ng-cooja.a(random.o)
 .data          0x0000000000040e60        0x0 build/cooja/contiki-ng-cooja.a(sensors.o)
 .data.rel.local
                0x0000000000040e60       0x20 build/cooja/contiki-ng-cooja.a(sensors.o)
                0x0000000000040e60                sensors_process
 .data          0x0000000000040e80        0x0 build/cooja/contiki-ng-cooja.a(leds.o)
 .data          0x0000000000040e80        0x0 build/cooja/contiki-ng-cooja.a(gpio-hal-arch.o)
 .data          0x0000000000040e80        0x1 build/cooja/contiki-ng-cooja.a(buttons.o)
                0x0000000000040e80                simButtonIsActive
 *fill*         0x0000000000040e81       0x1f 
 .data.rel.local
                0x0000000000040ea0       0xb0 build/cooja/contiki-ng-cooja.a(buttons.o)
                0x0000000000040f40                button_hal_buttons
 .data          0x0000000000040f50        0x0 build/cooja/contiki-ng-cooja.a(temperature.o)
 *fill*         0x0000000000040f50       0x10 
 .data.rel.local
                0x0000000000040f60       0x20 build/cooja/contiki-ng-cooja.a(temperature.o)
                0x0000000000040f60                temp_sensor_process
 .data          0x0000000000040f80        0x0 build/cooja/contiki-ng-cooja.a(dust.o)
 .data.rel.local
                0x0000000000040f80       0x20 build/cooja/contiki-ng-cooja.a(dust.o)
                0x0000000000040f80                dust_sensor_process
 .data          0x0000000000040fa0        0x0 build/cooja/contiki-ng-cooja.a(regolith.o)
 .data.rel.local
                0x0000000000040fa0       0x20 build/cooja/contiki-ng-cooja.a(regolith.o)
                0x0000000000040fa0                regolith_sensor_process
 .data          0x0000000000040fc0        0x0 build/cooja/contiki-ng-cooja.a(utils.o)
 .data          0x0000000000040fc0        0x0 build/cooja/contiki-ng-cooja.a(res-temperature.o)
 .data.rel.local
                0x0000000000040fc0       0x48 build/cooja/contiki-ng-cooja.a(res-temperature.o)
                0x0000000000040fc0                res_temperature
 .data          0x0000000000041008        0x0 build/cooja/contiki-ng-cooja.a(res-dust.o)
 *fill*         0x0000000000041008       0x18 
 .data.rel.local
                0x0000000000041020       0x48 build/cooja/contiki-ng-cooja.a(res-dust.o)
                0x0000000000041020                res_dust
 .data          0x0000000000041068        0x0 build/cooja/contiki-ng-cooja.a(res-regolith.o)
 *fill*         0x0000000000041068       0x18 
 .data.rel.local
                0x0000000000041080       0x48 build/cooja/contiki-ng-cooja.a(res-regolith.o)
                0x0000000000041080                res_regolith
 .data          0x00000000000410c8        0x0 build/cooja/contiki-ng-cooja.a(coap-blocking-api.o)
 .data          0x00000000000410c8        0x0 build/cooja/contiki-ng-cooja.a(coap-engine.o)
 .data.rel.local
                0x00000000000410c8       0x10 build/cooja/contiki-ng-cooja.a(coap-engine.o)
 .data          0x00000000000410d8        0x0 build/cooja/contiki-ng-cooja.a(coap-observe.o)
 *fill*         0x00000000000410d8        0x8 
 .data.rel.local
                0x00000000000410e0       0x20 build/cooja/contiki-ng-cooja.a(coap-observe.o)
 .data          0x0000000000041100        0x0 build/cooja/contiki-ng-cooja.a(coap-res-well-known-core.o)
 .data.rel.local
                0x0000000000041100       0x48 build/cooja/contiki-ng-cooja.a(coap-res-well-known-core.o)
                0x0000000000041100                res_well_known_core
 .data          0x0000000000041148        0x0 build/cooja/contiki-ng-cooja.a(coap-timer.o)
 .data.rel.local
                0x0000000000041148        0x8 build/cooja/contiki-ng-cooja.a(coap-timer.o)
 .data          0x0000000000041150        0x0 build/cooja/contiki-ng-cooja.a(coap-transactions.o)
 .data.rel.local
                0x0000000000041150       0x20 build/cooja/contiki-ng-cooja.a(coap-transactions.o)
 .data          0x0000000000041170        0x0 build/cooja/contiki-ng-cooja.a(coap-uip.o)
 *fill*         0x0000000000041170       0x10 
 .data.rel.local
                0x0000000000041180       0x20 build/cooja/contiki-ng-cooja.a(coap-uip.o)
                0x0000000000041180                coap_engine
 .data          0x00000000000411a0        0x0 build/cooja/contiki-ng-cooja.a(coap.o)
 .data.rel.local
                0x00000000000411a0        0x8 build/cooja/contiki-ng-cooja.a(coap.o)
                0x00000000000411a0                coap_error_message
 .data          0x00000000000411a8        0x0 build/cooja/contiki-ng-cooja.a(contiki-main.o)
 .data          0x00000000000411a8        0x0 build/cooja/contiki-ng-cooja.a(autostart.o)
 .data          0x00000000000411a8        0x0 build/cooja/contiki-ng-cooja.a(ctimer.o)
 *fill*         0x00000000000411a8       0x18 
 .data.rel.local
                0x00000000000411c0       0x40 build/cooja/contiki-ng-cooja.a(ctimer.o)
                0x00000000000411e0                ctimer_process
 .data          0x0000000000041200        0x0 build/cooja/contiki-ng-cooja.a(energest.o)
 .data          0x0000000000041200        0x0 build/cooja/contiki-ng-cooja.a(etimer.o)
 .data.rel.local
                0x0000000000041200       0x20 build/cooja/contiki-ng-cooja.a(etimer.o)
                0x0000000000041200                etimer_process
 .data          0x0000000000041220        0x4 build/cooja/contiki-ng-cooja.a(log.o)
                0x0000000000041220                curr_log_level_main
 *fill*         0x0000000000041224       0x1c 
 .data.rel      0x0000000000041240      0x138 build/cooja/contiki-ng-cooja.a(log.o)
                0x0000000000041240                all_modules
 .data          0x0000000000041378        0x0 build/cooja/contiki-ng-cooja.a(node-id.o)
 .data          0x0000000000041378        0x0 build/cooja/contiki-ng-cooja.a(process.o)
 .data          0x0000000000041378        0x0 build/cooja/contiki-ng-cooja.a(rtimer.o)
 .data          0x0000000000041378        0x0 build/cooja/contiki-ng-cooja.a(timer.o)