Archive member included to satisfy reference by file (symbol)

build/cooja/contiki-ng-cooja.a(simEnvChange.o)
                              build/cooja/mtype206144309.o (simDontFallAsleep)
build/cooja/contiki-ng-cooja.a(cooja_mt.o)
                              build/cooja/mtype206144309.o (cooja_mt_start)
build/cooja/contiki-ng-cooja.a(cooja_mtarch.o)
                              build/cooja/contiki-ng-cooja.a(cooja_mt.o) (cooja_mtarch_start)
build/cooja/contiki-ng-cooja.a(rtimer-arch.o)
                              build/cooja/mtype206144309.o (rtimer_arch_check)
build/cooja/contiki-ng-cooja.a(beep.o)
                              build/cooja/mtype206144309.o (beep_interface)
build/cooja/contiki-ng-cooja.a(leds-arch.o)
                              build/cooja/mtype206144309.o (leds_interface)
build/cooja/contiki-ng-cooja.a(moteid.o)
                              build/cooja/mtype206144309.o (moteid_interface)
build/cooja/contiki-ng-cooja.a(pir-sensor.o)
                              build/cooja/mtype206144309.o (pir_interface)
build/cooja/contiki-ng-cooja.a(rs232.o)
                              build/cooja/mtype206144309.o (rs232_interface)
build/cooja/contiki-ng-cooja.a(vib-sensor.o)
                              build/cooja/mtype206144309.o (vib_interface)
build/cooja/contiki-ng-cooja.a(clock.o)
                              build/cooja/mtype206144309.o (clock_interface)
build/cooja/contiki-ng-cooja.a(cooja-log.o)
                              build/cooja/mtype206144309.o (simlog_interface)
build/cooja/contiki-ng-cooja.a(cfs-cooja.o)
                              build/cooja/mtype206144309.o (cfs_interface)
build/cooja/contiki-ng-cooja.a(cooja-radio.o)
                              build/cooja/mtype206144309.o (radio_interface)
build/cooja/contiki-ng-cooja.a(eeprom.o)
                              build/cooja/mtype206144309.o (eeprom_interface)
build/cooja/contiki-ng-cooja.a(random.o)
                              build/cooja/contiki-ng-cooja.a(moteid.o) (random_init)
build/cooja/contiki-ng-cooja.a(sensors.o)
                              build/cooja/contiki-ng-cooja.a(pir-sensor.o) (sensors_changed)
build/cooja/contiki-ng-cooja.a(leds.o)
                              build/cooja/contiki-ng-cooja.a(leds-arch.o) (leds_get)
build/cooja/contiki-ng-cooja.a(gpio-hal-arch.o)
                              build/cooja/contiki-ng-cooja.a(leds-arch.o) (gpio_hal_arch_register_pin_callback)
build/cooja/contiki-ng-cooja.a(buttons.o)
                              build/cooja/mtype206144309.o (button_interface)
build/cooja/contiki-ng-cooja.a(webserver.o)
                              border-router.o (webserver_nogui_process)
build/cooja/contiki-ng-cooja.a(contiki-main.o)
                              build/cooja/mtype206144309.o (main)
build/cooja/contiki-ng-cooja.a(autostart.o)
                              build/cooja/contiki-ng-cooja.a(contiki-main.o) (autostart_start)
build/cooja/contiki-ng-cooja.a(ctimer.o)
                              build/cooja/contiki-ng-cooja.a(contiki-main.o) (ctimer_init)
build/cooja/contiki-ng-cooja.a(energest.o)
                              build/cooja/contiki-ng-cooja.a(contiki-main.o) (energest_init)
build/cooja/contiki-ng-cooja.a(etimer.o)
                              build/cooja/contiki-ng-cooja.a(contiki-main.o) (etimer_process)
build/cooja/contiki-ng-cooja.a(log.o)
                              build/cooja/contiki-ng-cooja.a(contiki-main.o) (curr_log_level_main)
build/cooja/contiki-ng-cooja.a(node-id.o)
                              build/cooja/contiki-ng-cooja.a(contiki-main.o) (node_id)
build/cooja/contiki-ng-cooja.a(process.o)
                              build/cooja/contiki-ng-cooja.a(ctimer.o) (process_current)
build/cooja/contiki-ng-cooja.a(rtimer.o)
                              build/cooja/contiki-ng-cooja.a(contiki-main.o) (rtimer_init)
build/cooja/contiki-ng-cooja.a(timer.o)
                              build/cooja/contiki-ng-cooja.a(etimer.o) (timer_set)
build/cooja/contiki-ng-cooja.a(list.o)
                              build/cooja/contiki-ng-cooja.a(ctimer.o) (list_init)
build/cooja/contiki-ng-cooja.a(button-hal.o)
                              build/cooja/mtype206144309.o (button_hal_init)
build/cooja/contiki-ng-cooja.a(gpio-hal.o)
                              build/cooja/contiki-ng-cooja.a(button-hal.o) (gpio_hal_register_handler)
build/cooja/contiki-ng-cooja.a(serial-line.o)
                              build/cooja/contiki-ng-cooja.a(rs232.o) (serial_line_input_byte)
build/cooja/contiki-ng-cooja.a(linkaddr.o)
                              build/cooja/contiki-ng-cooja.a(contiki-main.o) (linkaddr_node_addr)
build/cooja/contiki-ng-cooja.a(netstack.o)
                              build/cooja/contiki-ng-cooja.a(contiki-main.o) (netstack_init)
build/cooja/contiki-ng-cooja.a(packetbuf.o)
                              build/cooja/contiki-ng-cooja.a(cooja-radio.o) (packetbuf_clear)
build/cooja/contiki-ng-cooja.a(queuebuf.o)
[...]
Memory Configuration

Name             Origin             Length             Attributes
*default*        0x0000000000000000 0xffffffffffffffff

Linker script and memory map

LOAD /usr/lib/gcc/x86_64-linux-gnu/11/../../../x86_64-linux-gnu/crti.o
LOAD /usr/lib/gcc/x86_64-linux-gnu/11/crtbeginS.o
LOAD border-router.o
LOAD build/cooja/mtype206144309.o
LOAD build/cooja/contiki-ng-cooja.a
LOAD /usr/lib/gcc/x86_64-linux-gnu/11/libgcc.a
LOAD /usr/lib/gcc/x86_64-linux-gnu/11/libgcc_s.so
START GROUP
LOAD /usr/lib/gcc/x86_64-linux-gnu/11/../../../x86_64-linux-gnu/libgcc_s.so.1
LOAD /usr/lib/gcc/x86_64-linux-gnu/11/libgcc.a
END GROUP
LOAD /usr/lib/gcc/x86_64-linux-gnu/11/../../../x86_64-linux-gnu/libc.so
START GROUP
LOAD /lib/x86_64-linux-gnu/libc.so.6
LOAD /usr/lib/x86_64-linux-gnu/libc_nonshared.a
LOAD /lib64/ld-linux-x86-64.so.2
END GROUP
LOAD /usr/lib/gcc/x86_64-linux-gnu/11/libgcc.a
LOAD /usr/lib/gcc/x86_64-linux-gnu/11/libgcc_s.so
START GROUP
LOAD /usr/lib/gcc/x86_64-linux-gnu/11/../../../x86_64-linux-gnu/libgcc_s.so.1
LOAD /usr/lib/gcc/x86_64-linux-gnu/11/libgcc.a
END GROUP
LOAD /usr/lib/gcc/x86_64-linux-gnu/11/crtendS.o
LOAD /usr/lib/gcc/x86_64-linux-gnu/11/../../../x86_64-linux-gnu/crtn.o
                0x00000000000002a8                . = (SEGMENT_START ("text-segment", 0x0) + SIZEOF_HEADERS)

.note.gnu.property
                0x00000000000002a8       0x20
 .note.gnu.property
                0x00000000000002a8       0x20 /usr/lib/gcc/x86_64-linux-gnu/11/../../../x86_64-linux-gnu/crti.o

.note.gnu.build-id
                0x00000000000002c8       0x24
 *(.note.gnu.build-id)
 .note.gnu.build-id
                0x00000000000002c8       0x24 /usr/lib/gcc/x86_64-linux-gnu/11/../../../x86_64-linux-gnu/crti.o

.hash
 *(.hash)

.gnu.hash       0x00000000000002f0     0x14cc
 *(.gnu.hash)
 .gnu.hash      0x00000000000002f0     0x14cc /usr/lib/gcc/x86_64-linux-gnu/11/../../../x86_64-linux-gnu/crti.o

.dynsym         0x00000000000017c0     0x4110
 *(.dynsym)
 .dynsym        0x00000000000017c0     0x4110 /usr/lib/gcc/x86_64-linux-gnu/11/../../../x86_64-linux-gnu/crti.o

.dynstr         0x00000000000058d0     0x30d8
 *(.dynstr)
 .dynstr        0x00000000000058d0     0x30d8 /usr/lib/gcc/x86_64-linux-gnu/11/../../../x86_64-linux-gnu/crti.o

.gnu.version    0x00000000000089a8      0x56c
 *(.gnu.version)
 .gnu.version   0x00000000000089a8      0x56c /usr/lib/gcc/x86_64-linux-gnu/11/../../../x86_64-linux-gnu/crti.o

.gnu.version_d  0x0000000000008f18        0x0
 *(.gnu.version_d)
 .gnu.version_d
                0x0000000000008f18        0x0 /usr/lib/gcc/x86_64-linux-gnu/11/../../../x86_64-linux-gnu/crti.o

.gnu.version_r  0x0000000000008f18       0x40
 *(.gnu.version_r)
 .gnu.version_r
                0x0000000000008f18       0x40 /usr/lib/gcc/x86_64-linux-gnu/11/../../../x86_64-linux-gnu/crti.o

.rela.dyn       0x0000000000008f58     0x2010
 *(.rela.init)
 *(.rela.text .rela.text.* .rela.gnu.linkonce.t.*)
 .rela.text     0x0000000000008f58        0x0 /usr/lib/gcc/x86_64-linux-gnu/11/../../../x86_64-linux-gnu/crti.o
 *(.rela.fini)
 *(.rela.rodata .rela.rodata.* .rela.gnu.linkonce.r.*)
 *(.rela.data .rela.data.* .rela.gnu.linkonce.d.*)
 .rela.data.rel.local
                0x0000000000008f58      0x780 /usr/lib/gcc/x86_64-linux-gnu/11/../../../x86_64-linux-gnu/crti.o
 .rela.data.rel.ro
                0x00000000000096d8      0x288 /usr/lib/gcc/x86_64-linux-gnu/11/../../../x86_64-linux-gnu/crti.o
 .rela.data.rel
                0x0000000000009960      0x3a8 /usr/lib/gcc/x86_64-linux-gnu/11/../../../x86_64-linux-gnu/crti.o
 .rela.data.rel.ro.local
                0x0000000000009d08      0x5d0 /usr/lib/gcc/x86_64-linux-gnu/11/../../../x86_64-linux-gnu/crti.o
 *(.rela.tdata .rela.tdata.* .rela.gnu.linkonce.td.*)
 *(.rela.tbss .rela.tbss.* .rela.gnu.linkonce.tb.*)
 *(.rela.ctors)
 *(.rela.dtors)
 *(.rela.got)
 .rela.got      0x000000000000a2d8      0xc60 /usr/lib/gcc/x86_64-linux-gnu/11/../../../x86_64-linux-gnu/crti.o
 *(.rela.bss .rela.bss.* .rela.gnu.linkonce.b.*)
 *(.rela.ldata .rela.ldata.* .rela.gnu.linkonce.l.*)
 *(.rela.lbss .rela.lbss.* .rela.gnu.linkonce.lb.*)
 *(.rela.lrodata .rela.lrodata.* .rela.gnu.linkonce.lr.*)
 *(.rela.ifunc)
 .rela.ifunc    0x000000000000af38        0x0 /usr/lib/gcc/x86_64-linux-gnu/11/../../../x86_64-linux-gnu/crti.o
 .rela.fini_array
                0x000000000000af38       0x18 /usr/lib/gcc/x86_64-linux-gnu/11/../../../x86_64-linux-gnu/crti.o
 .rela.init_array
                0x000000000000af50       0x18 /usr/lib/gcc/x86_64-linux-gnu/11/../../../x86_64-linux-gnu/crti.o

.rela.plt       0x000000000000af68     0x22c8
 *(.rela.plt)
 .rela.plt      0x000000000000af68     0x22c8 /usr/lib/gcc/x86_64-linux-gnu/11/../../../x86_64-linux-gnu/crti.o
 *(.rela.iplt)

.relr.dyn
 *(.relr.dyn)
                0x000000000000e000                . = ALIGN (CONSTANT (MAXPAGESIZE))

.init           0x000000000000e000       0x1b
 *(SORT_NONE(.init))
 .init          0x000000000000e000       0x16 /usr/lib/gcc/x86_64-linux-gnu/11/../../../x86_64-linux-gnu/crti.o
                0x000000000000e000                _init
 .init          0x000000000000e016        0x5 /usr/lib/gcc/x86_64-linux-gnu/11/../../../x86_64-linux-gnu/crtn.o

.plt            0x000000000000e020     0x1740
 *(.plt)
 .plt           0x000000000000e020     0x1740 /usr/lib/gcc/x86_64-linux-gnu/11/../../../x86_64-linux-gnu/crti.o
 *(.iplt)

.plt.got        0x000000000000f760       0x30
 *(.plt.got)
 .plt.got       0x000000000000f760       0x30 /usr/lib/gcc/x86_64-linux-gnu/11/../../../x86_64-linux-gnu/crti.o

.plt.sec        0x000000000000f790     0x1730
 *(.plt.sec)
 .plt.sec       0x000000000000f790     0x1730 /usr/lib/gcc/x86_64-linux-gnu/11/../../../x86_64-linux-gnu/crti.o

.text           0x0000000000010ec0    0x1eb2a
 *(.text.unlikely .text.*_unlikely .text.unlikely.*)
 *(.text.exit .text.exit.*)
 *(.text.startup .text.startup.*)
 *(.text.hot .text.hot.*)
 *(SORT_BY_NAME(.text.sorted.*))
 *(.text .stub .text.* .gnu.linkonce.t.*)
 .text          0x0000000000010ec0        0x0 /usr/lib/gcc/x86_64-linux-gnu/11/../../../x86_64-linux-gnu/crti.o
 .text          0x0000000000010ec0       0xb9 /usr/lib/gcc/x86_64-linux-gnu/11/crtbeginS.o
 .text          0x0000000000010f79       0x53 border-router.o
 .text          0x0000000000010fcc      0x374 build/cooja/mtype206144309.o
                0x0000000000011082                platform_init_stage_one
                0x0000000000011097                platform_init_stage_two
                0x00000000000110ac                platform_init_stage_three
                0x00000000000110c1                platform_main_loop
                0x000000000001115b                JNI_OnLoad
                0x0000000000011172                Java_org_contikios_cooja_corecomm_Lib1_init
                0x00000000000111c5                Java_org_contikios_cooja_corecomm_Lib1_getMemory
                0x0000000000011224                Java_org_contikios_cooja_corecomm_Lib1_setMemory
                0x0000000000011283                Java_org_contikios_cooja_corecomm_Lib1_tick
                0x0000000000011311                Java_org_contikios_cooja_corecomm_Lib1_setReferenceAddress
 .text          0x0000000000011340       0x93 build/cooja/contiki-ng-cooja.a(simEnvChange.o)
                0x0000000000011340                doActionsBeforeTick
                0x0000000000011389                doActionsAfterTick
 .text          0x00000000000113d3       0xab build/cooja/contiki-ng-cooja.a(cooja_mt.o)
                0x00000000000113d3                cooja_mt_start
                0x0000000000011413                cooja_mt_exec
                0x0000000000011456                cooja_mt_yield
 .text          0x000000000001147e      0x10e build/cooja/contiki-ng-cooja.a(cooja_mtarch.o)
                0x000000000001147e                cooja_mtarch_start
                0x0000000000011521                cooja_sw
                0x000000000001154e                cooja_mtarch_exec
                0x000000000001157c                cooja_mtarch_yield
 .text          0x000000000001158c       0xcc build/cooja/contiki-ng-cooja.a(rtimer-arch.o)
                0x000000000001158c                rtimer_arch_init
                0x00000000000115b2                rtimer_arch_schedule
                0x00000000000115dc                rtimer_arch_next
                0x00000000000115f0                rtimer_arch_pending
                0x0000000000011603                rtimer_arch_check
                0x0000000000011644                rtimer_arch_now
 .text          0x0000000000011658       0xe6 build/cooja/contiki-ng-cooja.a(beep.o)
                0x0000000000011658                beep_alarm
                0x0000000000011673                beep_beep
                0x000000000001168b                beep
                0x00000000000116a0                beep_down
                0x00000000000116b8                beep_on
                0x00000000000116cd                beep_off
                0x00000000000116e2                beep_spinup
                0x00000000000116f7                beep_quick
                0x000000000001170f                beep_long
 .text          0x000000000001173e       0x80 build/cooja/contiki-ng-cooja.a(leds-arch.o)
                0x0000000000011757                leds_arch_init
 .text          0x00000000000117be       0x41 build/cooja/contiki-ng-cooja.a(moteid.o)
 .text          0x00000000000117ff       0xfa build/cooja/contiki-ng-cooja.a(pir-sensor.o)
 .text          0x00000000000118f9      0x18b build/cooja/contiki-ng-cooja.a(rs232.o)
                0x00000000000118f9                rs232_init
                0x0000000000011904                rs232_set_speed
                0x0000000000011914                rs232_set_input
                0x000000000001192e                rs232_send
                0x000000000001194d                rs232_print
                0x000000000001197b                slip_arch_writeb
 .text          0x0000000000011a84       0xfa build/cooja/contiki-ng-cooja.a(vib-sensor.o)
 .text          0x0000000000011b7e       0x6f build/cooja/contiki-ng-cooja.a(clock.o)
                0x0000000000011b7e                clock_init
                0x0000000000011b89                clock_time
                0x0000000000011b9d                clock_seconds
                0x0000000000011bc9                clock_delay
 .text          0x0000000000011bed      0x214 build/cooja/contiki-ng-cooja.a(cooja-log.o)
                0x0000000000011bed                simlog_char
                0x0000000000011c47                simlog
                0x0000000000011ccc                log_message
                0x0000000000011d11                log_set_putchar_with_slip
                0x0000000000011d28                dbg_putchar
                0x0000000000011da9                dbg_send_bytes
 .text          0x0000000000011e01      0x39b build/cooja/contiki-ng-cooja.a(cfs-cooja.o)
                0x0000000000011e01                cfs_open
                0x0000000000011e7e                cfs_close
                0x0000000000011e93                cfs_read
                0x0000000000011f5a                cfs_write
                0x000000000001206a                cfs_seek
                0x0000000000012119                cfs_remove
                0x0000000000012149                cfs_opendir
                0x0000000000012160                cfs_readdir
                0x0000000000012177                cfs_closedir
 .text          0x000000000001219c      0x79f build/cooja/contiki-ng-cooja.a(cooja-radio.o)
                0x00000000000121fb                radio_set_channel
                0x0000000000012215                radio_set_txpower
                0x0000000000012232                radio_signal_strength_last
                0x0000000000012245                radio_signal_strength_current
                0x0000000000012258                radio_LQI
 .text          0x000000000001293b      0x163 build/cooja/contiki-ng-cooja.a(eeprom.o)
                0x000000000001293b                eeprom_init
                0x000000000001294a                eeprom_read
                0x00000000000129e9                eeprom_write
 .text          0x0000000000012a9e       0x2f build/cooja/contiki-ng-cooja.a(random.o)
                0x0000000000012a9e                random_init
                0x0000000000012abe                random_rand
 .text          0x0000000000012acd      0x35f build/cooja/contiki-ng-cooja.a(sensors.o)
                0x0000000000012b16                sensors_first
                0x0000000000012b2a                sensors_next
                0x0000000000012b59                sensors_changed
                0x0000000000012ba6                sensors_find
 .text          0x0000000000012e2c      0x3ad build/cooja/contiki-ng-cooja.a(leds.o)
                0x0000000000012e2c                leds_init
                0x0000000000012e77                leds_single_on
                0x0000000000012ee4                leds_single_off
                0x0000000000012f51                leds_single_toggle
                0x0000000000012f89                leds_on
                0x000000000001301a                leds_off
                0x00000000000130ab                leds_toggle
                0x0000000000013107                leds_set
                0x0000000000013130                leds_get
 .text          0x00000000000131d9      0x41b build/cooja/contiki-ng-cooja.a(gpio-hal-arch.o)
                0x00000000000131d9                gpio_hal_arch_register_pin_callback
                0x0000000000013280                gpio_hal_arch_init
                0x00000000000132d6                gpio_hal_arch_no_port_interrupt_enable
                0x0000000000013323                gpio_hal_arch_no_port_interrupt_disable
                0x0000000000013370                gpio_hal_arch_no_port_pin_cfg_set
                0x00000000000133a6                gpio_hal_arch_no_port_pin_cfg_get
                0x00000000000133da                gpio_hal_arch_no_port_pin_set_input
                0x00000000000133ed                gpio_hal_arch_no_port_pin_set_output
                0x0000000000013400                gpio_hal_arch_no_port_set_pin
                0x0000000000013424                gpio_hal_arch_no_port_clear_pin
                0x0000000000013448                gpio_hal_arch_no_port_read_pin
                0x0000000000013475                gpio_hal_arch_no_port_write_pin
                0x000000000001349f                gpio_hal_arch_no_port_set_pins
                0x00000000000134ee                gpio_hal_arch_no_port_clear_pins
                0x000000000001353d                gpio_hal_arch_no_port_read_pins
                0x000000000001358b                gpio_hal_arch_no_port_write_pins
 .text          0x00000000000135f4       0xa8 build/cooja/contiki-ng-cooja.a(buttons.o)
 .text          0x000000000001369c      0x8f8 build/cooja/contiki-ng-cooja.a(webserver.o)
                0x0000000000013f7f                httpd_simple_get_script
 .text          0x0000000000013f94      0x405 build/cooja/contiki-ng-cooja.a(contiki-main.o)
                0x0000000000013f94                main
 .text          0x0000000000014399       0xbd build/cooja/contiki-ng-cooja.a(autostart.o)
                0x0000000000014399                autostart_start
                0x00000000000143fa                autostart_exit
 .text          0x0000000000014456      0x441 build/cooja/contiki-ng-cooja.a(ctimer.o)
                0x00000000000145b8                ctimer_init
                0x00000000000145ed                ctimer_set
                0x0000000000014631                ctimer_set_with_process
                0x00000000000146eb                ctimer_reset
                0x000000000001475c                ctimer_restart
                0x00000000000147cd                ctimer_stop
                0x000000000001482b                ctimer_expired
 .text          0x0000000000014897       0x25 build/cooja/contiki-ng-cooja.a(energest.o)
                0x0000000000014897                energest_init
                0x00000000000148a2                energest_flush
                0x00000000000148ad                energest_get_total_time
 .text          0x00000000000148bc      0x57c build/cooja/contiki-ng-cooja.a(etimer.o)
                0x0000000000014b64                etimer_request_poll
                0x0000000000014c16                etimer_set
                0x0000000000014c4c                etimer_reset_with_new_interval
                0x0000000000014c87                etimer_reset
                0x0000000000014cb2                etimer_restart
                0x0000000000014cdd                etimer_adjust
                0x0000000000014d0e                etimer_expired
                0x0000000000014d2d                etimer_expiration_time
                0x0000000000014d4d                etimer_start_time
                0x0000000000014d62                etimer_pending
                0x0000000000014d7c                etimer_next_expiration_time
                0x0000000000014d9d                etimer_stop
 .text          0x0000000000014e38      0x539 build/cooja/contiki-ng-cooja.a(log.o)
                0x0000000000014e38                log_6addr
                0x0000000000014e9e                log_6addr_compact_snprint
                0x0000000000014f79                log_6addr_compact
                0x0000000000014fdf                log_lladdr
                0x000000000001505f                log_lladdr_compact
                0x00000000000150e1                log_bytes
                0x0000000000015141                log_set_level
                0x000000000001524f                log_get_level
                0x0000000000015306                log_level_to_str
 .text          0x0000000000015371       0x36 build/cooja/contiki-ng-cooja.a(node-id.o)
                0x0000000000015371                node_id_init
 .text          0x00000000000153a7      0x673 build/cooja/contiki-ng-cooja.a(process.o)
                0x00000000000153a7                process_alloc_event
                0x00000000000153c1                process_start
                0x0000000000015631                process_exit
                0x000000000001565d                process_init
                0x0000000000015854                process_run
                0x0000000000015889                process_nevents
                0x00000000000158a9                process_post
                0x0000000000015971                process_post_synch
                0x00000000000159bf                process_poll
                0x00000000000159fc                process_is_running
 .text          0x0000000000015a1a      0x101 build/cooja/contiki-ng-cooja.a(rtimer.o)
                0x0000000000015a1a                rtimer_init
                0x0000000000015a2a                rtimer_set
                0x0000000000015aab                rtimer_run_next
 .text          0x0000000000015b1b       0xfd build/cooja/contiki-ng-cooja.a(timer.o)
                0x0000000000015b1b                timer_set
                0x0000000000015b4a                timer_reset
                0x0000000000015b86                timer_restart
                0x0000000000015ba5                timer_expired
                0x0000000000015be0                timer_remaining
 .text          0x0000000000015c18      0x39b build/cooja/contiki-ng-cooja.a(list.o)
                0x0000000000015c18                list_init
                0x0000000000015c32                list_head
                0x0000000000015c47                list_copy
                0x0000000000015c68                list_tail
                0x0000000000015cb1                list_add
                0x0000000000015d15                list_push
                0x0000000000015d58                list_chop
                0x0000000000015de5                list_pop
                0x0000000000015e1f                list_remove
                0x0000000000015eab                list_length
                0x0000000000015ee6                list_insert
                0x0000000000015f49                list_item_next
                0x0000000000015f6c                list_contains
 .text          0x0000000000015fb3      0x574 build/cooja/contiki-ng-cooja.a(button-hal.o)
                0x000000000001617e                button_hal_get_by_id
                0x00000000000161cc                button_hal_get_by_index
                0x0000000000016203                button_hal_get_state
                0x0000000000016266                button_hal_init
 .text          0x0000000000016527      0x181 build/cooja/contiki-ng-cooja.a(gpio-hal.o)
                0x0000000000016527                gpio_hal_register_handler
                0x0000000000016550                gpio_hal_event_handler
                0x00000000000165bb                gpio_hal_init
                0x00000000000165da                gpio_hal_arch_port_toggle_pin
                0x0000000000016611                gpio_hal_arch_port_toggle_pins
                0x0000000000016642                gpio_hal_arch_no_port_toggle_pin
                0x000000000001667c                gpio_hal_arch_no_port_toggle_pins
 .text          0x00000000000166a8      0x238 build/cooja/contiki-ng-cooja.a(serial-line.o)
                0x00000000000166a8                serial_line_input_byte
                0x00000000000168a3                serial_line_init
 .text          0x00000000000168e0       0x80 build/cooja/contiki-ng-cooja.a(linkaddr.o)
                0x00000000000168e0                linkaddr_copy
                0x0000000000016901                linkaddr_cmp
                0x0000000000016937                linkaddr_set_node_addr
 .text          0x0000000000016960      0x12b build/cooja/contiki-ng-cooja.a(netstack.o)
                0x0000000000016960                netstack_process_ip_callback
                0x0000000000016a01                netstack_ip_packet_processor_add
                0x0000000000016a31                uip_ds6_ip_packet_processor_rm
                0x0000000000016a5a                netstack_init
 .text          0x0000000000016a8b      0x4a8 build/cooja/contiki-ng-cooja.a(packetbuf.o)
                0x0000000000016a8b                packetbuf_clear
                0x0000000000016ab9                packetbuf_copyfrom
                0x0000000000016b12                packetbuf_copyto
                0x0000000000016bb8                packetbuf_hdralloc
                0x0000000000016c47                packetbuf_hdrreduce
                0x0000000000016c97                packetbuf_set_datalen
                0x0000000000016cb3                packetbuf_dataptr
                0x0000000000016cd8                packetbuf_hdrptr
                0x0000000000016ce9                packetbuf_datalen
                0x0000000000016cfa                packetbuf_hdrlen
                0x0000000000016d16                packetbuf_totlen
                0x0000000000016d38                packetbuf_remaininglen
                0x0000000000016d50                packetbuf_attr_clear
                0x0000000000016db5                packetbuf_attr_copyto
                0x0000000000016e00                packetbuf_attr_copyfrom
                0x0000000000016e4b                packetbuf_set_attr
                0x0000000000016e7b                packetbuf_attr
                0x0000000000016e9c                packetbuf_set_addr
                0x0000000000016ee2                packetbuf_addr
                0x0000000000016f0c                packetbuf_holds_broadcast
 .text          0x0000000000016f33      0x382 build/cooja/contiki-ng-cooja.a(queuebuf.o)
                0x0000000000016f48                queuebuf_init
                0x0000000000016f71                queuebuf_numfree
                0x0000000000016f8a                queuebuf_new_from_packetbuf
                0x000000000001703d                queuebuf_update_attr_from_packetbuf
                0x0000000000017080                queuebuf_update_from_packetbuf
                0x00000000000170dc                queuebuf_free
                0x0000000000017138                queuebuf_to_packetbuf
                0x00000000000171b1                queuebuf_dataptr
                0x00000000000171f8                queuebuf_datalen
                0x0000000000017228                queuebuf_addr
                0x000000000001726f                queuebuf_attr
                0x00000000000172aa                queuebuf_debug_print
 .text          0x00000000000172b5      0x116 build/cooja/contiki-ng-cooja.a(printf.o)
                0x00000000000172ea                log_printf
 .text          0x00000000000173cb       0x1e build/cooja/contiki-ng-cooja.a(putchar.o)
                0x00000000000173cb                log_putchar
 .text          0x00000000000173e9       0x3d build/cooja/contiki-ng-cooja.a(puts.o)
                0x00000000000173e9                log_puts
 .text          0x0000000000017426      0x1f8 build/cooja/contiki-ng-cooja.a(snprintf.o)
                0x00000000000174b1                log_snprintf
                0x0000000000017596                log_vsnprintf
 .text          0x000000000001761e     0x170b build/cooja/contiki-ng-cooja.a(strformat.o)
                0x0000000000017991                format_str
                0x0000000000017a72                format_str_v
 .text          0x0000000000018d29      0x292 build/cooja/contiki-ng-cooja.a(csma.o)
 .text          0x0000000000018fbb      0x988 build/cooja/contiki-ng-cooja.a(psock.o)
                0x00000000000193de                psock_send
                0x0000000000019496                psock_generator_send
                0x00000000000195f8                psock_datalen
                0x000000000001961b                psock_newdata
                0x0000000000019678                psock_readto
                0x0000000000019798                psock_readbuf_len
                0x00000000000198d1                psock_init
 .text          0x0000000000019943     0x3747 build/cooja/contiki-ng-cooja.a(sicslowpan.o)
                0x000000000001a119                netstack_sniffer_add
                0x000000000001a133                netstack_sniffer_remove
                0x000000000001d053                sicslowpan_init
                0x000000000001d07a                sicslowpan_get_last_rssi
 .text          0x000000000001d08a      0xcef build/cooja/contiki-ng-cooja.a(tcpip.o)
                0x000000000001d0ba                tcpip_output
                0x000000000001d1bc                tcp_connect
                0x000000000001d223                tcp_unlisten
                0x000000000001d293                tcp_listen
                0x000000000001d2ff                tcp_attach
                0x000000000001d32d                udp_attach
                0x000000000001d35b                udp_new
                0x000000000001d3b6                udp_broadcast_new
                0x000000000001d6c9                tcpip_input
                0x000000000001d8ee                tcpip_ipv6_output
                0x000000000001db47                tcpip_poll_udp
                0x000000000001db75                tcpip_poll_tcp
                0x000000000001dba3                tcpip_uipcall
 .text          0x000000000001dd79      0x416 build/cooja/contiki-ng-cooja.a(uip-ds6-nbr.o)
                0x000000000001dd79                uip_ds6_neighbors_init
                0x000000000001dda2                uip_ds6_nbr_add
                0x000000000001de40                uip_ds6_nbr_rm
                0x000000000001de9d                uip_ds6_nbr_update_ll
                0x000000000001dfa2                uip_ds6_nbr_get_ipaddr
                0x000000000001dfc2                uip_ds6_nbr_get_ll
                0x000000000001dfea                uip_ds6_nbr_num
                0x000000000001e03c                uip_ds6_nbr_head
                0x000000000001e055                uip_ds6_nbr_next
                0x000000000001e07d                uip_ds6_nbr_lookup
                0x000000000001e0e6                uip_ds6_nbr_ll_lookup
                0x000000000001e10e                uip_ds6_nbr_ipaddr_from_lladdr
                0x000000000001e142                uip_ds6_nbr_lladdr_from_ipaddr
                0x000000000001e17e                uip_ds6_link_callback
 .text          0x000000000001e18f      0x3f9 build/cooja/contiki-ng-cooja.a(uip-ds6-route.o)
                0x000000000001e1e6                uip_ds6_route_init
                0x000000000001e20f                uip_ds6_route_count_nexthop_neighbors
                0x000000000001e21e                uip_ds6_route_nexthop
                0x000000000001e231                uip_ds6_route_head
                0x000000000001e240                uip_ds6_route_next
                0x000000000001e253                uip_ds6_route_is_nexthop
                0x000000000001e266                uip_ds6_route_num_routes
                0x000000000001e275                uip_ds6_route_lookup
                0x000000000001e288                uip_ds6_route_add
                0x000000000001e2a4                uip_ds6_route_rm
                0x000000000001e2b3                uip_ds6_route_rm_by_nexthop
                0x000000000001e2c2                uip_ds6_defrt_head
                0x000000000001e2db                uip_ds6_defrt_add
                0x000000000001e39b                uip_ds6_defrt_rm
                0x000000000001e411                uip_ds6_defrt_lookup
                0x000000000001e488                uip_ds6_defrt_choose
                0x000000000001e50b                uip_ds6_defrt_periodic
 .text          0x000000000001e588      0xebc build/cooja/contiki-ng-cooja.a(uip-ds6.o)
                0x000000000001e588                uip_ds6_default_prefix
                0x000000000001e599                uip_ds6_set_default_prefix
                0x000000000001e5c1                uip_ds6_init
                0x000000000001e860                uip_ds6_periodic
                0x000000000001e902                uip_ds6_list_loop
                0x000000000001e9eb                uip_ds6_prefix_add
                0x000000000001eabc                uip_ds6_prefix_rm
                0x000000000001eada                uip_ds6_prefix_lookup
                0x000000000001eb31                uip_ds6_is_addr_onlink
                0x000000000001ebc5                uip_ds6_addr_add
                0x000000000001ed10                uip_ds6_addr_rm
                0x000000000001edcb                uip_ds6_addr_lookup
                0x000000000001ee20                uip_ds6_get_link_local
                0x000000000001eec5                uip_ds6_get_global
                0x000000000001ef6a                uip_ds6_maddr_add
                0x000000000001efe6                uip_ds6_maddr_rm
                0x000000000001f004                uip_ds6_maddr_lookup
                0x000000000001f05c                uip_ds6_aaddr_add
                0x000000000001f0d8                uip_ds6_aaddr_rm
                0x000000000001f0f6                uip_ds6_aaddr_lookup
                0x000000000001f14e                uip_ds6_select_src
                0x000000000001f2d8                uip_ds6_set_addr_iid
                0x000000000001f311                uip_ds6_set_lladdr_from_iid
                0x000000000001f348                get_match_length
                0x000000000001f3f6                uip_ds6_compute_reachable_time
 .text          0x000000000001f444      0x8b7 build/cooja/contiki-ng-cooja.a(uip-icmp6.o)
                0x000000000001f4c1                uip_icmp6_input
                0x000000000001f51f                uip_icmp6_register_input_handler
                0x000000000001f6b1                uip_icmp6_error_output
                0x000000000001fa16                uip_icmp6_send
                0x000000000001fc62                uip_icmp6_echo_reply_callback_add
                0x000000000001fca9                uip_icmp6_echo_reply_callback_rm
                0x000000000001fcd2                uip_icmp6_init
 .text          0x000000000001fcfb      0x1b9 build/cooja/contiki-ng-cooja.a(uip-packetqueue.o)
                0x000000000001fd3a                uip_packetqueue_new
                0x000000000001fd54                uip_packetqueue_alloc
                0x000000000001fdce                uip_packetqueue_free
                0x000000000001fe26                uip_packetqueue_buf
                0x000000000001fe52                uip_packetqueue_buflen
                0x000000000001fe81                uip_packetqueue_set_buflen
 .text          0x000000000001feb4      0x7e7 build/cooja/contiki-ng-cooja.a(uip-sr.o)
                0x000000000001feb4                uip_sr_num_nodes
                0x000000000001ff5f                uip_sr_get_node
                0x000000000001ffc7                uip_sr_is_addr_reachable
                0x000000000002008f                uip_sr_expire_parent
                0x00000000000200fe                uip_sr_update_node
                0x0000000000020272                uip_sr_init
                0x00000000000202a5                uip_sr_node_head
                0x00000000000202be                uip_sr_node_next
                0x00000000000202dc                uip_sr_periodic
                0x0000000000020418                uip_sr_free_all
                0x0000000000020497                uip_sr_link_snprint
 .text          0x000000000002069b     0x3915 build/cooja/contiki-ng-cooja.a(uip6.o)
                0x000000000002069b                uip_add32
                0x00000000000208a5                uip_chksum
                0x000000000002098b                uip_icmp6chksum
                0x000000000002099f                uip_tcpchksum
                0x00000000000209b3                uip_udpchksum
                0x00000000000209c7                uip_init
                0x0000000000020a8c                uip_connect
                0x0000000000020c36                uip_remove_ext_hdr
                0x0000000000020d37                uip_udp_new
                0x0000000000020ea3                uip_unlisten
                0x0000000000020ef2                uip_listen
                0x0000000000021214                uip_process
                0x0000000000023e36                uip_htons
                0x0000000000023e59                uip_htonl
                0x0000000000023ea1                uip_send
 .text          0x0000000000023fb0      0x5b1 build/cooja/contiki-ng-cooja.a(uipbuf.o)
                0x0000000000023fb0                uipbuf_clear
                0x0000000000023fe2                uipbuf_add_ext_hdr
                0x000000000002407a                uipbuf_set_len
                0x00000000000240ac                uipbuf_set_len_field
                0x00000000000240df                uipbuf_get_len_field
                0x000000000002410a                uipbuf_get_next_header
                0x000000000002427c                uipbuf_get_last_header
                0x000000000002430f                uipbuf_search_header
                0x00000000000243d6                uipbuf_get_attr
                0x0000000000024407                uipbuf_set_attr
                0x0000000000024447                uipbuf_set_default_attr
                0x0000000000024487                uipbuf_clear_attr
                0x00000000000244ae                uipbuf_set_attr_flag
                0x00000000000244d1                uipbuf_clr_attr_flag
                0x00000000000244fa                uipbuf_is_attr_flag
                0x000000000002451f                uipbuf_init
 .text          0x0000000000024561      0x57d build/cooja/contiki-ng-cooja.a(uiplib.o)
                0x0000000000024561                uiplib_ip6addrconv
                0x000000000002473d                uiplib_ip4addrconv
                0x000000000002480f                uiplib_ipaddr_print
                0x0000000000024875                uiplib_ipaddr_snprint
 .text          0x0000000000024ade      0x66e build/cooja/contiki-ng-cooja.a(rpl.o)
                0x0000000000024ade                rpl_lollipop_greater_than
                0x0000000000024b42                rpl_get_global_address
                0x0000000000024ce2                rpl_link_callback
                0x0000000000024d4c                rpl_has_joined
                0x0000000000024d7f                rpl_is_reachable
                0x0000000000024e25                rpl_reset_prefix
                0x0000000000024e9c                rpl_set_prefix_from_addr
                0x0000000000024fb7                rpl_set_prefix
                0x0000000000025121                rpl_set_leaf_only
                0x000000000002513b                rpl_get_leaf_only
 .text          0x000000000002514c      0x258 build/cooja/contiki-ng-cooja.a(slip-bridge.o)
                0x000000000002514c                request_prefix
 .text          0x00000000000253a4       0x49 build/cooja/contiki-ng-cooja.a(watchdog.o)
                0x00000000000253a4                watchdog_init
                0x00000000000253af                watchdog_start
                0x00000000000253ba                watchdog_periodic
                0x00000000000253d7                watchdog_stop
                0x00000000000253e2                watchdog_reboot
 .text          0x00000000000253ed       0x61 build/cooja/contiki-ng-cooja.a(int-master.o)
                0x00000000000253ed                int_master_enable
                0x0000000000025402                int_master_read_and_disable
                0x0000000000025422                int_master_status_set
                0x0000000000025439                int_master_is_enabled
 .text          0x000000000002544e       0x1a build/cooja/contiki-ng-cooja.a(slip-arch.o)
                0x000000000002544e                slip_arch_init
 .text          0x0000000000025468      0x74a build/cooja/contiki-ng-cooja.a(httpd-simple.o)
                0x00000000000259a0                httpd_appcall
                0x0000000000025b8e                httpd_init
 .text          0x0000000000025bb2      0x198 build/cooja/contiki-ng-cooja.a(rpl-border-router.o)
                0x0000000000025bb2                print_local_addresses
                0x0000000000025ce8                set_prefix_64
                0x0000000000025d2b                rpl_border_router_init
 .text          0x0000000000025d4a      0x125 build/cooja/contiki-ng-cooja.a(stimer.o)
                0x0000000000025d4a                stimer_set
                0x0000000000025d79                stimer_reset
                0x0000000000025db5                stimer_restart
                0x0000000000025dd4                stimer_expired
                0x0000000000025e16                stimer_remaining
                0x0000000000025e4e                stimer_elapsed
 .text          0x0000000000025e6f      0x21a build/cooja/contiki-ng-cooja.a(memb.o)
                0x0000000000025e6f                memb_init
                0x0000000000025ed2                memb_alloc
                0x0000000000025f4c                memb_free
                0x0000000000025fdf                memb_inmemb
                0x0000000000026036                memb_numfree
 .text          0x0000000000026089      0x19d build/cooja/contiki-ng-cooja.a(ringbuf.o)
                0x0000000000026089                ringbuf_init
                0x00000000000260ca                ringbuf_put
                0x0000000000026159                ringbuf_get
                0x00000000000261d7                ringbuf_size
                0x00000000000261f3                ringbuf_elements
 .text          0x0000000000026226      0x72b build/cooja/contiki-ng-cooja.a(slip.o)
                0x0000000000026226                slip_set_input_callback
                0x0000000000026240                slip_send
                0x0000000000026269                slip_write
                0x0000000000026800                slip_input_byte
 .text          0x0000000000026951      0x481 build/cooja/contiki-ng-cooja.a(link-stats.o)
                0x0000000000026951                link_stats_from_lladdr
                0x0000000000026979                link_stats_get_lladdr
                0x00000000000269a1                link_stats_is_fresh
                0x00000000000269e9                guess_etx_from_rssi
                0x0000000000026a6e                link_stats_packet_sent
                0x0000000000026bd2                link_stats_input_callback
                0x0000000000026d34                link_stats_reset
                0x0000000000026d90                link_stats_init
 .text          0x0000000000026dd2      0xcb3 build/cooja/contiki-ng-cooja.a(nbr-table.o)
                0x0000000000027230                nbr_table_count_entries
                0x00000000000272d2                nbr_table_gc_get_worst
                0x0000000000027315                nbr_table_can_accept_new
                0x00000000000274ca                nbr_table_entry_is_allowed
                0x0000000000027577                nbr_table_register
                0x0000000000027609                nbr_table_is_registered
                0x0000000000027660                nbr_table_head
                0x00000000000276ce                nbr_table_next
                0x000000000002774b                nbr_table_add_lladdr
                0x00000000000278ab                nbr_table_get_from_lladdr
                0x000000000002790a                nbr_table_remove
                0x0000000000027964                nbr_table_lock
                0x0000000000027999                nbr_table_unlock
                0x00000000000279ce                nbr_table_get_lladdr
                0x0000000000027a11                nbr_table_clear
                0x0000000000027a4e                nbr_table_key_head
                0x0000000000027a67                nbr_table_key_next
 .text          0x0000000000027a85      0x1e0 build/cooja/contiki-ng-cooja.a(mac-sequence.o)
                0x0000000000027a85                mac_sequence_is_duplicate
                0x0000000000027b66                mac_sequence_register_seqno
 .text          0x0000000000027c65      0x451 build/cooja/contiki-ng-cooja.a(framer-802154.o)
                0x0000000000027e00                framer_802154_setup_params
 .text          0x00000000000280b6      0xae3 build/cooja/contiki-ng-cooja.a(csma-output.o)
                0x0000000000028898                csma_output_packet
                0x0000000000028b61                csma_output_init
 .text          0x0000000000028b99       0x3d build/cooja/contiki-ng-cooja.a(csma-security.o)
                0x0000000000028b99                csma_security_create_frame
                0x0000000000028bbf                csma_security_parse_frame
 .text          0x0000000000028bd6      0x87f build/cooja/contiki-ng-cooja.a(uip-nd6.o)
                0x000000000002943b                uip_nd6_init
 .text          0x0000000000029455      0x35a build/cooja/contiki-ng-cooja.a(rpl-dag-root.o)
                0x0000000000029455                rpl_dag_root_print_links
                0x00000000000295ca                rpl_dag_root_set_prefix
                0x0000000000029606                rpl_dag_root_start
                0x000000000002976f                rpl_dag_root_is_root
 .text          0x00000000000297af     0x1219 build/cooja/contiki-ng-cooja.a(rpl-dag.o)
                0x00000000000297af                rpl_dag_state_to_str
                0x000000000002980d                rpl_dag_get_root_ipaddr
                0x0000000000029857                rpl_dag_leave
                0x0000000000029902                rpl_dag_poison_and_leave
                0x0000000000029920                rpl_dag_periodic
                0x00000000000299e4                rpl_is_addr_in_our_dag
                0x0000000000029a40                rpl_get_default_instance
                0x0000000000029a67                rpl_get_any_dag
                0x0000000000029ad4                rpl_refresh_routes
                0x0000000000029b36                rpl_global_repair
                0x0000000000029bf8                rpl_local_repair
                0x0000000000029c5a                rpl_dag_ready_to_advertise
                0x0000000000029cb2                rpl_dag_update_state
                0x000000000002a575                rpl_process_dio
                0x000000000002a617                rpl_process_dis
                0x000000000002a66b                rpl_process_dao
                0x000000000002a714                rpl_process_dao_ack
                0x000000000002a7c4                rpl_process_hbh
                0x000000000002a823                rpl_dag_init_root
                0x000000000002a9a4                rpl_dag_init
 .text          0x000000000002a9c8      0xdef build/cooja/contiki-ng-cooja.a(rpl-ext-header.o)
                0x000000000002a9c8                rpl_ext_header_srh_get_next_hop
                0x000000000002aad9                rpl_ext_header_srh_update
                0x000000000002b168                rpl_ext_header_hbh_update
                0x000000000002b508                rpl_ext_header_update
                0x000000000002b5b2                rpl_ext_header_remove
 .text          0x000000000002b7b7     0x16eb build/cooja/contiki-ng-cooja.a(rpl-icmp6.o)
                0x000000000002b94b                rpl_icmp6_update_nbr_table
                0x000000000002ba00                rpl_icmp6_dis_output
                0x000000000002c124                rpl_icmp6_dio_output
                0x000000000002ca54                rpl_icmp6_dao_output
                0x000000000002cdc5                rpl_icmp6_dao_ack_output
                0x000000000002ce5b                rpl_icmp6_init
 .text          0x000000000002cea2      0x36f build/cooja/contiki-ng-cooja.a(rpl-mrhof.o)
 .text          0x000000000002d211       0x8c build/cooja/contiki-ng-cooja.a(rpl-nbr-policy.o)
                0x000000000002d259                rpl_nbr_gc_get_worst
 .text          0x000000000002d29d      0xadd build/cooja/contiki-ng-cooja.a(rpl-neighbor.o)
                0x000000000002d330                rpl_neighbor_snprint
                0x000000000002d65e                rpl_neighbor_print_list
                0x000000000002d735                rpl_neighbor_count
                0x000000000002d820                rpl_neighbor_get_from_lladdr
                0x000000000002d84b                rpl_neighbor_is_acceptable_parent
                0x000000000002d897                rpl_neighbor_get_link_metric
                0x000000000002d8e3                rpl_neighbor_rank_via_nbr
                0x000000000002d92f                rpl_neighbor_get_lladdr
                0x000000000002d95a                rpl_neighbor_get_ipaddr
                0x000000000002d988                rpl_neighbor_get_link_stats
                0x000000000002d9b6                rpl_neighbor_is_fresh
                0x000000000002d9e4                rpl_neighbor_is_parent
                0x000000000002da1d                rpl_neighbor_set_preferred_parent
                0x000000000002dad4                rpl_neighbor_remove_all
                0x000000000002db3a                rpl_neighbor_get_from_ipaddr
                0x000000000002dc73                rpl_neighbor_select_best
                0x000000000002dd53                rpl_neighbor_init
 .text          0x000000000002dd7a      0xd3d build/cooja/contiki-ng-cooja.a(rpl-timers.o)
                0x000000000002dd7a                rpl_timers_schedule_periodic_dis
                0x000000000002df30                rpl_timers_dio_reset
                0x000000000002e0b4                rpl_timers_schedule_unicast_dio
                0x000000000002e29b                rpl_timers_schedule_dao
                0x000000000002e3a1                rpl_timers_schedule_dao_ack
                0x000000000002e466                rpl_timers_notify_dao_ack
                0x000000000002e4db                get_probing_delay
                0x000000000002e522                get_probing_target
                0x000000000002e760                rpl_schedule_probing
                0x000000000002e7a7                rpl_schedule_probing_now
                0x000000000002e835                rpl_timers_unschedule_leaving
                0x000000000002e87f                rpl_timers_schedule_leaving
                0x000000000002e8dd                rpl_timers_init
                0x000000000002e98f                rpl_timers_stop_dag_timers
                0x000000000002ea31                rpl_timers_unschedule_state_update
                0x000000000002ea5e                rpl_timers_schedule_state_update
 .text          0x000000000002eab7      0x21c build/cooja/contiki-ng-cooja.a(border-router-embedded.o)
 .text          0x000000000002ecd3       0x34 build/cooja/contiki-ng-cooja.a(assert.o)
                0x000000000002ecd3                _xassert
 .text          0x000000000002ed07       0x3a build/cooja/contiki-ng-cooja.a(mac.o)
                0x000000000002ed07                mac_call_sent_callback
 .text          0x000000000002ed41      0xca9 build/cooja/contiki-ng-cooja.a(frame802154.o)
                0x000000000002ed6f                frame802154_get_pan_id
                0x000000000002ed80                frame802154_set_pan_id
                0x000000000002ed9c                frame802154_has_panid
                0x000000000002ef7b                frame802154_check_dest_panid
                0x000000000002f019                frame802154_is_broadcast_addr
                0x000000000002f070                frame802154_extract_linkaddr
                0x000000000002f30a                frame802154_hdrlen
                0x000000000002f389                frame802154_create_fcf
                0x000000000002f45b                frame802154_create
                0x000000000002f605                frame802154_parse_fcf
                0x000000000002f6fc                frame802154_parse
 .text          0x000000000002f9ea        0x0 /usr/lib/gcc/x86_64-linux-gnu/11/crtendS.o
 .text          0x000000000002f9ea        0x0 /usr/lib/gcc/x86_64-linux-gnu/11/../../../x86_64-linux-gnu/crtn.o
 *(.gnu.warning)

.fini           0x000000000002f9ec        0xd
 *(SORT_NONE(.fini))
 .fini          0x000000000002f9ec        0x8 /usr/lib/gcc/x86_64-linux-gnu/11/../../../x86_64-linux-gnu/crti.o
                0x000000000002f9ec                _fini
 .fini          0x000000000002f9f4        0x5 /usr/lib/gcc/x86_64-linux-gnu/11/../../../x86_64-linux-gnu/crtn.o
                [!provide]                        PROVIDE (__etext = .)
                [!provide]                        PROVIDE (_etext = .)
                [!provide]                        PROVIDE (etext = .)
                0x0000000000030000                . = ALIGN (CONSTANT (MAXPAGESIZE))
                0x0000000000030000                . = SEGMENT_START ("rodata-segment", (ALIGN (CONSTANT (MAXPAGESIZE)) + (. & (CONSTANT (MAXPAGESIZE) - 0x1))))

.rodata         0x0000000000030000      0xc25
 *(.rodata .rodata.* .gnu.linkonce.r.*)
 .rodata        0x0000000000030000       0x19 border-router.o
 .rodata        0x0000000000030019        0x6 build/cooja/contiki-ng-cooja.a(leds-arch.o)
                0x0000000000030019                leds_arch_leds
 .rodata        0x000000000003001f        0x4 build/cooja/contiki-ng-cooja.a(pir-sensor.o)
 .rodata        0x0000000000030023        0x3 build/cooja/contiki-ng-cooja.a(rs232.o)
 .rodata        0x0000000000030026        0xa build/cooja/contiki-ng-cooja.a(vib-sensor.o)
 .rodata        0x0000000000030030       0x26 build/cooja/contiki-ng-cooja.a(cfs-cooja.o)
 *fill*         0x0000000000030056        0x2 
 .rodata        0x0000000000030058       0x68 build/cooja/contiki-ng-cooja.a(cooja-radio.o)
 .rodata        0x00000000000300c0        0x8 build/cooja/contiki-ng-cooja.a(sensors.o)
 .rodata        0x00000000000300c8       0x14 build/cooja/contiki-ng-cooja.a(buttons.o)
                0x00000000000300d4                button_hal_button_count
 *fill*         0x00000000000300dc        0x4 
 .rodata        0x00000000000300e0      0x1c3 build/cooja/contiki-ng-cooja.a(webserver.o)
 *fill*         0x00000000000302a3        0x5 
 .rodata        0x00000000000302a8       0xf4 build/cooja/contiki-ng-cooja.a(contiki-main.o)
 .rodata        0x000000000003039c        0xf build/cooja/contiki-ng-cooja.a(ctimer.o)
 .rodata        0x00000000000303ab        0xc build/cooja/contiki-ng-cooja.a(etimer.o)
 *fill*         0x00000000000303b7        0x1 
 .rodata        0x00000000000303b8       0xc0 build/cooja/contiki-ng-cooja.a(log.o)
 .rodata        0x0000000000030478       0x13 build/cooja/contiki-ng-cooja.a(button-hal.o)
 .rodata        0x000000000003048b        0xe build/cooja/contiki-ng-cooja.a(serial-line.o)
 *fill*         0x0000000000030499        0x7 
 .rodata        0x00000000000304a0        0x8 build/cooja/contiki-ng-cooja.a(linkaddr.o)
                0x00000000000304a0                linkaddr_null
 *fill*         0x00000000000304a8        0x8 
 .rodata        0x00000000000304b0      0x280 build/cooja/contiki-ng-cooja.a(strformat.o)
 .rodata        0x0000000000030730        0x5 build/cooja/contiki-ng-cooja.a(csma.o)
 .rodata        0x0000000000030735       0x1d build/cooja/contiki-ng-cooja.a(sicslowpan.o)
                0x0000000000030735                unc_llconf
                0x0000000000030739                unc_ctxconf
                0x000000000003073d                unc_mxconf
                0x0000000000030741                llprefix
 .rodata        0x0000000000030752        0xd build/cooja/contiki-ng-cooja.a(tcpip.o)
 *fill*         0x000000000003075f        0x1 
 .rodata        0x0000000000030760       0x4c build/cooja/contiki-ng-cooja.a(uip-ds6-route.o)
 .rodata        0x00000000000307ac       0x44 build/cooja/contiki-ng-cooja.a(uip-sr.o)
 .rodata        0x00000000000307f0       0x48 build/cooja/contiki-ng-cooja.a(uip6.o)
 .rodata        0x0000000000030838       0x2d build/cooja/contiki-ng-cooja.a(uiplib.o)
 .rodata        0x0000000000030865        0x9 build/cooja/contiki-ng-cooja.a(rpl.o)
 .rodata        0x000000000003086e       0x11 build/cooja/contiki-ng-cooja.a(slip-bridge.o)
 *fill*         0x000000000003087f        0x1 
 .rodata        0x0000000000030880      0x154 build/cooja/contiki-ng-cooja.a(httpd-simple.o)
                0x00000000000308e0                http_content_type_html
                0x0000000000030900                http_header_200
                0x0000000000030960                http_header_404
                0x00000000000309bd                http_get
                0x00000000000309c8                http_index_html
 .rodata        0x00000000000309d4       0x31 build/cooja/contiki-ng-cooja.a(rpl-border-router.o)
 .rodata        0x0000000000030a05        0xc build/cooja/contiki-ng-cooja.a(slip.o)
 *fill*         0x0000000000030a11        0x7 
 .rodata        0x0000000000030a18       0x27 build/cooja/contiki-ng-cooja.a(csma-output.o)
 .rodata        0x0000000000030a3f       0xd7 build/cooja/contiki-ng-cooja.a(rpl-dag.o)
 *fill*         0x0000000000030b16        0x2 
 .rodata        0x0000000000030b18       0x58 build/cooja/contiki-ng-cooja.a(rpl-neighbor.o)
 .rodata        0x0000000000030b70        0xc build/cooja/contiki-ng-cooja.a(rpl-timers.o)
 .rodata        0x0000000000030b7c       0x80 build/cooja/contiki-ng-cooja.a(border-router-embedded.o)
 *fill*         0x0000000000030bfc        0x4 
 .rodata        0x0000000000030c00       0x25 build/cooja/contiki-ng-cooja.a(assert.o)

.rodata1
 *(.rodata1)

.eh_frame_hdr   0x0000000000030c28     0x182c
 *(.eh_frame_hdr)
 .eh_frame_hdr  0x0000000000030c28     0x182c border-router.o
                0x0000000000030c28                __GNU_EH_FRAME_HDR
 *(.eh_frame_entry .eh_frame_entry.*)

.eh_frame       0x0000000000032458     0x6108
 *(.eh_frame)
 .eh_frame      0x0000000000032458       0x40 /usr/lib/gcc/x86_64-linux-gnu/11/../../../x86_64-linux-gnu/crti.o
 .eh_frame      0x0000000000032498       0x18 /usr/lib/gcc/x86_64-linux-gnu/11/../../../x86_64-linux-gnu/crti.o
                                         0x30 (size before relaxing)
 .eh_frame      0x00000000000324b0       0x18 /usr/lib/gcc/x86_64-linux-gnu/11/../../../x86_64-linux-gnu/crti.o
                                         0x30 (size before relaxing)
 .eh_frame      0x00000000000324c8       0x20 border-router.o
                                         0x38 (size before relaxing)
 .eh_frame      0x00000000000324e8      0x198 build/cooja/mtype206144309.o
                                        0x1b0 (size before relaxing)
 .eh_frame      0x0000000000032680       0x40 build/cooja/contiki-ng-cooja.a(simEnvChange.o)
                                         0x58 (size before relaxing)
 .eh_frame      0x00000000000326c0       0x60 build/cooja/contiki-ng-cooja.a(cooja_mt.o)
                                         0x78 (size before relaxing)
 .eh_frame      0x0000000000032720       0x80 build/cooja/contiki-ng-cooja.a(cooja_mtarch.o)
                                         0x98 (size before relaxing)
 .eh_frame      0x00000000000327a0       0xc0 build/cooja/contiki-ng-cooja.a(rtimer-arch.o)
                                         0xd8 (size before relaxing)
 .eh_frame      0x0000000000032860      0x160 build/cooja/contiki-ng-cooja.a(beep.o)
                                        0x178 (size before relaxing)
 .eh_frame      0x00000000000329c0       0x80 build/cooja/contiki-ng-cooja.a(leds-arch.o)
                                         0x98 (size before relaxing)
 .eh_frame      0x0000000000032a40       0x40 build/cooja/contiki-ng-cooja.a(moteid.o)
                                         0x58 (size before relaxing)
 .eh_frame      0x0000000000032a80       0xa0 build/cooja/contiki-ng-cooja.a(pir-sensor.o)
                                         0xb8 (size before relaxing)
 .eh_frame      0x0000000000032b20      0x100 build/cooja/contiki-ng-cooja.a(rs232.o)
                                        0x118 (size before relaxing)
 .eh_frame      0x0000000000032c20       0xa0 build/cooja/contiki-ng-cooja.a(vib-sensor.o)
                                         0xb8 (size before relaxing)
 .eh_frame      0x0000000000032cc0       0xc0 build/cooja/contiki-ng-cooja.a(clock.o)
                                         0xd8 (size before relaxing)
 .eh_frame      0x0000000000032d80      0x100 build/cooja/contiki-ng-cooja.a(cooja-log.o)
                                        0x118 (size before relaxing)
 .eh_frame      0x0000000000032e80      0x160 build/cooja/contiki-ng-cooja.a(cfs-cooja.o)
                                        0x178 (size before relaxing)
 .eh_frame      0x0000000000032fe0      0x360 build/cooja/contiki-ng-cooja.a(cooja-radio.o)
                                        0x378 (size before relaxing)
 .eh_frame      0x0000000000033340       0xa0 build/cooja/contiki-ng-cooja.a(eeprom.o)
                                         0xb8 (size before relaxing)
 .eh_frame      0x00000000000333e0       0x40 build/cooja/contiki-ng-cooja.a(random.o)
                                         0x58 (size before relaxing)
 .eh_frame      0x0000000000033420       0xc0 build/cooja/contiki-ng-cooja.a(sensors.o)
                                         0xd8 (size before relaxing)
 .eh_frame      0x00000000000334e0      0x120 build/cooja/contiki-ng-cooja.a(leds.o)
                                        0x138 (size before relaxing)
 .eh_frame      0x0000000000033600      0x220 build/cooja/contiki-ng-cooja.a(gpio-hal-arch.o)
                                        0x238 (size before relaxing)
 .eh_frame      0x0000000000033820       0xa0 build/cooja/contiki-ng-cooja.a(buttons.o)
                                         0xb8 (size before relaxing)
 .eh_frame      0x00000000000338c0       0x80 build/cooja/contiki-ng-cooja.a(webserver.o)
                                         0x98 (size before relaxing)
 .eh_frame      0x0000000000033940       0x20 build/cooja/contiki-ng-cooja.a(contiki-main.o)
                                         0x38 (size before relaxing)
 .eh_frame      0x0000000000033960       0x40 build/cooja/contiki-ng-cooja.a(autostart.o)
                                         0x58 (size before relaxing)
 .eh_frame      0x00000000000339a0      0x100 build/cooja/contiki-ng-cooja.a(ctimer.o)
                                        0x118 (size before relaxing)
 .eh_frame      0x0000000000033aa0       0x60 build/cooja/contiki-ng-cooja.a(energest.o)
                                         0x78 (size before relaxing)
 .eh_frame      0x0000000000033b00      0x1e0 build/cooja/contiki-ng-cooja.a(etimer.o)
                                        0x1f8 (size before relaxing)
 .eh_frame      0x0000000000033ce0      0x120 build/cooja/contiki-ng-cooja.a(log.o)
                                        0x138 (size before relaxing)
 .eh_frame      0x0000000000033e00       0x20 build/cooja/contiki-ng-cooja.a(node-id.o)
                                         0x38 (size before relaxing)
 .eh_frame      0x0000000000033e20      0x1c8 build/cooja/contiki-ng-cooja.a(process.o)
                                        0x1e0 (size before relaxing)
 .eh_frame      0x0000000000033fe8       0x60 build/cooja/contiki-ng-cooja.a(rtimer.o)
                                         0x78 (size before relaxing)
 .eh_frame      0x0000000000034048       0xa0 build/cooja/contiki-ng-cooja.a(timer.o)
                                         0xb8 (size before relaxing)
 .eh_frame      0x00000000000340e8      0x1a0 build/cooja/contiki-ng-cooja.a(list.o)
                                        0x1b8 (size before relaxing)
 .eh_frame      0x0000000000034288      0x160 build/cooja/contiki-ng-cooja.a(button-hal.o)
                                        0x178 (size before relaxing)
 .eh_frame      0x00000000000343e8       0xe0 build/cooja/contiki-ng-cooja.a(gpio-hal.o)
                                         0xf8 (size before relaxing)
 .eh_frame      0x00000000000344c8       0x60 build/cooja/contiki-ng-cooja.a(serial-line.o)
                                         0x78 (size before relaxing)
 .eh_frame      0x0000000000034528       0x60 build/cooja/contiki-ng-cooja.a(linkaddr.o)
                                         0x78 (size before relaxing)
 .eh_frame      0x0000000000034588       0x80 build/cooja/contiki-ng-cooja.a(netstack.o)
                                         0x98 (size before relaxing)
 .eh_frame      0x0000000000034608      0x288 build/cooja/contiki-ng-cooja.a(packetbuf.o)
                                        0x2a0 (size before relaxing)
 .eh_frame      0x0000000000034890      0x1a0 build/cooja/contiki-ng-cooja.a(queuebuf.o)
                                        0x1b8 (size before relaxing)
 .eh_frame      0x0000000000034a30       0x40 build/cooja/contiki-ng-cooja.a(printf.o)
                                         0x58 (size before relaxing)
 .eh_frame      0x0000000000034a70       0x20 build/cooja/contiki-ng-cooja.a(putchar.o)
                                         0x38 (size before relaxing)
 .eh_frame      0x0000000000034a90       0x20 build/cooja/contiki-ng-cooja.a(puts.o)
                                         0x38 (size before relaxing)
 .eh_frame      0x0000000000034ab0       0x60 build/cooja/contiki-ng-cooja.a(snprintf.o)
                                         0x78 (size before relaxing)
 .eh_frame      0x0000000000034b10      0x120 build/cooja/contiki-ng-cooja.a(strformat.o)
                                        0x138 (size before relaxing)
 .eh_frame      0x0000000000034c30       0xe0 build/cooja/contiki-ng-cooja.a(csma.o)
                                         0xf8 (size before relaxing)
 .eh_frame      0x0000000000034d10      0x160 build/cooja/contiki-ng-cooja.a(psock.o)
                                        0x178 (size before relaxing)
 .eh_frame      0x0000000000034e70      0x2e0 build/cooja/contiki-ng-cooja.a(sicslowpan.o)
                                        0x2f8 (size before relaxing)
 .eh_frame      0x0000000000035150      0x308 build/cooja/contiki-ng-cooja.a(tcpip.o)
                                        0x320 (size before relaxing)
 .eh_frame      0x0000000000035458      0x1c0 build/cooja/contiki-ng-cooja.a(uip-ds6-nbr.o)
                                        0x1d8 (size before relaxing)
 .eh_frame      0x0000000000035618      0x240 build/cooja/contiki-ng-cooja.a(uip-ds6-route.o)
                                        0x258 (size before relaxing)
 .eh_frame      0x0000000000035858      0x328 build/cooja/contiki-ng-cooja.a(uip-ds6.o)
                                        0x340 (size before relaxing)
 .eh_frame      0x0000000000035b80      0x148 build/cooja/contiki-ng-cooja.a(uip-icmp6.o)
                                        0x160 (size before relaxing)
 .eh_frame      0x0000000000035cc8       0xe0 build/cooja/contiki-ng-cooja.a(uip-packetqueue.o)
                                         0xf8 (size before relaxing)
 .eh_frame      0x0000000000035da8      0x180 build/cooja/contiki-ng-cooja.a(uip-sr.o)
                                        0x198 (size before relaxing)
 .eh_frame      0x0000000000035f28      0x2b0 build/cooja/contiki-ng-cooja.a(uip6.o)
                                        0x2c8 (size before relaxing)
 .eh_frame      0x00000000000361d8      0x200 build/cooja/contiki-ng-cooja.a(uipbuf.o)
                                        0x218 (size before relaxing)
 .eh_frame      0x00000000000363d8       0x80 build/cooja/contiki-ng-cooja.a(uiplib.o)
                                         0x98 (size before relaxing)
 .eh_frame      0x0000000000036458      0x1e0 build/cooja/contiki-ng-cooja.a(rpl.o)
                                        0x1f8 (size before relaxing)
 .eh_frame      0x0000000000036638       0x80 build/cooja/contiki-ng-cooja.a(slip-bridge.o)
                                         0x98 (size before relaxing)
 .eh_frame      0x00000000000366b8       0xa0 build/cooja/contiki-ng-cooja.a(watchdog.o)
                                         0xb8 (size before relaxing)
 .eh_frame      0x0000000000036758       0x80 build/cooja/contiki-ng-cooja.a(int-master.o)
                                         0x98 (size before relaxing)
 .eh_frame      0x00000000000367d8       0x20 build/cooja/contiki-ng-cooja.a(slip-arch.o)
                                         0x38 (size before relaxing)
 .eh_frame      0x00000000000367f8       0xe0 build/cooja/contiki-ng-cooja.a(httpd-simple.o)
                                         0xf8 (size before relaxing)
 .eh_frame      0x00000000000368d8       0x60 build/cooja/contiki-ng-cooja.a(rpl-border-router.o)
                                         0x78 (size before relaxing)
 .eh_frame      0x0000000000036938       0xc0 build/cooja/contiki-ng-cooja.a(stimer.o)
                                         0xd8 (size before relaxing)
 .eh_frame      0x00000000000369f8       0xa0 build/cooja/contiki-ng-cooja.a(memb.o)
                                         0xb8 (size before relaxing)
 .eh_frame      0x0000000000036a98       0xa0 build/cooja/contiki-ng-cooja.a(ringbuf.o)
                                         0xb8 (size before relaxing)
 .eh_frame      0x0000000000036b38       0xe0 build/cooja/contiki-ng-cooja.a(slip.o)
                                         0xf8 (size before relaxing)
 .eh_frame      0x0000000000036c18      0x120 build/cooja/contiki-ng-cooja.a(link-stats.o)
                                        0x138 (size before relaxing)
 .eh_frame      0x0000000000036d38      0x3e0 build/cooja/contiki-ng-cooja.a(nbr-table.o)
                                        0x3f8 (size before relaxing)
 .eh_frame      0x0000000000037118       0x48 build/cooja/contiki-ng-cooja.a(mac-sequence.o)
                                         0x60 (size before relaxing)
 .eh_frame      0x0000000000037160       0xa8 build/cooja/contiki-ng-cooja.a(framer-802154.o)
                                         0xc0 (size before relaxing)
 .eh_frame      0x0000000000037208      0x1c8 build/cooja/contiki-ng-cooja.a(csma-output.o)
                                        0x1e0 (size before relaxing)
 .eh_frame      0x00000000000373d0       0x40 build/cooja/contiki-ng-cooja.a(csma-security.o)
                                         0x58 (size before relaxing)
 .eh_frame      0x0000000000037410       0x80 build/cooja/contiki-ng-cooja.a(uip-nd6.o)
                                         0x98 (size before relaxing)
 .eh_frame      0x0000000000037490       0xa0 build/cooja/contiki-ng-cooja.a(rpl-dag-root.o)
                                         0xb8 (size before relaxing)
 .eh_frame      0x0000000000037530      0x360 build/cooja/contiki-ng-cooja.a(rpl-dag.o)
                                        0x378 (size before relaxing)
 .eh_frame      0x0000000000037890      0x128 build/cooja/contiki-ng-cooja.a(rpl-ext-header.o)
                                        0x140 (size before relaxing)
 .eh_frame      0x00000000000379b8      0x1c0 build/cooja/contiki-ng-cooja.a(rpl-icmp6.o)
                                        0x1d8 (size before relaxing)
 .eh_frame      0x0000000000037b78      0x148 build/cooja/contiki-ng-cooja.a(rpl-mrhof.o)
                                        0x160 (size before relaxing)
 .eh_frame      0x0000000000037cc0       0x40 build/cooja/contiki-ng-cooja.a(rpl-nbr-policy.o)
                                         0x58 (size before relaxing)
 .eh_frame      0x0000000000037d00      0x2b0 build/cooja/contiki-ng-cooja.a(rpl-neighbor.o)
                                        0x2c8 (size before relaxing)
 .eh_frame      0x0000000000037fb0      0x3a8 build/cooja/contiki-ng-cooja.a(rpl-timers.o)
                                        0x3c0 (size before relaxing)
 .eh_frame      0x0000000000038358       0x20 build/cooja/contiki-ng-cooja.a(border-router-embedded.o)
                                         0x38 (size before relaxing)
 .eh_frame      0x0000000000038378       0x20 build/cooja/contiki-ng-cooja.a(assert.o)
                                         0x38 (size before relaxing)
 .eh_frame      0x0000000000038398       0x20 build/cooja/contiki-ng-cooja.a(mac.o)
                                         0x38 (size before relaxing)
 .eh_frame      0x00000000000383b8      0x1a4 build/cooja/contiki-ng-cooja.a(frame802154.o)
                                        0x1c0 (size before relaxing)
 .eh_frame      0x000000000003855c        0x4 /usr/lib/gcc/x86_64-linux-gnu/11/crtendS.o
 *(.eh_frame.*)

.gcc_except_table
 *(.gcc_except_table .gcc_except_table.*)

.gnu_extab
 *(.gnu_extab*)

.exception_ranges
 *(.exception_ranges*)
                0x00000000000396b0                . = DATA_SEGMENT_ALIGN (CONSTANT (MAXPAGESIZE), CONSTANT (COMMONPAGESIZE))

.eh_frame
 *(.eh_frame)
 *(.eh_frame.*)

.gnu_extab
 *(.gnu_extab)

.gcc_except_table
 *(.gcc_except_table .gcc_except_table.*)

.exception_ranges
 *(.exception_ranges*)

.tdata
 *(.tdata .tdata.* .gnu.linkonce.td.*)

.tbss
 *(.tbss .tbss.* .gnu.linkonce.tb.*)
 *(.tcommon)

.preinit_array
 *(.preinit_array)

.init_array     0x00000000000396b0        0x8
 *(SORT_BY_INIT_PRIORITY(.init_array.*) SORT_BY_INIT_PRIORITY(.ctors.*))
 *(.init_array EXCLUDE_FILE(*crtend?.o *crtend.o *crtbegin?.o *crtbegin.o) .ctors)
 .init_array    0x00000000000396b0        0x8 /usr/lib/gcc/x86_64-linux-gnu/11/crtbeginS.o

.fini_array     0x00000000000396b8        0x8
 *(SORT_BY_INIT_PRIORITY(.fini_array.*) SORT_BY_INIT_PRIORITY(.dtors.*))
 *(.fini_array EXCLUDE_FILE(*crtend?.o *crtend.o *crtbegin?.o *crtbegin.o) .dtors)
 .fini_array    0x00000000000396b8        0x8 /usr/lib/gcc/x86_64-linux-gnu/11/crtbeginS.o

.ctors
 *crtbegin.o(.ctors)
 *crtbegin?.o(.ctors)
 *(EXCLUDE_FILE(*crtend?.o *crtend.o) .ctors)
 *(SORT_BY_NAME(.ctors.*))
 *(.ctors)

.dtors
 *crtbegin.o(.dtors)
 *crtbegin?.o(.dtors)
 *(EXCLUDE_FILE(*crtend?.o *crtend.o) .dtors)
 *(SORT_BY_NAME(.dtors.*))
 *(.dtors)

.jcr
 *(.jcr)

.data.rel.ro    0x00000000000396c0      0x350
 *(.data.rel.ro.local* .gnu.linkonce.d.rel.ro.local.*)
 .data.rel.ro.local
                0x00000000000396c0       0x10 build/cooja/contiki-ng-cooja.a(beep.o)
                0x00000000000396c0                beep_interface
 .data.rel.ro.local
                0x00000000000396d0       0x10 build/cooja/contiki-ng-cooja.a(leds-arch.o)
                0x00000000000396d0                leds_interface
 .data.rel.ro.local
                0x00000000000396e0       0x10 build/cooja/contiki-ng-cooja.a(moteid.o)
                0x00000000000396e0                moteid_interface
 *fill*         0x00000000000396f0       0x10 
 .data.rel.ro.local
                0x0000000000039700       0x40 build/cooja/contiki-ng-cooja.a(pir-sensor.o)
                0x0000000000039700                pir_interface
                0x0000000000039720                pir_sensor
 .data.rel.ro.local
                0x0000000000039740       0x10 build/cooja/contiki-ng-cooja.a(rs232.o)
                0x0000000000039740                rs232_interface
 *fill*         0x0000000000039750       0x10 
 .data.rel.ro.local
                0x0000000000039760       0x40 build/cooja/contiki-ng-cooja.a(vib-sensor.o)
                0x0000000000039760                vib_interface
                0x0000000000039780                vib_sensor
 .data.rel.ro.local
                0x00000000000397a0       0x10 build/cooja/contiki-ng-cooja.a(clock.o)
                0x00000000000397a0                clock_interface
 .data.rel.ro.local
                0x00000000000397b0       0x10 build/cooja/contiki-ng-cooja.a(cooja-log.o)
                0x00000000000397b0                simlog_interface
 .data.rel.ro.local
                0x00000000000397c0       0x10 build/cooja/contiki-ng-cooja.a(cfs-cooja.o)
                0x00000000000397c0                cfs_interface
 *fill*         0x00000000000397d0       0x10 
 .data.rel.ro.local
                0x00000000000397e0       0x90 build/cooja/contiki-ng-cooja.a(cooja-radio.o)
                0x00000000000397e0                radio_interface
                0x0000000000039800                cooja_radio_driver
 .data.rel.ro.local
                0x0000000000039870       0x10 build/cooja/contiki-ng-cooja.a(eeprom.o)
                0x0000000000039870                eeprom_interface
 .data.rel.ro.local
                0x0000000000039880       0x40 build/cooja/contiki-ng-cooja.a(buttons.o)
                0x0000000000039880                button_interface
                0x00000000000398a0                button_sensor
 .data.rel.ro.local
                0x00000000000398c0       0x38 build/cooja/contiki-ng-cooja.a(csma.o)
                0x00000000000398c0                csma_driver
 *fill*         0x00000000000398f8        0x8 
 .data.rel.ro.local
                0x0000000000039900       0x10 build/cooja/contiki-ng-cooja.a(slip-bridge.o)
                0x0000000000039900                rpl_interface
 .data.rel.ro.local
                0x0000000000039910       0x18 build/cooja/contiki-ng-cooja.a(framer-802154.o)
                0x0000000000039910                framer_802154
 *(.data.rel.ro .data.rel.ro.* .gnu.linkonce.d.rel.ro.*)
 .data.rel.ro   0x0000000000039928        0x0 /usr/lib/gcc/x86_64-linux-gnu/11/../../../x86_64-linux-gnu/crti.o
 *fill*         0x0000000000039928        0x8 
 .data.rel.ro   0x0000000000039930       0x10 border-router.o
                0x0000000000039930                autostart_processes
 .data.rel.ro   0x0000000000039940       0x20 build/cooja/contiki-ng-cooja.a(sicslowpan.o)
                0x0000000000039940                sicslowpan_driver
 .data.rel.ro   0x0000000000039960       0xa8 build/cooja/contiki-ng-cooja.a(rpl.o)
                0x0000000000039960                rpl_lite_driver
 .data.rel.ro   0x0000000000039a08        0x8 build/cooja/contiki-ng-cooja.a(rpl-dag.o)

.dynamic        0x0000000000039a10      0x1c0
 *(.dynamic)
 .dynamic       0x0000000000039a10      0x1c0 /usr/lib/gcc/x86_64-linux-gnu/11/../../../x86_64-linux-gnu/crti.o
                0x0000000000039a10                _DYNAMIC

.got            0x0000000000039bd0      0x420
 *(.got)
 .got           0x0000000000039bd0      0x420 /usr/lib/gcc/x86_64-linux-gnu/11/../../../x86_64-linux-gnu/crti.o
 *(.igot)
                0x000000000003afe8                . = DATA_SEGMENT_RELRO_END (., (SIZEOF (.got.plt) >= 0x18)?0x18:0x0)

.got.plt        0x000000000003a000      0xbb0
 *(.got.plt)
 .got.plt       0x000000000003a000      0xbb0 /usr/lib/gcc/x86_64-linux-gnu/11/../../../x86_64-linux-gnu/crti.o
                0x000000000003a000                _GLOBAL_OFFSET_TABLE_
 *(.igot.plt)

.data           0x000000000003abc0      0x822
 *(.data .data.* .gnu.linkonce.d.*)
 .data          0x000000000003abc0        0x0 /usr/lib/gcc/x86_64-linux-gnu/11/../../../x86_64-linux-gnu/crti.o
 .data          0x000000000003abc0        0x0 /usr/lib/gcc/x86_64-linux-gnu/11/crtbeginS.o
 .data.rel.local
                0x000000000003abc0        0x8 /usr/lib/gcc/x86_64-linux-gnu/11/crtbeginS.o
                0x000000000003abc0                __dso_handle
 .data          0x000000000003abc8        0x0 border-router.o
 *fill*         0x000000000003abc8       0x18 
 .data.rel.local
                0x000000000003abe0       0x20 border-router.o
                0x000000000003abe0                contiki_ng_br
 .data          0x000000000003ac00        0x0 build/cooja/mtype206144309.o
 .data.rel      0x000000000003ac00       0xa0 build/cooja/mtype206144309.o
                0x000000000003ac00                simInterfaces
                0x000000000003ac80                sensors
 .data          0x000000000003aca0        0x0 build/cooja/contiki-ng-cooja.a(simEnvChange.o)
 .data          0x000000000003aca0        0x0 build/cooja/contiki-ng-cooja.a(cooja_mt.o)
 .data          0x000000000003aca0        0x0 build/cooja/contiki-ng-cooja.a(cooja_mtarch.o)
 .data          0x000000000003aca0        0x0 build/cooja/contiki-ng-cooja.a(rtimer-arch.o)
 .data          0x000000000003aca0        0x0 build/cooja/contiki-ng-cooja.a(beep.o)
 .data          0x000000000003aca0        0x0 build/cooja/contiki-ng-cooja.a(leds-arch.o)
 .data          0x000000000003aca0        0x0 build/cooja/contiki-ng-cooja.a(moteid.o)
 .data          0x000000000003aca0        0x0 build/cooja/contiki-ng-cooja.a(pir-sensor.o)
 .data          0x000000000003aca0        0x0 build/cooja/contiki-ng-cooja.a(rs232.o)
 .data          0x000000000003aca0        0x0 build/cooja/contiki-ng-cooja.a(vib-sensor.o)
 .data          0x000000000003aca0        0x0 build/cooja/contiki-ng-cooja.a(clock.o)
 .data          0x000000000003aca0        0x0 build/cooja/contiki-ng-cooja.a(cooja-log.o)
 .data          0x000000000003aca0        0x0 build/cooja/contiki-ng-cooja.a(cfs-cooja.o)
 .data          0x000000000003aca0       0x20 build/cooja/contiki-ng-cooja.a(cooja-radio.o)
                0x000000000003aca0                simRadioHWOn
                0x000000000003aca4                simSignalStrength
                0x000000000003aca8                simLastSignalStrength
                0x000000000003acac                simPower
                0x000000000003acb0                simRadioChannel
                0x000000000003acb4                simLQI
                0x000000000003acb8                simLastLQI
 .data.rel.local
                0x000000000003acc0       0x20 build/cooja/contiki-ng-cooja.a(cooja-radio.o)
                0x000000000003acc0                cooja_radio_process
 .data          0x000000000003ace0        0x0 build/cooja/contiki-ng-cooja.a(eeprom.o)
 .data          0x000000000003ace0        0x0 build/cooja/contiki-ng-cooja.a(random.o)
 .data          0x000000000003ace0        0x0 build/cooja/contiki-ng-cooja.a(sensors.o)
 .data.rel.local
                0x000000000003ace0       0x20 build/cooja/contiki-ng-cooja.a(sensors.o)
                0x000000000003ace0                sensors_process
 .data          0x000000000003ad00        0x0 build/cooja/contiki-ng-cooja.a(leds.o)
 .data          0x000000000003ad00        0x0 build/cooja/contiki-ng-cooja.a(gpio-hal-arch.o)
 .data          0x000000000003ad00        0x1 build/cooja/contiki-ng-cooja.a(buttons.o)
                0x000000000003ad00                simButtonIsActive
 *fill*         0x000000000003ad01       0x1f 
 .data.rel.local
                0x000000000003ad20       0xb0 build/cooja/contiki-ng-cooja.a(buttons.o)
                0x000000000003adc0                button_hal_buttons
 .data          0x000000000003add0        0x0 build/cooja/contiki-ng-cooja.a(webserver.o)
 *fill*         0x000000000003add0       0x10 
 .data.rel.local
                0x000000000003ade0       0x40 build/cooja/contiki-ng-cooja.a(webserver.o)
                0x000000000003ae00                webserver_nogui_process
 .data          0x000000000003ae20        0x0 build/cooja/contiki-ng-cooja.a(contiki-main.o)
 .data          0x000000000003ae20        0x0 build/cooja/contiki-ng-cooja.a(autostart.o)
 .data          0x000000000003ae20        0x0 build/cooja/contiki-ng-cooja.a(ctimer.o)
 .data.rel.local
                0x000000000003ae20       0x40 build/cooja/contiki-ng-cooja.a(ctimer.o)
                0x000000000003ae40                ctimer_process
 .data          0x000000000003ae60        0x0 build/cooja/contiki-ng-cooja.a(energest.o)
 .data          0x000000000003ae60        0x0 build/cooja/contiki-ng-cooja.a(etimer.o)
 .data.rel.local
                0x000000000003ae60       0x20 build/cooja/contiki-ng-cooja.a(etimer.o)
                0x000000000003ae60                etimer_process
 .data          0x000000000003ae80        0x4 build/cooja/contiki-ng-cooja.a(log.o)
                0x000000000003ae80                curr_log_level_main
 *fill*         0x000000000003ae84       0x1c 
 .data.rel      0x000000000003aea0      0x138 build/cooja/contiki-ng-cooja.a(log.o)
                0x000000000003aea0                all_modules
 .data          0x000000000003afd8        0x0 build/cooja/contiki-ng-cooja.a(node-id.o)
 .data          0x000000000003afd8        0x0 build/cooja/contiki-ng-cooja.a(process.o)
 .data          0x000000000003afd8        0x0 build/cooja/contiki-ng-cooja.a(rtimer.o)
 .data          0x000000000003afd8        0x0 build/cooja/contiki-ng-cooja.a(timer.o)
 .data          0x000000000003afd8        0x0 build/cooja/contiki-ng-cooja.a(list.o)
 .data          0x000000000003afd8        0x0 build/cooja/contiki-ng-cooja.a(button-hal.o)
 *fill*         0x000000000003afd8        0x8 
 .data.rel.local
                0x000000000003afe0       0x20 build/cooja/contiki-ng-cooja.a(button-hal.o)
                0x000000000003afe0                button_hal_process
 .data          0x000000000003b000        0x0 build/cooja/contiki-ng-cooja.a(gpio-hal.o)
 .data.rel.local
                0x000000000003b000        0x8 build/cooja/contiki-ng-cooja.a(gpio-hal.o)
 .data          0x000000000003b008        0x0 build/cooja/contiki-ng-cooja.a(serial-line.o)
 *fill*         0x000000000003b008       0x18 
 .data.rel.local
                0x000000000003b020       0x20 build/cooja/contiki-ng-cooja.a(serial-line.o)
                0x000000000003b020                serial_line_process
 .data          0x000000000003b040        0x0 build/cooja/contiki-ng-cooja.a(linkaddr.o)
 .data          0x000000000003b040        0x0 build/cooja/contiki-ng-cooja.a(netstack.o)
 .data.rel.local
                0x000000000003b040        0x8 build/cooja/contiki-ng-cooja.a(netstack.o)
 .data          0x000000000003b048        0x0 build/cooja/contiki-ng-cooja.a(packetbuf.o)
 .data.rel.local
                0x000000000003b048        0x8 build/cooja/contiki-ng-cooja.a(packetbuf.o)
 .data          0x000000000003b050        0x0 build/cooja/contiki-ng-cooja.a(queuebuf.o)
 .data.rel.local
                0x000000000003b050       0x38 build/cooja/contiki-ng-cooja.a(queuebuf.o)
 .data          0x000000000003b088        0x0 build/cooja/contiki-ng-cooja.a(printf.o)
 *fill*         0x000000000003b088        0x8 
 .data.rel.local
                0x000000000003b090       0x10 build/cooja/contiki-ng-cooja.a(printf.o)
 .data          0x000000000003b0a0        0x0 build/cooja/contiki-ng-cooja.a(putchar.o)
 .data          0x000000000003b0a0        0x0 build/cooja/contiki-ng-cooja.a(puts.o)
 .data          0x000000000003b0a0        0x0 build/cooja/contiki-ng-cooja.a(snprintf.o)
 .data          0x000000000003b0a0        0x0 build/cooja/contiki-ng-cooja.a(strformat.o)
 .data          0x000000000003b0a0        0x0 build/cooja/contiki-ng-cooja.a(csma.o)
 .data          0x000000000003b0a0        0x0 build/cooja/contiki-ng-cooja.a(psock.o)
 .data          0x000000000003b0a0        0x0 build/cooja/contiki-ng-cooja.a(sicslowpan.o)
 .data          0x000000000003b0a0        0x0 build/cooja/contiki-ng-cooja.a(tcpip.o)
 .data.rel.local
                0x000000000003b0a0       0x20 build/cooja/contiki-ng-cooja.a(tcpip.o)
                0x000000000003b0a0                tcpip_process
 .data          0x000000000003b0c0        0x0 build/cooja/contiki-ng-cooja.a(uip-ds6-nbr.o)
 .data.rel.local
                0x000000000003b0c0       0x20 build/cooja/contiki-ng-cooja.a(uip-ds6-nbr.o)
 .data          0x000000000003b0e0        0x0 build/cooja/contiki-ng-cooja.a(uip-ds6-route.o)
 .data.rel.local
                0x000000000003b0e0       0x28 build/cooja/contiki-ng-cooja.a(uip-ds6-route.o)
 .data          0x000000000003b108        0x0 build/cooja/contiki-ng-cooja.a(uip-ds6.o)
 .data          0x000000000003b108        0x0 build/cooja/contiki-ng-cooja.a(uip-icmp6.o)
 *fill*         0x000000000003b108        0x8 
 .data.rel.local
                0x000000000003b110       0x48 build/cooja/contiki-ng-cooja.a(uip-icmp6.o)
 .data          0x000000000003b158        0x0 build/cooja/contiki-ng-cooja.a(uip-packetqueue.o)
 *fill*         0x000000000003b158        0x8 
 .data.rel.local
                0x000000000003b160       0x18 build/cooja/contiki-ng-cooja.a(uip-packetqueue.o)
 .data          0x000000000003b178        0x0 build/cooja/contiki-ng-cooja.a(uip-sr.o)
 *fill*         0x000000000003b178        0x8 
 .data.rel.local
                0x000000000003b180       0x28 build/cooja/contiki-ng-cooja.a(uip-sr.o)
 .data          0x000000000003b1a8        0x0 build/cooja/contiki-ng-cooja.a(uip6.o)
 .data          0x000000000003b1a8        0x0 build/cooja/contiki-ng-cooja.a(uipbuf.o)
 .data          0x000000000003b1a8        0x0 build/cooja/contiki-ng-cooja.a(uiplib.o)
 .data          0x000000000003b1a8        0x0 build/cooja/contiki-ng-cooja.a(rpl.o)
 .data          0x000000000003b1a8        0x0 build/cooja/contiki-ng-cooja.a(slip-bridge.o)
 .data          0x000000000003b1a8        0x0 build/cooja/contiki-ng-cooja.a(watchdog.o)
 .data          0x000000000003b1a8        0x0 build/cooja/contiki-ng-cooja.a(int-master.o)
 .data          0x000000000003b1a8        0x0 build/cooja/contiki-ng-cooja.a(slip-arch.o)
 .data          0x000000000003b1a8        0x0 build/cooja/contiki-ng-cooja.a(httpd-simple.o)
 *fill*         0x000000000003b1a8        0x8 
 .data.rel.local
                0x000000000003b1b0       0x20 build/cooja/contiki-ng-cooja.a(httpd-simple.o)
 .data          0x000000000003b1d0        0x0 build/cooja/contiki-ng-cooja.a(rpl-border-router.o)
 .data          0x000000000003b1d0        0x0 build/cooja/contiki-ng-cooja.a(stimer.o)
 .data          0x000000000003b1d0        0x0 build/cooja/contiki-ng-cooja.a(memb.o)
 .data          0x000000000003b1d0        0x0 build/cooja/contiki-ng-cooja.a(ringbuf.o)
 .data          0x000000000003b1d0        0x0 build/cooja/contiki-ng-cooja.a(slip.o)
 *fill*         0x000000000003b1d0       0x10 
 .data.rel.local
                0x000000000003b1e0       0x20 build/cooja/contiki-ng-cooja.a(slip.o)
                0x000000000003b1e0                slip_process
 .data          0x000000000003b200        0x0 build/cooja/contiki-ng-cooja.a(link-stats.o)
 .data.rel.local
                0x000000000003b200       0x20 build/cooja/contiki-ng-cooja.a(link-stats.o)
 .data          0x000000000003b220        0x0 build/cooja/contiki-ng-cooja.a(nbr-table.o)
 .data.rel.local
                0x000000000003b220       0x20 build/cooja/contiki-ng-cooja.a(nbr-table.o)
 .data          0x000000000003b240        0x0 build/cooja/contiki-ng-cooja.a(mac-sequence.o)
 .data          0x000000000003b240        0x0 build/cooja/contiki-ng-cooja.a(framer-802154.o)
 .data          0x000000000003b240        0x0 build/cooja/contiki-ng-cooja.a(csma-output.o)
 .data.rel.local
                0x000000000003b240       0x60 build/cooja/contiki-ng-cooja.a(csma-output.o)
 .data          0x000000000003b2a0        0x0 build/cooja/contiki-ng-cooja.a(csma-security.o)
 .data          0x000000000003b2a0        0x0 build/cooja/contiki-ng-cooja.a(uip-nd6.o)
 .data.rel.local
                0x000000000003b2a0       0x18 build/cooja/contiki-ng-cooja.a(uip-nd6.o)
 .data          0x000000000003b2b8        0x0 build/cooja/contiki-ng-cooja.a(rpl-dag-root.o)
 .data          0x000000000003b2b8        0x0 build/cooja/contiki-ng-cooja.a(rpl-dag.o)
 .data          0x000000000003b2b8        0x0 build/cooja/contiki-ng-cooja.a(rpl-ext-header.o)
 .data          0x000000000003b2b8        0x0 build/cooja/contiki-ng-cooja.a(rpl-icmp6.o)
 *fill*         0x000000000003b2b8        0x8 
 .data.rel.local
                0x000000000003b2c0       0x78 build/cooja/contiki-ng-cooja.a(rpl-icmp6.o)
 .data          0x000000000003b338        0x0 build/cooja/contiki-ng-cooja.a(rpl-mrhof.o)
 *fill*         0x000000000003b338        0x8 
 .data.rel.local
                0x000000000003b340       0x48 build/cooja/contiki-ng-cooja.a(rpl-mrhof.o)
                0x000000000003b340                rpl_mrhof
 .data          0x000000000003b388        0x0 build/cooja/contiki-ng-cooja.a(rpl-nbr-policy.o)
 .data          0x000000000003b388        0x0 build/cooja/contiki-ng-cooja.a(rpl-neighbor.o)
 *fill*         0x000000000003b388        0x8 
 .data.rel.local
                0x000000000003b390       0x20 build/cooja/contiki-ng-cooja.a(rpl-neighbor.o)
                0x000000000003b3a8                rpl_neighbors
 .data          0x000000000003b3b0        0x0 build/cooja/contiki-ng-cooja.a(rpl-timers.o)
 .data          0x000000000003b3b0        0x0 build/cooja/contiki-ng-cooja.a(border-router-embedded.o)
 *fill*         0x000000000003b3b0       0x10 
 .data.rel.local
                0x000000000003b3c0       0x20 build/cooja/contiki-ng-cooja.a(border-router-embedded.o)
                0x000000000003b3c0                border_router_process
 .data          0x000000000003b3e0        0x0 build/cooja/contiki-ng-cooja.a(assert.o)
 .data          0x000000000003b3e0        0x0 build/cooja/contiki-ng-cooja.a(mac.o)
 .data          0x000000000003b3e0        0x2 build/cooja/contiki-ng-cooja.a(frame802154.o)
 .data          0x000000000003b3e2        0x0 /usr/lib/gcc/x86_64-linux-gnu/11/crtendS.o
 .data          0x000000000003b3e2        0x0 /usr/lib/gcc/x86_64-linux-gnu/11/../../../x86_64-linux-gnu/crtn.o

.tm_clone_table
                0x000000000003b3e8        0x0
 .tm_clone_table
                0x000000000003b3e8        0x0 /usr/lib/gcc/x86_64-linux-gnu/11/crtbeginS.o
 .tm_clone_table
                0x000000000003b3e8        0x0 /usr/lib/gcc/x86_64-linux-gnu/11/crtendS.o

.data1
 *(.data1)
                [!provide]                        PROVIDE (_edata = .)
                [!provide]                        PROVIDE (edata = .)
                0x000000000003b3e8                . = .
                [!provide]                        PROVIDE (__bss_start = .)

.bss            0x000000000003b400    0x17ee0
 *(.dynbss)
 .dynbss        0x000000000003b400        0x0 /usr/lib/gcc/x86_64-linux-gnu/11/../../../x86_64-linux-gnu/crti.o
 *(.bss .bss.* .gnu.linkonce.b.*)
 .bss           0x000000000003b400        0x0 /usr/lib/gcc/x86_64-linux-gnu/11/../../../x86_64-linux-gnu/crti.o
 .bss           0x000000000003b400        0x1 /usr/lib/gcc/x86_64-linux-gnu/11/crtbeginS.o
 .bss           0x000000000003b401        0x0 border-router.o
 *fill*         0x000000000003b401       0x1f 
 .bss           0x000000000003b420     0x4060 build/cooja/mtype206144309.o
                0x000000000003b420                sensors_flags
                0x000000000003b428                referenceVar
 .bss           0x000000000003f480       0x18 build/cooja/contiki-ng-cooja.a(simEnvChange.o)
                0x000000000003f480                simDontFallAsleep
                0x000000000003f484                simProcessRunValue
                0x000000000003f488                simEtimerPending
                0x000000000003f490                simEtimerNextExpirationTime
 .bss           0x000000000003f498        0x8 build/cooja/contiki-ng-cooja.a(cooja_mt.o)
 .bss           0x000000000003f4a0        0x8 build/cooja/contiki-ng-cooja.a(cooja_mtarch.o)
 .bss           0x000000000003f4a8       0x18 build/cooja/contiki-ng-cooja.a(rtimer-arch.o)
                0x000000000003f4a8                simRtimerPending
                0x000000000003f4b0                simRtimerNextExpirationTime
                0x000000000003f4b8                simRtimerCurrentTicks
 .bss           0x000000000003f4c0        0x1 build/cooja/contiki-ng-cooja.a(beep.o)
                0x000000000003f4c0                simBeeped
 .bss           0x000000000003f4c1        0x1 build/cooja/contiki-ng-cooja.a(leds-arch.o)
                0x000000000003f4c1                simLedsValue
 *fill*         0x000000000003f4c2        0x2 
 .bss           0x000000000003f4c4        0xc build/cooja/contiki-ng-cooja.a(moteid.o)
                0x000000000003f4c4                simMoteID
                0x000000000003f4c8                simMoteIDChanged
                0x000000000003f4cc                simRandomSeed
 .bss           0x000000000003f4d0        0x3 build/cooja/contiki-ng-cooja.a(pir-sensor.o)
                0x000000000003f4d0                simPirChanged
                0x000000000003f4d1                simPirIsActive
                0x000000000003f4d2                simPirValue
 *fill*         0x000000000003f4d3        0xd 
 .bss           0x000000000003f4e0      0x810 build/cooja/contiki-ng-cooja.a(rs232.o)
                0x000000000003f4e0                simSerialReceivingData
                0x000000000003fce0                simSerialReceivingLength
                0x000000000003fce4                simSerialReceivingFlag
 .bss           0x000000000003fcf0        0x3 build/cooja/contiki-ng-cooja.a(vib-sensor.o)
                0x000000000003fcf0                simVibChanged